I/ActivityManager(   67): Start proc com.android.inputmethod.latin for backup com.android.inputmethod.latin/.BackupAgent: pid=409 uid=10023 gids={}
D/installd(   34): DexInv: --- BEGIN '/system/app/LatinIME.apk' ---
I/APP     (  360): I 06/12/2011 10:10:44:818 0015bea8         AppCallbacks| ThreadQueue blocked for 300 seconds...
D/BackupManagerService(   67): awaiting agent for ApplicationInfo{40709c28 com.android.inputmethod.latin}
D/dalvikvm(  418): DexOpt: load 656ms, verify+opt 2599ms
D/installd(   34): DexInv: --- END '/system/app/LatinIME.apk' (success) ---
D/BackupManagerService(   67): agentConnected pkg=com.android.inputmethod.latin agent=android.os.BinderProxy@40cb0608
D/BackupHelperDispatcher(  409): handling new helper 'shared_pref'
D/dalvikvm(  187): GC_EXPLICIT freed 268K, 6% free 6740K/7111K, paused 928ms+10ms
D/PerformBackupThread(   67): starting agent for backup of BackupRequest{app=ApplicationInfo{406e1e90 com.android.providers.settings} full=false}
D/BackupManagerService(   67): awaiting agent for ApplicationInfo{406e1e90 com.android.providers.settings}
D/BackupManagerService(   67): agentConnected pkg=com.android.providers.settings agent=android.app.backup.BackupAgent$BackupServiceBinder@40cb24d8
I/BrowserSettings(  395): Selected search engine: ActivitySearchEngine{android.app.SearchableInfo@4067d7f8}
V/LocalTransport(   67): performBackup() pkg=com.android.providers.settings
V/LocalTransport(   67): Got change set key=system size=836 key64=c3lzdGVt
V/LocalTransport(   67):   data size 836
V/LocalTransport(   67): Got change set key=secure size=302 key64=c2VjdXJl
V/LocalTransport(   67):   data size 302
V/LocalTransport(   67): Got change set key=locale size=5 key64=bG9jYWxl
V/LocalTransport(   67):   data size 5
V/LocalTransport(   67): finishBackup()
V/LocalTransport(   67): finishBackup()
D/dalvikvm(  297): GC_EXPLICIT freed <1K, 6% free 7019K/7431K, paused 10ms+10ms
D/dalvikvm(  297): GC_EXPLICIT freed <1K, 6% free 7019K/7431K, paused 12ms+9ms
D/dalvikvm(  297): GC_EXPLICIT freed <1K, 6% free 7019K/7431K, paused 13ms+16ms
D/dalvikvm(  297): GC_EXPLICIT freed <1K, 6% free 7019K/7431K, paused 5ms+10ms
D/dalvikvm(  297): GC_EXPLICIT freed <1K, 6% free 7019K/7431K, paused 5ms+5ms
D/dalvikvm(   67): GC_CONCURRENT freed 1651K, 52% free 13368K/27527K, paused 14ms+11ms
D/dalvikvm(  297): GC_EXPLICIT freed <1K, 6% free 7019K/7431K, paused 11ms+8ms
D/dalvikvm(  297): GC_EXPLICIT freed <1K, 6% free 7019K/7431K, paused 6ms+8ms
D/SntpClient(   67): request time failed: java.net.SocketException: Address family not supported by protocol
D/dalvikvm(  297): GC_EXPLICIT freed <1K, 6% free 7019K/7431K, paused 8ms+6ms
D/dalvikvm(  297): GC_EXPLICIT freed <1K, 6% free 7019K/7431K, paused 11ms+5ms
D/dalvikvm(  297): GC_EXPLICIT freed <1K, 6% free 7019K/7431K, paused 6ms+7ms
I/APP     (  360): I 06/12/2011 10:15:44:987 0015bea8         AppCallbacks| ThreadQueue blocked for 300 seconds...
D/dalvikvm(  297): GC_EXPLICIT freed <1K, 6% free 7019K/7431K, paused 8ms+5ms
I/dalvikvm(  114): Jit: resizing JitTable from 512 to 1024
D/dalvikvm(  297): GC_EXPLICIT freed <1K, 6% free 7019K/7431K, paused 11ms+15ms
D/dalvikvm(  297): GC_EXPLICIT freed <1K, 6% free 7019K/7431K, paused 8ms+11ms
D/dalvikvm(  297): GC_EXPLICIT freed <1K, 6% free 7019K/7431K, paused 11ms+5ms
D/dalvikvm(  297): GC_EXPLICIT freed <1K, 6% free 7019K/7431K, paused 7ms+7ms
D/dalvikvm(  297): GC_EXPLICIT freed <1K, 6% free 7019K/7431K, paused 6ms+8ms
D/dalvikvm(  297): GC_EXPLICIT freed <1K, 6% free 7019K/7431K, paused 11ms+10ms
D/SntpClient(   67): request time failed: java.net.SocketException: Address family not supported by protocol
D/dalvikvm(  297): GC_EXPLICIT freed <1K, 6% free 7019K/7431K, paused 11ms+7ms
D/dalvikvm(  297): GC_EXPLICIT freed <1K, 6% free 7019K/7431K, paused 7ms+5ms
D/dalvikvm(  297): GC_EXPLICIT freed <1K, 6% free 7019K/7431K, paused 12ms+4ms
I/APP     (  360): I 06/12/2011 10:20:44:994 0015bea8         AppCallbacks| ThreadQueue blocked for 300 seconds...
D/dalvikvm(  297): GC_EXPLICIT freed <1K, 6% free 7019K/7431K, paused 11ms+8ms
I/dalvikvm(  297): Jit: resizing JitTable from 1024 to 2048
D/dalvikvm(  297): GC_EXPLICIT freed <1K, 6% free 7019K/7431K, paused 6ms+4ms
D/dalvikvm(  297): GC_EXPLICIT freed <1K, 6% free 7019K/7431K, paused 11ms+8ms
D/dalvikvm(  297): GC_EXPLICIT freed <1K, 6% free 7019K/7431K, paused 11ms+6ms
D/dalvikvm(  297): GC_EXPLICIT freed <1K, 6% free 7019K/7431K, paused 5ms+13ms
D/dalvikvm(  297): GC_EXPLICIT freed <1K, 6% free 7019K/7431K, paused 9ms+10ms
D/dalvikvm(  360): GC_CONCURRENT freed 558K, 9% free 8233K/9031K, paused 11ms+5ms
D/dalvikvm(  297): GC_EXPLICIT freed <1K, 6% free 7019K/7431K, paused 12ms+6ms
D/SntpClient(   67): request time failed: java.net.SocketException: Address family not supported by protocol
D/dalvikvm(  297): GC_EXPLICIT freed <1K, 6% free 7019K/7431K, paused 11ms+5ms
D/dalvikvm(  297): GC_EXPLICIT freed <1K, 6% free 7019K/7431K, paused 6ms+7ms
D/dalvikvm(  297): GC_EXPLICIT freed <1K, 6% free 7019K/7431K, paused 7ms+5ms
I/APP     (  360): I 06/12/2011 10:25:44:999 0015bea8         AppCallbacks| ThreadQueue blocked for 300 seconds...
D/dalvikvm(  297): GC_EXPLICIT freed <1K, 6% free 7019K/7431K, paused 5ms+6ms
D/dalvikvm(  297): GC_EXPLICIT freed <1K, 6% free 7019K/7431K, paused 5ms+12ms
D/dalvikvm(  297): GC_EXPLICIT freed <1K, 6% free 7019K/7431K, paused 10ms+6ms
D/dalvikvm(  297): GC_EXPLICIT freed <1K, 6% free 7019K/7431K, paused 11ms+6ms
D/dalvikvm(  297): GC_EXPLICIT freed <1K, 6% free 7019K/7431K, paused 7ms+4ms
D/dalvikvm(  297): GC_EXPLICIT freed <1K, 6% free 7019K/7431K, paused 11ms+6ms
D/dalvikvm(  297): GC_EXPLICIT freed <1K, 6% free 7019K/7431K, paused 14ms+9ms
D/SntpClient(   67): request time failed: java.net.SocketException: Address family not supported by protocol
D/dalvikvm(  297): GC_EXPLICIT freed <1K, 6% free 7019K/7431K, paused 6ms+7ms
D/dalvikvm(  297): GC_EXPLICIT freed <1K, 6% free 7019K/7431K, paused 6ms+6ms
D/dalvikvm(  297): GC_EXPLICIT freed <1K, 6% free 7019K/7431K, paused 12ms+5ms
I/APP     (  360): I 06/12/2011 10:30:45:004 0015bea8         AppCallbacks| ThreadQueue blocked for 300 seconds...
D/dalvikvm(  297): GC_EXPLICIT freed <1K, 6% free 7019K/7431K, paused 6ms+5ms
D/dalvikvm(  297): GC_EXPLICIT freed <1K, 6% free 7019K/7431K, paused 6ms+5ms
D/dalvikvm(  297): GC_EXPLICIT freed <1K, 6% free 7019K/7431K, paused 10ms+8ms
D/dalvikvm(  297): GC_EXPLICIT freed <1K, 6% free 7019K/7431K, paused 8ms+6ms
D/dalvikvm(  297): GC_EXPLICIT freed <1K, 6% free 7019K/7431K, paused 12ms+5ms
D/dalvikvm(  297): GC_EXPLICIT freed <1K, 6% free 7019K/7431K, paused 12ms+6ms
D/dalvikvm(  297): GC_EXPLICIT freed <1K, 6% free 7019K/7431K, paused 9ms+4ms
D/SntpClient(   67): request time failed: java.net.SocketException: Address family not supported by protocol
D/dalvikvm(  297): GC_EXPLICIT freed <1K, 6% free 7019K/7431K, paused 12ms+5ms
D/dalvikvm(  297): GC_EXPLICIT freed <1K, 6% free 7019K/7431K, paused 11ms+9ms
D/dalvikvm(  297): GC_EXPLICIT freed <1K, 6% free 7019K/7431K, paused 7ms+5ms
I/APP     (  360): I 06/12/2011 10:35:45:009 0015bea8         AppCallbacks| ThreadQueue blocked for 300 seconds...
D/dalvikvm(  297): GC_EXPLICIT freed <1K, 6% free 7019K/7431K, paused 6ms+4ms
D/dalvikvm(  297): GC_EXPLICIT freed <1K, 6% free 7019K/7431K, paused 11ms+5ms
D/dalvikvm(  297): GC_EXPLICIT freed <1K, 6% free 7019K/7431K, paused 7ms+10ms
D/dalvikvm(  297): GC_EXPLICIT freed <1K, 6% free 7019K/7431K, paused 5ms+7ms
D/dalvikvm(  297): GC_EXPLICIT freed <1K, 6% free 7019K/7431K, paused 7ms+7ms
D/dalvikvm(  297): GC_EXPLICIT freed <1K, 6% free 7019K/7431K, paused 10ms+5ms
D/dalvikvm(  297): GC_EXPLICIT freed <1K, 6% free 7019K/7431K, paused 11ms+8ms
D/SntpClient(   67): request time failed: java.net.SocketException: Address family not supported by protocol
D/dalvikvm(  297): GC_EXPLICIT freed <1K, 6% free 7019K/7431K, paused 11ms+4ms
D/dalvikvm(  297): GC_EXPLICIT freed <1K, 6% free 7019K/7431K, paused 19ms+6ms
D/dalvikvm(  297): GC_EXPLICIT freed <1K, 6% free 7019K/7431K, paused 11ms+5ms
I/APP     (  360): I 06/12/2011 10:40:45:015 0015bea8         AppCallbacks| ThreadQueue blocked for 300 seconds...
D/dalvikvm(  297): GC_EXPLICIT freed <1K, 6% free 7019K/7431K, paused 11ms+4ms
D/dalvikvm(  297): GC_EXPLICIT freed 12K, 6% free 7025K/7431K, paused 11ms+4ms
D/dalvikvm(  297): GC_EXPLICIT freed <1K, 6% free 7025K/7431K, paused 11ms+7ms
D/dalvikvm(  297): GC_EXPLICIT freed <1K, 6% free 7025K/7431K, paused 9ms+5ms
D/dalvikvm(  297): GC_EXPLICIT freed <1K, 6% free 7025K/7431K, paused 6ms+5ms
D/dalvikvm(  297): GC_EXPLICIT freed <1K, 6% free 7025K/7431K, paused 34ms+30ms
D/dalvikvm(  297): GC_EXPLICIT freed <1K, 6% free 7025K/7431K, paused 9ms+11ms
D/dalvikvm(  360): GC_CONCURRENT freed 558K, 9% free 8233K/9031K, paused 8ms+5ms
D/AndroidRuntime(  425): 
D/AndroidRuntime(  425): >>>>>> AndroidRuntime START com.android.internal.os.RuntimeInit <<<<<<
D/AndroidRuntime(  425): CheckJNI is ON
D/AndroidRuntime(  425): Calling main entry com.android.commands.pm.Pm
D/SntpClient(   67): request time failed: java.net.SocketException: Address family not supported by protocol
D/dalvikvm(  299): GC_EXPLICIT freed 15K, 6% free 6199K/6531K, paused 8ms+7ms
W/ActivityManager(   67): No content provider found for: 
W/ActivityManager(   67): No content provider found for: 
D/PackageParser(   67): Scanning package: /data/app/vmdl622803158.tmp
D/dalvikvm(   67): GC_CONCURRENT freed 1452K, 51% free 13593K/27527K, paused 12ms+12ms
D/dalvikvm(   67): GC_CONCURRENT freed 1696K, 51% free 13634K/27527K, paused 13ms+51ms
D/PackageManager(   67): Scanning package com.rhomobile.allosante
I/PackageManager(   67): Unpacking native libraries for /data/app/com.rhomobile.allosante-1.apk
D/installd(   34): DexInv: --- BEGIN '/data/app/com.rhomobile.allosante-1.apk' ---
D/dalvikvm(  297): GC_EXPLICIT freed <1K, 6% free 7025K/7431K, paused 6ms+49ms
D/dalvikvm(  434): DexOpt: load 574ms, verify+opt 2747ms
D/installd(   34): DexInv: --- END '/data/app/com.rhomobile.allosante-1.apk' (success) ---
I/ActivityManager(   67): Force stopping package com.rhomobile.allosante uid=10036
D/PackageManager(   67): Registered content provider: com.rhomobile.allosante, className = com.rhomobile.rhodes.LocalFileProvider, isSyncable = false
D/PackageManager(   67):   Providers: com.rhomobile.rhodes.LocalFileProvider
D/PackageManager(   67):   Services: com.rhomobile.rhodes.RhodesService
D/PackageManager(   67):   Activities: com.rhomobile.rhodes.RhodesActivity com.rhomobile.rhodes.alert.PopupActivity com.rhomobile.rhodes.camera.FileList com.rhomobile.rhodes.camera.ImageCapture com.rhomobile.rhodes.signature.ImageCapture com.rhomobile.rhodes.datetime.DateTimePickerScreen com.rhomobile.rhodes.mapview.MapView com.rhomobile.rhodes.mapview.GoogleMapView com.rhomobile.rhodes.bluetooth.RhoBluetoothDeviceListActivity
I/installd(   34): move /data/dalvik-cache/data@app@com.rhomobile.allosante-1.apk@classes.dex -> /data/dalvik-cache/data@app@com.rhomobile.allosante-1.apk@classes.dex
D/PackageManager(   67): New package installed in /data/app/com.rhomobile.allosante-1.apk
D/PackageManager(   67): generateServicesMap(android.accounts.AccountAuthenticator): 2 services unchanged
D/PackageManager(   67): generateServicesMap(android.content.SyncAdapter): 4 services unchanged
W/RecognitionManagerService(   67): no available voice recognition services found
I/QSB.SuggestionsProviderImpl(  297): chars:0,corpora:[web]
I/QSB.SuggestionsProviderImpl(  297): chars:0,corpora:[web]
I/AccountTypeManager(  187): Loaded meta-data for 1 account types, 0 accounts in 23ms
D/dalvikvm(  132): GC_EXPLICIT freed 39K, 12% free 14145K/16007K, paused 14ms+10ms
I/Launcher(  132): setLoadOnResume
D/dalvikvm(  132): GC_FOR_ALLOC freed 595K, 14% free 13802K/16007K, paused 180ms
I/dalvikvm-heap(  132): Grow heap (frag case) to 13.972MB for 411152-byte allocation
D/dalvikvm(  132): GC_FOR_ALLOC freed 8K, 14% free 14195K/16455K, paused 352ms
D/dalvikvm(  132): GC_FOR_ALLOC freed 579K, 16% free 13955K/16455K, paused 178ms
D/dalvikvm(   67): GC_EXPLICIT freed 828K, 51% free 13707K/27527K, paused 262ms+55ms
D/AndroidRuntime(  425): Shutting down VM
D/dalvikvm(  425): GC_CONCURRENT freed 108K, 85% free 325K/2048K, paused 4ms+2ms
D/jdwp    (  425): adbd disconnected
D/AndroidRuntime(  439): 
D/AndroidRuntime(  439): >>>>>> AndroidRuntime START com.android.internal.os.RuntimeInit <<<<<<
D/AndroidRuntime(  439): CheckJNI is ON
D/AndroidRuntime(  439): Calling main entry com.android.commands.am.Am
I/ActivityManager(   67): Starting: Intent { act=android.intent.action.MAIN flg=0x10000000 cmp=com.rhomobile.allosante/com.rhomobile.rhodes.RhodesActivity } from pid 439
W/WindowManager(   67): Failure taking screenshot for (216x135) to layer 21020
D/AndroidRuntime(  439): Shutting down VM
I/AndroidRuntime(  439): NOTE: attach of thread 'Binder Thread #4' failed
I/ActivityManager(   67): Start proc com.rhomobile.allosante for activity com.rhomobile.allosante/com.rhomobile.rhodes.RhodesActivity: pid=450 uid=10036 gids={3003}
D/dalvikvm(  439): GC_CONCURRENT freed 109K, 83% free 352K/2048K, paused 3ms+30ms
D/jdwp    (  439): adbd disconnected
W/ResourceType(   67): Skipping entry 0x7f050002 in package table 0 because it is not complex!
W/ResourceType(   67): Skipping entry 0x7f050003 in package table 0 because it is not complex!
D/TabletStatusBar(  114): lights on
D/dalvikvm(  450): Trying to load lib /data/data/com.rhomobile.allosante/lib/librhodes.so 0x40635048
D/dalvikvm(  450): Added shared lib /data/data/com.rhomobile.allosante/lib/librhodes.so 0x40635048
I/ActivityThread(  450): Pub com.rhomobile.allosante: com.rhomobile.rhodes.LocalFileProvider
D/dalvikvm(  450): GC_FOR_ALLOC freed 80K, 4% free 6271K/6531K, paused 135ms
I/dalvikvm-heap(  450): Grow heap (frag case) to 7.386MB for 1228816-byte allocation
D/dalvikvm(  450): GC_FOR_ALLOC freed <1K, 4% free 7471K/7751K, paused 100ms
D/dalvikvm(  450): GC_CONCURRENT freed <1K, 4% free 7471K/7751K, paused 8ms+14ms
I/RhodesActivity(  450): >>>>>>>>>>>>>>> onCreate()
D/RhodesActivity(  450): RhodesActivity.onStart()
D/RhodesActivity(  450): RhodesActivity.onResume()
D/dalvikvm(   67): GREF has increased to 401
D/RhodesService(  450): Root path: /data/data/com.rhomobile.allosante/rhodata/
D/RhodesService(  450): Sqlite journals path: /data/data/com.rhomobile.allosante/sqlite_stmt_journals/
I/RhodesService(  450): Application hash was changed
W/ActivityManager(   67): No content provider found for: 
D/RhodesService(  450): Root path: /data/data/com.rhomobile.allosante/rhodata/
D/RhodesService(  450): Sqlite journals path: /data/data/com.rhomobile.allosante/sqlite_stmt_journals/
I/APP     (  450): I 06/12/2011 10:44:59:737 aff4d470            RhodesApp| Trying to get free listening port.
I/APP     (  450): I 06/12/2011 10:44:59:750 0015bcc0         AppCallbacks| Starting main routine...
I/APP     (  450): I 06/12/2011 10:44:59:764 0015bcc0         AppCallbacks| ThreadQueue blocked for 300 seconds...
I/APP     (  450): I 06/12/2011 10:44:59:786 aff4d470            RhodesApp| Trying to bind of 0 port...
I/APP     (  450): I 06/12/2011 10:44:59:790 aff4d470            RhodesApp| Got port to bind on: 50312
I/APP     (  450): I 06/12/2011 10:44:59:801 aff4d470            RhodesApp| Free listening port: 50312
I/APP     (  450): I 06/12/2011 10:45:00:112 aff4d470               Rhodes| Loading...
D/dalvikvm(  450): GC_FOR_ALLOC freed 241K, 5% free 7573K/7943K, paused 122ms
I/dalvikvm-heap(  450): Grow heap (frag case) to 7.975MB for 513744-byte allocation
D/dalvikvm(  450): GC_FOR_ALLOC freed 3K, 5% free 8072K/8455K, paused 96ms
D/dalvikvm(  450): GC_CONCURRENT freed 1K, 5% free 8070K/8455K, paused 7ms+4ms
I/APP     (  450): I 06/12/2011 10:45:01:251 aff4d470            RhodesApp| callAppActiveCallback
I/APP     (  450): I 06/12/2011 10:45:01:297 aff4d470         AppCallbacks| addCommand: APP-ACTIVATED
I/APP     (  450): I 06/12/2011 10:45:01:274 0017bfb8            RhodesApp| Starting RhodesApp main routine...
I/APP     (  450): I 06/12/2011 10:45:01:328 0015bcc0         AppCallbacks| Received command APP-ACTIVATED which is greater than expected (LOCAL-SERVER-STARTED) - postpone it
I/APP     (  450): I 06/12/2011 10:45:01:330 0015bcc0         AppCallbacks| ThreadQueue blocked for 300 seconds...
I/APP     (  450): I 06/12/2011 10:45:01:350 aff4d470         AppActivated| Cannot commit now, application will be activated when started.
I/APP     (  450): I 06/12/2011 10:45:01:357 aff4d470            Undefined| Handlers have completed.
I/APP     (  450): I 06/12/2011 10:45:01:402 aff4d470    RhodesApplication| New AppState: Undefined
I/APP     (  450): I 06/12/2011 10:45:01:460 aff4d470        RhodesService| handleCommand: startId=1, source=com.rhomobile.rhodes.BaseActivity
I/APP     (  450): I 06/12/2011 10:45:01:497 aff4d470        RhodesService| New activity was created
I/APP     (  450): I 06/12/2011 10:45:01:672 aff4d470         AppCallbacks| addCommand: UI-CREATED
I/APP     (  450): I 06/12/2011 10:45:01:707 0015bcc0         AppCallbacks| Received command UI-CREATED which is greater than expected (LOCAL-SERVER-STARTED) - postpone it
I/APP     (  450): I 06/12/2011 10:45:01:709 0015bcc0         AppCallbacks| ThreadQueue blocked for 300 seconds...
V/TLINE   (  450): new: android.text.TextLine@407b4588
I/APP     (  450): I 06/12/2011 10:45:02:428 aff4d470       RhodesActivity| onServiceConnected: {com.rhomobile.allosante/com.rhomobile.rhodes.RhodesService}
I/APP     (  450): I 06/12/2011 10:45:02:921 0017bfb8              RhoRuby| Init_RhoBlobs: /data/data/com.rhomobile.allosante/rhodata/db/db-files
I/APP     (  450): I 06/12/2011 10:45:03:032 0017bfb8              RhoRuby| require_compiled: rhoframework
I/APP     (  450): I 06/12/2011 10:45:03:144 0017bfb8              RhoRuby| require_compiled: rational
I/APP     (  450): I 06/12/2011 10:45:03:182 0017bfb8              RhoRuby| require_compiled: rhom/rhom_db_adapter
I/APP     (  450): I 06/12/2011 10:45:03:373 0017bfb8              RhoRuby| require_compiled: rhodes
I/APP     (  450): I 06/12/2011 10:45:03:403 0017bfb8              RhoRuby| require_compiled: rhom/rhom_object
I/ActivityManager(   67): Displayed com.rhomobile.allosante/com.rhomobile.rhodes.RhodesActivity: +15s362ms
D/Tablet/NotificationPanel(  114): notificationCount=0
I/APP     (  450): I 06/12/2011 10:45:03:702 0017bfb8              RhoRuby| require_compiled: rhofsconnector
D/Tablet/NotificationPanel(  114): notificationCount=0
I/APP     (  450): I 06/12/2011 10:45:03:754 0017bfb8              RhoRuby| require_compiled: rho/rhofsconnector
I/APP     (  450): I 06/12/2011 10:45:04:100 0017bfb8              RhoRuby| require_compiled: rhom/rhom_object_factory
D/szipinf (  450): Initializing inflate state
D/szipinf (  450): Initializing zlib to inflate
I/APP     (  450): I 06/12/2011 10:45:05:130 0017bfb8              RhoRuby| require_compiled: rhom/rhom
I/APP     (  450): I 06/12/2011 10:45:05:172 0017bfb8              RhoRuby| require_compiled: rhom/rhom_model
I/APP     (  450): I 06/12/2011 10:45:05:221 0017bfb8              RhoRuby| require_compiled: rhom
I/APP     (  450): I 06/12/2011 10:45:05:233 0017bfb8              RhoRuby| require_compiled: rho/rhoapplication
I/APP     (  450): I 06/12/2011 10:45:05:275 0017bfb8              RhoRuby| require_compiled: rholang/localization_simplified
I/APP     (  450): I 06/12/2011 10:45:05:322 0017bfb8                  APP| Current locale: en; Country code: us
I/APP     (  450): I 06/12/2011 10:45:05:324 0017bfb8                  APP| file: /data/data/com.rhomobile.allosante/rhodata/lib/rholang/lang_
I/APP     (  450): I 06/12/2011 10:45:05:331 0017bfb8              RhoRuby| require_compiled: /data/data/com.rhomobile.allosante/rhodata/lib/rholang/lang_en
I/APP     (  450): I 06/12/2011 10:45:05:360 0017bfb8              RhoRuby| require_compiled: rho/rhomsg
I/APP     (  450): I 06/12/2011 10:45:05:378 0017bfb8                  APP| Current locale: en; Country code: us
I/APP     (  450): I 06/12/2011 10:45:05:380 0017bfb8                  APP| file: /data/data/com.rhomobile.allosante/rhodata/lib/rholang/rhomsg_
I/APP     (  450): I 06/12/2011 10:45:05:385 0017bfb8              RhoRuby| require_compiled: /data/data/com.rhomobile.allosante/rhodata/lib/rholang/rhomsg_en
I/APP     (  450): I 06/12/2011 10:45:05:403 0017bfb8              RhoRuby| require_compiled: rho/rhotabbar
I/APP     (  450): I 06/12/2011 10:45:05:422 0017bfb8              RhoRuby| require_compiled: rho/rhotoolbar
I/APP     (  450): I 06/12/2011 10:45:05:439 0017bfb8              RhoRuby| require_compiled: indifferent_access
I/APP     (  450): I 06/12/2011 10:45:05:484 0017bfb8              RhoRuby| require_compiled: rho/rhosupport
I/APP     (  450): I 06/12/2011 10:45:05:544 0017bfb8              RhoRuby| require_compiled: rho/rhocontroller
I/APP     (  450): I 06/12/2011 10:45:05:589 0017bfb8              RhoRuby| require_compiled: rho/render
I/APP     (  450): I 06/12/2011 10:45:05:656 0017bfb8              RhoRuby| require_compiled: rho/rho
D/szipinf (  450): Initializing inflate state
D/szipinf (  450): Initializing zlib to inflate
I/APP     (  450): I 06/12/2011 10:45:05:946 0017bfb8              RhoRuby| require_compiled: rho/rhoerror
I/APP     (  450): I 06/12/2011 10:45:05:969 0017bfb8                  APP| Current locale: en; Country code: us
I/APP     (  450): I 06/12/2011 10:45:05:970 0017bfb8                  APP| file: /data/data/com.rhomobile.allosante/rhodata/lib/rholang/rhoerror_
I/APP     (  450): I 06/12/2011 10:45:05:975 0017bfb8              RhoRuby| require_compiled: /data/data/com.rhomobile.allosante/rhodata/lib/rholang/rhoerror_en
I/APP     (  450): I 06/12/2011 10:45:05:998 0017bfb8              RhoRuby| require_compiled: rhom/rhom_source
I/APP     (  450): I 06/12/2011 10:45:06:039 0017bfb8              RhoRuby| require_compiled: rho/rhoviewhelpers
I/APP     (  450): I 06/12/2011 10:45:06:074 0017bfb8              RhoRuby| require_compiled: rho
I/APP     (  450): I 06/12/2011 10:45:06:081 0017bfb8                  APP| RHO loaded
I/APP     (  450): I 06/12/2011 10:45:06:085 0017bfb8                  APP| Calling RHO.initialize
I/APP     (  450): I 06/12/2011 10:45:06:101 0017bfb8                   DB| Open DB: /data/data/com.rhomobile.allosante/rhodata/db/syncdbuser.sqlite
I/APP     (  450): I 06/12/2011 10:45:06:321 0017bfb8            RhodesApp| Starting sync engine...
I/APP     (  450): I 06/12/2011 10:45:06:323 0017bfb8                 Sync| sync_poll_interval: 0
I/APP     (  450): I 06/12/2011 10:45:06:327 0017bfb8                 Sync| syncserver: 
I/APP     (  450): I 06/12/2011 10:45:06:333 0017bfb8                 Sync| bulksync_state: 0
I/APP     (  450): I 06/12/2011 10:45:06:334 0017bfb8            RhodesApp| RhoRubyInitApp...
I/APP     (  450): I 06/12/2011 10:45:06:338 0017bfb8                  APP| init_app
I/APP     (  450): I 06/12/2011 10:45:06:344 0017bfb8              RhoRuby| require_compiled: application
I/APP     (  450): I 06/12/2011 10:45:06:367 0017bfb8                  APP| Current locale: en; Country code: us
I/APP     (  450): I 06/12/2011 10:45:06:371 0017bfb8           HttpServer| Start HTTP server
I/APP     (  450): I 06/12/2011 10:45:06:380 0017bfb8         AppCallbacks| addCommand: LOCAL-SERVER-STARTED
I/APP     (  450): I 06/12/2011 10:45:06:382 0015bcc0         AppCallbacks| process command: LOCAL-SERVER-STARTED
I/APP     (  450): I 06/12/2011 10:45:06:391 0015bcc0           AppStarted| Handlers have completed.
I/APP     (  450): I 06/12/2011 10:45:06:395 0015bcc0         AppActivated| Handlers have completed.
I/APP     (  450): I 06/12/2011 10:45:06:398 0015bcc0    RhodesApplication| New AppState: AppActivated
I/APP     (  450): I 06/12/2011 10:45:06:404 0015bcc0         AppCallbacks| process command: UI-CREATED
I/APP     (  450): I 06/12/2011 10:45:06:445 0017bfb8           HttpServer| Process URI: '/system/uicreated'
I/APP     (  450): I 06/12/2011 10:45:06:449 0017bfb8                  APP| on_ui_created.navigate to start url: '/app'
I/APP     (  450): I 06/12/2011 10:45:06:568 0015bcc0         AppCallbacks| process command: APP-ACTIVATED
V/SimpleMainView(  450): ms[1307875506593] processForNativeView : [http://127.0.0.1:50312/app]
V/SimpleMainView.View(  450): ms[1307875506698]  Main Window :: onSizeChanged() old [ 1280 x 727 ]  new [ 0 x 0 ]
I/APP     (  450): I 06/12/2011 10:45:06:727 0017bfb8           HttpServer| Process URI: '/system/activateapp'
I/APP     (  450): I 06/12/2011 10:45:06:754 0015bcc0         AppCallbacks| ThreadQueue blocked for 300 seconds...
I/APP     (  450): I 06/12/2011 10:45:07:194 0017bfb8           HttpServer| Process URI: '/app'
D/dalvikvm(  450): GREF has increased to 201
I/APP     (  450): I 06/12/2011 10:45:07:549 0017bfb8           HttpServer| Process URI: '/app/index_erb.iseq'
I/APP     (  450): I 06/12/2011 10:45:07:558 0017bfb8                  APP| RHO serve_index: /app/index_erb.iseq
I/APP     (  450): I 06/12/2011 10:45:07:584 0017bfb8 RHO Rho::RhoController| inst_render_index
I/APP     (  450): I 06/12/2011 10:45:07:827 0017bfb8 RHO Rho::RhoController| index layout
D/dalvikvm(  450): GC_CONCURRENT freed 418K, 6% free 8257K/8775K, paused 5ms+24ms
I/APP     (  450): I 06/12/2011 10:45:08:831 0017bfb8           HttpServer| Process URI: '/public/jqtouch/jquery.1.3.2.min.js'
I/APP     (  450): I 06/12/2011 10:45:09:013 0017bfb8           HttpServer| Process URI: '/public/jqtouch/jqtouch.js'
I/APP     (  450): I 06/12/2011 10:45:09:219 0017bfb8           HttpServer| Process URI: '/public/jqtouch/jqtouch.css'
I/APP     (  450): I 06/12/2011 10:45:09:335 0017bfb8           HttpServer| Process URI: '/public/css/android.css'
D/dalvikvm(  132): GC_FOR_ALLOC freed 4096K, 33% free 11154K/16455K, paused 22377ms
I/APP     (  450): I 06/12/2011 10:45:11:312 0017bfb8           HttpServer| Process URI: '/public/images/android/disclosure.png'
D/dalvikvm(  336): GC_EXPLICIT freed 61K, 6% free 6196K/6531K, paused 280ms+1579ms
D/dalvikvm(  297): GC_EXPLICIT freed 97K, 6% free 7096K/7495K, paused 4798ms+9ms
D/dalvikvm(  187): GC_EXPLICIT freed 59K, 5% free 6764K/7111K, paused 391ms+34ms
W/InputManagerService(   67): Starting input on non-focused client com.android.internal.view.IInputMethodClient$Stub$Proxy@40af03d8 (uid=10026 pid=297)
D/dalvikvm(  297): GC_EXPLICIT freed 19K, 6% free 7093K/7495K, paused 12ms+24ms
D/dalvikvm(  132): GC_CONCURRENT freed 1054K, 29% free 11685K/16455K, paused 7ms+5ms
D/dalvikvm(  132): GC_EXPLICIT freed 431K, 24% free 12516K/16455K, paused 19ms+7ms
D/dalvikvm(  132): GC_FOR_ALLOC freed 1403K, 22% free 12881K/16455K, paused 143ms
D/dalvikvm(  132): GC_FOR_ALLOC freed 923K, 17% free 13763K/16455K, paused 131ms
I/DEBUG   (   31): debuggerd: Jun 30 2010 14:39:19
I/Vold    (   29): Vold 2.1 (the revenge) firing up
D/Vold    (   29): Volume sdcard state changing -1 (Initializing) -> 0 (No-Media)
I/Netd    (   30): Netd 1.0 starting
D/qemud   (   38): entering main loop
D/qemud   (   38): multiplexer_handle_control: unknown control message (18 bytes): 'ko:unknown command'
D/Vold    (   29): Volume sdcard state changing 0 (No-Media) -> 1 (Idle-Unmounted)
W/Vold    (   29): No UMS switch available
D/qemud   (   38): fdhandler_accept_event: accepting on fd 10
D/qemud   (   38): created client 0xe078 listening on fd 8
D/qemud   (   38): client_fd_receive: attempting registration for service 'boot-properties'
D/qemud   (   38): client_fd_receive:    -> received channel id 1
D/AndroidRuntime(   33): 
D/AndroidRuntime(   33): >>>>>>>>>>>>>> AndroidRuntime START <<<<<<<<<<<<<<
D/AndroidRuntime(   33): CheckJNI is ON
D/qemud   (   38): fdhandler_accept_event: accepting on fd 10
D/qemud   (   38): created client 0x10028 listening on fd 11
D/qemud   (   38): fdhandler_event: disconnect on fd 11
D/qemud   (   38): fdhandler_accept_event: accepting on fd 10
D/qemud   (   38): created client 0x10028 listening on fd 11
D/qemud   (   38): client_fd_receive: attempting registration for service 'gsm'
D/qemud   (   38): client_fd_receive:    -> received channel id 2
I/        (   34): ServiceManager: 0xacd0
D/dalvikvm(   33): DexOpt: --- BEGIN 'core.jar' (bootstrap=1) ---
D/AudioHardwareInterface(   34): setMode(NORMAL)
I/CameraService(   34): CameraService started: pid=34
I/AudioFlinger(   34): AudioFlinger's thread 0xb3f0 ready to run
D/dalvikvm(   55): Ignoring duplicate verify attempt on Ljava/lang/Object;
D/dalvikvm(   55): Ignoring duplicate verify attempt on Ljava/lang/Class;
D/dalvikvm(   55): DexOpt: load 592ms, verify 6001ms, opt 341ms
D/dalvikvm(   33): DexOpt: --- END 'core.jar' (success) ---
D/dalvikvm(   33): DEX prep '/system/framework/core.jar': unzip in 1476ms, rewrite 8304ms
D/dalvikvm(   33): DexOpt: --- BEGIN 'ext.jar' (bootstrap=1) ---
D/dalvikvm(   60): DexOpt: load 74ms, verify 715ms, opt 37ms
D/dalvikvm(   33): DexOpt: --- END 'ext.jar' (success) ---
D/dalvikvm(   33): DEX prep '/system/framework/ext.jar': unzip in 199ms, rewrite 1084ms
D/dalvikvm(   33): DexOpt: --- BEGIN 'framework.jar' (bootstrap=1) ---
D/dalvikvm(   61): Note: class Landroid/opengl/GLWrapperBase; has 211 unimplemented (abstract) methods
D/dalvikvm(   61): DexOpt: load 944ms, verify 8385ms, opt 436ms
D/dalvikvm(   33): DexOpt: --- END 'framework.jar' (success) ---
D/dalvikvm(   33): DEX prep '/system/framework/framework.jar': unzip in 849ms, rewrite 11545ms
D/dalvikvm(   33): DexOpt: --- BEGIN 'android.policy.jar' (bootstrap=1) ---
D/dalvikvm(   69): DexOpt: load 104ms, verify 361ms, opt 13ms
D/dalvikvm(   33): DexOpt: --- END 'android.policy.jar' (success) ---
D/dalvikvm(   33): DEX prep '/system/framework/android.policy.jar': unzip in 26ms, rewrite 667ms
D/dalvikvm(   33): DexOpt: --- BEGIN 'services.jar' (bootstrap=1) ---
D/dalvikvm(   70): DexOpt: load 235ms, verify 2689ms, opt 117ms
D/dalvikvm(   33): DexOpt: --- END 'services.jar' (success) ---
D/dalvikvm(   33): DEX prep '/system/framework/services.jar': unzip in 195ms, rewrite 3480ms
D/AndroidRuntime(   33): --- registering native functions ---
I/SamplingProfilerIntegration(   33): Profiler is disabled.
I/Zygote  (   33): Preloading classes...
E/Zygote  (   33): setreuid() failed. errno: 2
D/dalvikvm(   33): GC_EXPLICIT freed 821 objects / 47480 bytes in 15ms
D/dalvikvm(   33): GC_EXPLICIT freed 219 objects / 13600 bytes in 6ms
D/dalvikvm(   33): GC_EXPLICIT freed 253 objects / 14344 bytes in 7ms
D/dalvikvm(   33): GC_EXPLICIT freed 468 objects / 28968 bytes in 8ms
D/dalvikvm(   33): GC_EXPLICIT freed 2088 objects / 108208 bytes in 10ms
W/MediaProfiles(   33): could not find media config xml file
D/dalvikvm(   33): GC_EXPLICIT freed 279 objects / 15992 bytes in 9ms
D/dalvikvm(   33): GC_FOR_MALLOC freed 5024 objects / 223680 bytes in 19ms
D/dalvikvm(   33): GC_FOR_MALLOC freed 11326 objects / 385104 bytes in 25ms
D/dalvikvm(   33): GC_FOR_MALLOC freed 9866 objects / 463560 bytes in 28ms
D/dalvikvm(   33): GC_FOR_MALLOC freed 8632 objects / 420904 bytes in 30ms
D/dalvikvm(   33): GC_FOR_MALLOC freed 7577 objects / 461096 bytes in 31ms
D/dalvikvm(   33): GC_FOR_MALLOC freed 7639 objects / 459152 bytes in 30ms
D/dalvikvm(   33): GC_FOR_MALLOC freed 7241 objects / 459008 bytes in 29ms
D/dalvikvm(   33): GC_FOR_MALLOC freed 7848 objects / 458536 bytes in 31ms
D/dalvikvm(   33): GC_EXPLICIT freed 1066 objects / 85776 bytes in 27ms
D/dalvikvm(   33): GC_EXPLICIT freed 596 objects / 29024 bytes in 26ms
D/dalvikvm(   33): GC_EXPLICIT freed 449 objects / 25072 bytes in 53ms
D/dalvikvm(   33): GC_EXPLICIT freed 308 objects / 35152 bytes in 35ms
D/dalvikvm(   33): GC_EXPLICIT freed 279 objects / 18976 bytes in 36ms
D/dalvikvm(   33): GC_EXPLICIT freed 341 objects / 18424 bytes in 37ms
D/dalvikvm(   33): GC_EXPLICIT freed 449 objects / 28328 bytes in 37ms
D/dalvikvm(   33): GC_EXPLICIT freed 529 objects / 53176 bytes in 42ms
D/dalvikvm(   33): GC_EXPLICIT freed 623 objects / 33984 bytes in 42ms
D/dalvikvm(   33): GC_EXPLICIT freed 861 objects / 46896 bytes in 43ms
D/dalvikvm(   33): GC_EXPLICIT freed 1747 objects / 85528 bytes in 44ms
D/dalvikvm(   33): GC_EXPLICIT freed 447 objects / 29424 bytes in 43ms
D/dalvikvm(   33): GC_EXPLICIT freed 315 objects / 20128 bytes in 43ms
I/Zygote  (   33): ...preloaded 1265 classes in 7436ms.
E/Zygote  (   33): setreuid() failed. errno: 17
D/dalvikvm(   33): GC_EXPLICIT freed 104 objects / 14264 bytes in 47ms
I/Zygote  (   33): Preloading resources...
W/Zygote  (   33): Preloaded drawable resource #0x1080093 (res/drawable-mdpi/sym_def_app_icon.png) that varies with configuration!!
W/Zygote  (   33): Preloaded drawable resource #0x1080002 (res/drawable-mdpi/arrow_down_float.png) that varies with configuration!!
W/Zygote  (   33): Preloaded drawable resource #0x10800b3 (res/drawable/btn_check.xml) that varies with configuration!!
W/Zygote  (   33): Preloaded drawable resource #0x10800b6 (res/drawable-mdpi/btn_check_label_background.9.png) that varies with configuration!!
W/Zygote  (   33): Preloaded drawable resource #0x10800b7 (res/drawable-mdpi/btn_check_off.png) that varies with configuration!!
W/Zygote  (   33): Preloaded drawable resource #0x10800bc (res/drawable-mdpi/btn_check_on.png) that varies with configuration!!
W/Zygote  (   33): Preloaded drawable resource #0x1080004 (res/drawable/btn_default.xml) that varies with configuration!!
W/Zygote  (   33): Preloaded drawable resource #0x1080005 (res/drawable/btn_default_small.xml) that varies with configuration!!
W/Zygote  (   33): Preloaded drawable resource #0x1080006 (res/drawable/btn_dropdown.xml) that varies with configuration!!
W/Zygote  (   33): Preloaded drawable resource #0x1080008 (res/drawable/btn_plus.xml) that varies with configuration!!
W/Zygote  (   33): Preloaded drawable resource #0x1080007 (res/drawable/btn_minus.xml) that varies with configuration!!
W/Zygote  (   33): Preloaded drawable resource #0x1080009 (res/drawable/btn_radio.xml) that varies with configuration!!
W/Zygote  (   33): Preloaded drawable resource #0x108000a (res/drawable/btn_star.xml) that varies with configuration!!
D/dalvikvm(   33): GC_EXPLICIT freed 421 objects / 25848 bytes in 50ms
W/Zygote  (   33): Preloaded drawable resource #0x1080131 (res/drawable/btn_toggle.xml) that varies with configuration!!
W/Zygote  (   33): Preloaded drawable resource #0x1080194 (res/drawable-mdpi/ic_emergency.png) that varies with configuration!!
W/Zygote  (   33): Preloaded drawable resource #0x1080012 (res/drawable-mdpi/divider_horizontal_bright.9.png) that varies with configuration!!
W/Zygote  (   33): Preloaded drawable resource #0x1080014 (res/drawable-mdpi/divider_horizontal_dark.9.png) that varies with configuration!!
W/Zygote  (   33): Preloaded drawable resource #0x1080016 (res/drawable/edit_text.xml) that varies with configuration!!
W/Zygote  (   33): Preloaded drawable resource #0x108016d (res/drawable/expander_group.xml) that varies with configuration!!
W/Zygote  (   33): Preloaded drawable resource #0x1080062 (res/drawable/list_selector_background.xml) that varies with configuration!!
W/Zygote  (   33): Preloaded drawable resource #0x1080227 (res/drawable-mdpi/menu_background.9.png) that varies with configuration!!
W/Zygote  (   33): Preloaded drawable resource #0x1080228 (res/drawable-mdpi/menu_background_fill_parent_width.9.png) that varies with configuration!!
W/Zygote  (   33): Preloaded drawable resource #0x1080229 (res/drawable/menu_selector.xml) that varies with configuration!!
W/Zygote  (   33): Preloaded drawable resource #0x1080234 (res/drawable-mdpi/panel_background.9.png) that varies with configuration!!
W/Zygote  (   33): Preloaded drawable resource #0x108023b (res/drawable-mdpi/popup_bottom_bright.9.png) that varies with configuration!!
W/Zygote  (   33): Preloaded drawable resource #0x108023c (res/drawable-mdpi/popup_bottom_dark.9.png) that varies with configuration!!
W/Zygote  (   33): Preloaded drawable resource #0x108023d (res/drawable-mdpi/popup_bottom_medium.9.png) that varies with configuration!!
W/Zygote  (   33): Preloaded drawable resource #0x108023e (res/drawable-mdpi/popup_center_bright.9.png) that varies with configuration!!
W/Zygote  (   33): Preloaded drawable resource #0x108023f (res/drawable-mdpi/popup_center_dark.9.png) that varies with configuration!!
W/Zygote  (   33): Preloaded drawable resource #0x1080242 (res/drawable-mdpi/popup_full_dark.9.png) that varies with configuration!!
W/Zygote  (   33): Preloaded drawable resource #0x1080245 (res/drawable-mdpi/popup_top_bright.9.png) that varies with configuration!!
W/Zygote  (   33): Preloaded drawable resource #0x1080246 (res/drawable-mdpi/popup_top_dark.9.png) that varies with configuration!!
W/Zygote  (   33): Preloaded drawable resource #0x108006d (res/drawable/progress_indeterminate_horizontal.xml) that varies with configuration!!
W/Zygote  (   33): Preloaded drawable resource #0x108024c (res/drawable/progress_small.xml) that varies with configuration!!
W/Zygote  (   33): Preloaded drawable resource #0x108024d (res/drawable/progress_small_titlebar.xml) that varies with configuration!!
W/Zygote  (   33): Preloaded drawable resource #0x1080270 (res/drawable-mdpi/scrollbar_handle_horizontal.9.png) that varies with configuration!!
W/Zygote  (   33): Preloaded drawable resource #0x1080271 (res/drawable-mdpi/scrollbar_handle_vertical.9.png) that varies with configuration!!
D/dalvikvm(   33): GC_EXPLICIT freed 477 objects / 32616 bytes in 60ms
W/Zygote  (   33): Preloaded drawable resource #0x1080071 (res/drawable/spinner_dropdown_background.xml) that varies with configuration!!
W/Zygote  (   33): Preloaded drawable resource #0x1080354 (res/drawable-mdpi/title_bar_shadow.9.png) that varies with configuration!!
W/Zygote  (   33): Preloaded drawable resource #0x10801d6 (res/drawable-mdpi/indicator_code_lock_drag_direction_green_up.png) that varies with configuration!!
W/Zygote  (   33): Preloaded drawable resource #0x10801d7 (res/drawable-mdpi/indicator_code_lock_drag_direction_red_up.png) that varies with configuration!!
W/Zygote  (   33): Preloaded drawable resource #0x10801d8 (res/drawable-mdpi/indicator_code_lock_point_area_default.png) that varies with configuration!!
W/Zygote  (   33): Preloaded drawable resource #0x10801d9 (res/drawable-mdpi/indicator_code_lock_point_area_green.png) that varies with configuration!!
W/Zygote  (   33): Preloaded drawable resource #0x10801da (res/drawable-mdpi/indicator_code_lock_point_area_red.png) that varies with configuration!!
W/Zygote  (   33): Preloaded drawable resource #0x10801e8 (res/drawable-mdpi/jog_tab_bar_left_end_confirm_gray.9.png) that varies with configuration!!
W/Zygote  (   33): Preloaded drawable resource #0x10801ec (res/drawable-mdpi/jog_tab_bar_left_end_normal.9.png) that varies with configuration!!
W/Zygote  (   33): Preloaded drawable resource #0x10801ed (res/drawable-mdpi/jog_tab_bar_left_end_pressed.9.png) that varies with configuration!!
W/Zygote  (   33): Preloaded drawable resource #0x10801f1 (res/drawable-mdpi/jog_tab_bar_right_end_confirm_gray.9.png) that varies with configuration!!
W/Zygote  (   33): Preloaded drawable resource #0x10801f5 (res/drawable-mdpi/jog_tab_bar_right_end_normal.9.png) that varies with configuration!!
W/Zygote  (   33): Preloaded drawable resource #0x10801f6 (res/drawable-mdpi/jog_tab_bar_right_end_pressed.9.png) that varies with configuration!!
W/Zygote  (   33): Preloaded drawable resource #0x10801fb (res/drawable-mdpi/jog_tab_left_confirm_gray.png) that varies with configuration!!
W/Zygote  (   33): Preloaded drawable resource #0x1080200 (res/drawable-mdpi/jog_tab_left_normal.png) that varies with configuration!!
W/Zygote  (   33): Preloaded drawable resource #0x1080201 (res/drawable-mdpi/jog_tab_left_pressed.png) that varies with configuration!!
W/Zygote  (   33): Preloaded drawable resource #0x1080203 (res/drawable-mdpi/jog_tab_right_confirm_gray.png) that varies with configuration!!
W/Zygote  (   33): Preloaded drawable resource #0x1080209 (res/drawable-mdpi/jog_tab_right_normal.png) that varies with configuration!!
W/Zygote  (   33): Preloaded drawable resource #0x108020a (res/drawable-mdpi/jog_tab_right_pressed.png) that varies with configuration!!
W/Zygote  (   33): Preloaded drawable resource #0x108020d (res/drawable-mdpi/jog_tab_target_gray.png) that varies with configuration!!
I/Zygote  (   33): ...preloaded 61 resources in 832ms.
I/Zygote  (   33): ...preloaded 15 resources in 25ms.
D/dalvikvm(   33): GC_EXPLICIT freed 503 objects / 37808 bytes in 51ms
D/dalvikvm(   33): GC_EXPLICIT freed 150 objects / 5808 bytes in 56ms
D/dalvikvm(   33): GC_EXPLICIT freed 2 objects / 48 bytes in 50ms
I/dalvikvm(   33): System server process 75 has been created
I/Zygote  (   33): Accepting command socket connections
E/BatteryService(   75): usbOnlinePath not found
E/BatteryService(   75): batteryVoltagePath not found
E/BatteryService(   75): batteryTemperaturePath not found
I/sysproc (   75): Entered system_init()
I/sysproc (   75): ServiceManager: 0x132050
I/SurfaceFlinger(   75): SurfaceFlinger is starting
I/SurfaceFlinger(   75): SurfaceFlinger's main thread ready to run. Initializing graphics H/W...
E/SurfaceFlinger(   75): Couldn't open /sys/power/wait_for_fb_sleep or /sys/power/wait_for_fb_wake
I/gralloc (   75): using (fd=24)
I/gralloc (   75): id           = 
I/gralloc (   75): xres         = 480 px
I/gralloc (   75): yres         = 800 px
I/gralloc (   75): xres_virtual = 480 px
I/gralloc (   75): yres_virtual = 1600 px
I/gralloc (   75): bpp          = 16
I/gralloc (   75): r            = 11:5
I/gralloc (   75): g            =  5:6
I/gralloc (   75): b            =  0:5
I/gralloc (   75): width        = 74 mm (164.756760 dpi)
I/gralloc (   75): height       = 123 mm (165.203247 dpi)
I/gralloc (   75): refresh rate = 60.00 Hz
D/libEGL  (   75): egl.cfg not found, using default config
D/libEGL  (   75): loaded /system/lib/egl/libGLES_android.so
I/SurfaceFlinger(   75): EGL informations:
I/SurfaceFlinger(   75): # of configs : 8
I/SurfaceFlinger(   75): vendor    : Android
I/SurfaceFlinger(   75): version   : 1.4 Android META-EGL
I/SurfaceFlinger(   75): extensions: EGL_KHR_image EGL_KHR_image_base EGL_KHR_image_pixmap EGL_ANDROID_image_native_buffer EGL_ANDROID_swap_rectangle EGL_ANDROID_get_render_buffer 
I/SurfaceFlinger(   75): Client API: OpenGL ES
I/SurfaceFlinger(   75): EGLSurface: 5-6-5-0, config=0x1000000
I/SurfaceFlinger(   75): flags     : 001c0000
W/SurfaceFlinger(   75): ro.sf.lcd_density not defined, using 160 dpi by default.
I/SurfaceFlinger(   75): OpenGL informations:
I/SurfaceFlinger(   75): vendor    : Android
I/SurfaceFlinger(   75): renderer  : Android PixelFlinger 1.3
I/SurfaceFlinger(   75): version   : OpenGL ES-CM 1.0
I/SurfaceFlinger(   75): extensions: GL_OES_byte_coordinates GL_OES_fixed_point GL_OES_single_precision GL_OES_read_format GL_OES_compressed_paletted_texture GL_OES_draw_texture GL_OES_matrix_get GL_OES_query_matrix GL_OES_EGL_image GL_OES_compressed_ETC1_RGB8_texture GL_ARB_texture_compression GL_ARB_texture_non_power_of_two GL_ANDROID_user_clip_plane GL_ANDROID_vertex_buffer_object GL_ANDROID_generate_mipmap 
I/SurfaceFlinger(   75): GL_MAX_TEXTURE_SIZE = 4096
I/SurfaceFlinger(   75): GL_MAX_VIEWPORT_DIMS = 4096
I/sysproc (   75): System server: starting Android runtime.
I/sysproc (   75): System server: starting Android services.
I/SystemServer(   75): Entered the Android system server!
I/sysproc (   75): System server: entering thread pool.
I/SystemServer(   75): Entropy Service
W/EntropyService(   75): unable to load initial entropy (first boot?)
W/EntropyService(   75): java.io.FileNotFoundException: /data/system/entropy.dat (No such file or directory)
W/EntropyService(   75): 	at org.apache.harmony.luni.platform.OSFileSystem.openImpl(Native Method)
W/EntropyService(   75): 	at org.apache.harmony.luni.platform.OSFileSystem.open(OSFileSystem.java:152)
W/EntropyService(   75): 	at java.io.FileInputStream.<init>(FileInputStream.java:82)
W/EntropyService(   75): 	at java.io.FileInputStream.<init>(FileInputStream.java:134)
W/EntropyService(   75): 	at com.android.server.RandomBlock.fromFile(RandomBlock.java:45)
W/EntropyService(   75): 	at com.android.server.EntropyService.loadInitialEntropy(EntropyService.java:99)
W/EntropyService(   75): 	at com.android.server.EntropyService.<init>(EntropyService.java:86)
W/EntropyService(   75): 	at com.android.server.EntropyService.<init>(EntropyService.java:76)
W/EntropyService(   75): 	at com.android.server.ServerThread.run(SystemServer.java:107)
I/SystemServer(   75): Power Manager
I/SystemServer(   75): Activity Manager
I/ActivityManager(   75): Memory class: 16
I/BootAnimation(   85): boot animation disabled
I/SystemServer(   75): Telephony Registry
I/SystemServer(   75): Package Manager
I/Installer(   75): connecting...
I/installd(   35): new connection
I/PackageManager(   75): Libs: android.test.runner:/system/framework/android.test.runner.jar javax.obex:/system/framework/javax.obex.jar
I/PackageManager(   75): Features: android.hardware.camera android.hardware.camera.autofocus
I/PackageManager(   75): No current settings file!
W/PackageManager(   75): Running ENG build: no pre-dexopt!
D/installd(   35): DexInv: --- BEGIN '/system/framework/android.test.runner.jar' ---
D/dalvikvm(   91): DexOpt: load 85ms, verify 335ms, opt 11ms
D/installd(   35): DexInv: --- END '/system/framework/android.test.runner.jar' (success) ---
D/installd(   35): DexInv: --- BEGIN '/system/framework/javax.obex.jar' ---
D/dalvikvm(   92): DexOpt: load 17ms, verify 98ms, opt 6ms
D/installd(   35): DexInv: --- END '/system/framework/javax.obex.jar' (success) ---
D/installd(   35): DexInv: --- BEGIN '/system/framework/svc.jar' ---
D/dalvikvm(   93): DexOpt: load 11ms, verify 41ms, opt 3ms
D/installd(   35): DexInv: --- END '/system/framework/svc.jar' (success) ---
D/installd(   35): DexInv: --- BEGIN '/system/framework/pm.jar' ---
D/dalvikvm(   94): DexOpt: load 22ms, verify 83ms, opt 4ms
D/installd(   35): DexInv: --- END '/system/framework/pm.jar' (success) ---
D/installd(   35): DexInv: --- BEGIN '/system/framework/monkey.jar' ---
D/dalvikvm(   95): DexOpt: load 34ms, verify 167ms, opt 6ms
D/installd(   35): DexInv: --- END '/system/framework/monkey.jar' (success) ---
D/installd(   35): DexInv: --- BEGIN '/system/framework/input.jar' ---
D/dalvikvm(   96): DexOpt: load 10ms, verify 44ms, opt 1ms
D/installd(   35): DexInv: --- END '/system/framework/input.jar' (success) ---
D/installd(   35): DexInv: --- BEGIN '/system/framework/ime.jar' ---
D/dalvikvm(   97): DexOpt: load 10ms, verify 38ms, opt 1ms
D/installd(   35): DexInv: --- END '/system/framework/ime.jar' (success) ---
D/installd(   35): DexInv: --- BEGIN '/system/framework/framework-tests.jar' ---
W/dalvikvm(   98): DexOpt: resolve class illegal access: Landroid/text/PackedIntVectorTest; -> Landroid/text/PackedIntVector;
I/dalvikvm(   98): DexOpt: illegal method access (call Lcom/android/internal/http/multipart/MultipartEntity;.getMultipartBoundary ()[B from Lcom/android/internal/http/multipart/MultipartTest;)
W/dalvikvm(   98): DexOpt: resolve class illegal access: Lcom/android/internal/os/LoggingPrintStreamTest$TestPrintStream; -> Lcom/android/internal/os/LoggingPrintStream;
I/dalvikvm(   98): DexOpt: illegal method access (call Lcom/android/internal/policy/impl/KeyguardViewBase;.setCallback (Lcom/android/internal/policy/impl/KeyguardViewCallback;)V from Lcom/android/internal/policy/impl/LockPatternKeyguardViewTest;)
D/dalvikvm(   98): DexOpt: load 70ms, verify 58ms, opt 2ms
D/installd(   35): DexInv: --- END '/system/framework/framework-tests.jar' (success) ---
D/installd(   35): DexInv: --- BEGIN '/system/framework/bmgr.jar' ---
D/dalvikvm(   99): DexOpt: load 20ms, verify 34ms, opt 2ms
D/installd(   35): DexInv: --- END '/system/framework/bmgr.jar' (success) ---
D/installd(   35): DexInv: --- BEGIN '/system/framework/am.jar' ---
D/dalvikvm(  100): DexOpt: load 20ms, verify 73ms, opt 3ms
D/installd(   35): DexInv: --- END '/system/framework/am.jar' (success) ---
D/PackageManager(   75): Scanning app dir /system/framework
I/PackageManager(   75): /system/framework/framework-res.apk changed; collecting certs
D/dalvikvm(   75): GC_FOR_MALLOC freed 5009 objects / 223704 bytes in 94ms
D/dalvikvm(   75): GC_FOR_MALLOC freed 3223 objects / 250416 bytes in 65ms
D/dalvikvm(   75): GC_FOR_MALLOC freed 2234 objects / 290936 bytes in 65ms
I/dalvikvm-heap(   75): Grow heap (frag case) to 3.423MB for 194578-byte allocation
D/dalvikvm(   75): GC_FOR_MALLOC freed 0 objects / 0 bytes in 89ms
D/dalvikvm(   75): GC_FOR_MALLOC freed 44 objects / 97920 bytes in 68ms
D/dalvikvm(   75): GC_FOR_MALLOC freed 27 objects / 238632 bytes in 65ms
D/dalvikvm(   75): GC_FOR_MALLOC freed 5 objects / 47264 bytes in 66ms
I/dalvikvm-heap(   75): Grow heap (frag case) to 3.593MB for 194578-byte allocation
D/dalvikvm(   75): GC_FOR_MALLOC freed 0 objects / 0 bytes in 86ms
D/dalvikvm(   75): GC_FOR_MALLOC freed 14 objects / 357840 bytes in 65ms
D/dalvikvm(   75): GC_FOR_MALLOC freed 4 objects / 90232 bytes in 64ms
I/dalvikvm-heap(   75): Grow heap (frag case) to 3.839MB for 178487-byte allocation
D/dalvikvm(   75): GC_FOR_MALLOC freed 0 objects / 0 bytes in 75ms
D/dalvikvm(   75): GC_FOR_MALLOC freed 3028 objects / 309920 bytes in 75ms
D/dalvikvm(   75): GC_FOR_MALLOC freed 3024 objects / 117056 bytes in 84ms
D/dalvikvm(   75): GC_FOR_MALLOC freed 2162 objects / 297576 bytes in 89ms
D/dalvikvm(   75): GC_FOR_MALLOC freed 2359 objects / 269496 bytes in 95ms
D/dalvikvm(   75): GC_FOR_MALLOC freed 3909 objects / 144944 bytes in 103ms
D/PackageManager(   75): Scanning app dir /system/app
I/PackageManager(   75): /system/app/VpnServices.apk changed; collecting certs
I/PackageManager(   75): /system/app/UserDictionaryProvider.apk changed; collecting certs
