W/PackageManager(   67): Not granting permission android.permission.SEND_DOWNLOAD_COMPLETED_INTENTS to package com.android.browser (protectionLevel=2 flags=0x9be45)
W/PackageManager(   67): Not granting permission android.permission.BIND_APPWIDGET to package com.android.widgetpreview (protectionLevel=3 flags=0x8be44)
W/PackageManager(   67): Unknown permission com.google.android.gm.permission.WRITE_GMAIL in package com.android.settings
W/PackageManager(   67): Unknown permission com.google.android.gm.permission.READ_GMAIL in package com.android.settings
W/PackageManager(   67): Unknown permission com.google.android.googleapps.permission.GOOGLE_AUTH in package com.android.settings
W/PackageManager(   67): Unknown permission com.google.android.googleapps.permission.GOOGLE_AUTH in package com.android.providers.contacts
W/PackageManager(   67): Unknown permission com.google.android.googleapps.permission.GOOGLE_AUTH.cp in package com.android.providers.contacts
W/PackageManager(   67): Unknown permission com.google.android.googleapps.permission.ACCESS_GOOGLE_PASSWORD in package com.android.development
W/PackageManager(   67): Unknown permission com.google.android.googleapps.permission.GOOGLE_AUTH in package com.android.development
W/PackageManager(   67): Unknown permission com.google.android.googleapps.permission.GOOGLE_AUTH.ALL_SERVICES in package com.android.development
W/PackageManager(   67): Unknown permission com.google.android.googleapps.permission.GOOGLE_AUTH.YouTubeUser in package com.android.development
W/PackageManager(   67): Unknown permission android.permission.READ_OWNER_DATA in package com.android.email
W/PackageManager(   67): Not granting permission android.permission.DEVICE_POWER to package com.android.deskclock (protectionLevel=2 flags=0x8be45)
D/MccTable(  129): updateMccMncConfiguration: mcc=310, mnc=260
D/MccTable(  129): locale set to en_us
D/MccTable(  129): WIFI_COUNTRY_CODE set to us
I/WifiService(   67): WifiService trying to set country code to us with persist set to true
I/ActivityManager(   67): Config changed: { scale=1.0 imsi=310/260 loc=en_US touch=3 keys=2/1/1 nav=3/1 orien=L layout=0x10000014 uiMode=0x11 seq=3}
D/dalvikvm(   67): GREF has increased to 301
I/ActivityThread(  226): Pub com.android.mms.SuggestionsProvider: com.android.mms.SuggestionsProvider
D/dalvikvm(  132): GC_FOR_ALLOC freed 516K, 10% free 7282K/8007K, paused 527ms
D/dalvikvm(  132): GC_CONCURRENT freed 1K, 5% free 7682K/8007K, paused 5ms+27ms
I/ARMAssembler(   67): generated scanline__00000177:03010104_00000002_00000000 [ 44 ipp] (66 ins) at [0x4b3ad738:0x4b3ad840] in 859000 ns
V/MmsConfig(  226): MmsConfig.init()
V/MmsConfig(  226): tag: bool value: enabledMMS
V/MmsConfig(  226): tag: int value: maxMessageSize
V/MmsConfig(  226): tag: int value: maxImageHeight
V/MmsConfig(  226): tag: int value: maxImageWidth
V/MmsConfig(  226): tag: int value: defaultSMSMessagesPerThread
V/MmsConfig(  226): tag: int value: defaultMMSMessagesPerThread
V/MmsConfig(  226): tag: int value: minMessageCountPerThread
V/MmsConfig(  226): tag: int value: maxMessageCountPerThread
V/MmsConfig(  226): tag: string value: uaProfUrl
V/MmsConfig(  226): tag: int value: recipientLimit
V/MmsConfig(  226): tag: int value: smsToMmsTextThreshold
D/dalvikvm(  132): GC_CONCURRENT freed 515K, 8% free 7614K/8263K, paused 6ms+24ms
D/TabletStatusBar(  114): lights on
D/dalvikvm(  129): GC_CONCURRENT freed 388K, 7% free 6630K/7111K, paused 6ms+19ms
D/PowerUI (  114): closing low battery warning: level=50
D/CountryDetectorService(   67): The first listener is added
D/TelephonyProvider(  129): Setting numeric '310260' to be the current operator
W/WindowManager(   67): Window freeze timeout expired.
W/WindowManager(   67): Force clearing orientation change: Window{41451d68 StatusBar paused=false}
I/TelephonyRegistry(   67): notifyDataConnection: state=1 isDataConnectivityPossible=true reason='simLoaded' apn='internet' apnType=default networkType=3
D/MobileDataStateTracker(   67): default: Received state=CONNECTING, old=DISCONNECTED, reason=simLoaded
D/MobileDataStateTracker(   67): default: setDetailed state, old =IDLE and new state=CONNECTING
D/ConnectivityService(   67): ConnectivityChange for mobile: CONNECTING/CONNECTING
I/TelephonyRegistry(   67): notifyDataConnection: state=0 isDataConnectivityPossible=true reason='simLoaded' apn='internet' apnType=mms networkType=3
D/MobileDataStateTracker(   67): mms: Received state=DISCONNECTED, old=DISCONNECTED, reason=simLoaded
I/TelephonyRegistry(   67): notifyDataConnection: state=0 isDataConnectivityPossible=true reason='simLoaded' apn='internet' apnType=supl networkType=3
I/TelephonyRegistry(   67): notifyDataConnection: state=0 isDataConnectivityPossible=true reason='simLoaded' apn='internet' apnType=dun networkType=3
I/TelephonyRegistry(   67): notifyDataConnection: state=0 isDataConnectivityPossible=true reason='simLoaded' apn='internet' apnType=hipri networkType=3
D/dalvikvm(  129): GC_CONCURRENT freed 370K, 7% free 6688K/7175K, paused 5ms+136ms
I/TelephonyRegistry(   67): notifyDataConnection: state=2 isDataConnectivityPossible=true reason='simLoaded' apn='internet' apnType=default networkType=3
D/TelephonyRegistry(   67): onDataConnectionStateChanged(2, 3)
D/MobileDataStateTracker(   67): default: Received state=CONNECTED, old=CONNECTING, reason=simLoaded
D/MobileDataStateTracker(   67): default: setDetailed state, old =CONNECTING and new state=CONNECTED
D/ConnectivityService(   67): ConnectivityChange for mobile: CONNECTED/CONNECTED
E/TelephonyManager(   67): Hidden constructor called more than once per process!
E/TelephonyManager(   67): Original: android, new: android
D/ConnectivityService(   67): Setting TCP values: [4094,87380,110208,4096,16384,110208] which comes from [net.tcp.buffersize.umts]
D/dalvikvm(  132): GC_EXPLICIT freed 229K, 8% free 7650K/8263K, paused 69ms+247ms
I/ActivityManager(   67): Start proc com.android.email for broadcast com.android.email/.service.EmailBroadcastReceiver: pid=258 uid=10013 gids={3003, 1015}
V/AlarmClock(  199): AlarmInitReceiver finished
D/ConnectivityService(   67): adding dns /10.0.2.3 for mobile
D/ConnectivityService(   67): adding dns /10.0.2.4 for mobile
D/ConnectivityService(   67): changing default proxy to 
D/ConnectivityService(   67): sending Proxy Broadcast for 
W/WindowManager(   67): App freeze timeout expired.
W/WindowManager(   67): Force clearing freeze: AppWindowToken{407bcb58 token=ActivityRecord{407873a0 com.android.launcher/com.android.launcher2.Launcher}}
D/Tethering(   67): Tethering got CONNECTIVITY_ACTION
D/Tethering(   67): MasterInitialState.processMessage what=3
D/dalvikvm(   32): GC_EXPLICIT freed 10K, 6% free 6193K/6531K, paused 153ms+84ms
D/dalvikvm(   32): GC_EXPLICIT freed <1K, 6% free 6193K/6531K, paused 68ms+2ms
D/dalvikvm(   32): GC_EXPLICIT freed <1K, 6% free 6193K/6531K, paused 4ms+5ms
D/dalvikvm(   67): GC_EXPLICIT freed 12026K, 45% free 15368K/27527K, paused 25ms+12ms
V/TLINE   (  114): new: android.text.TextLine@4090ae68
D/AlarmManagerService(   67): Kernel timezone updated to 0 minutes west of GMT
D/SystemClock(  129): Setting time of day to sec=1307869742
W/SystemClock(  129): Unable to set rtc to 1307869742: Invalid argument
I/ActivityThread(  258): Pub com.android.email.provider;com.android.email.notifier: com.android.email.provider.EmailProvider
I/ActivityThread(  258): Pub com.android.email.attachmentprovider: com.android.email.provider.AttachmentProvider
I/ActivityThread(  258): Pub com.android.exchange.directory.provider: com.android.exchange.provider.ExchangeDirectoryProvider
D/dalvikvm(  132): GC_FOR_ALLOC freed 227K, 6% free 7827K/8263K, paused 303ms
I/dalvikvm-heap(  132): Grow heap (frag case) to 8.135MB for 411152-byte allocation
I/ActivityManager(   67): Start proc com.android.music for broadcast com.android.music/.MediaAppWidgetProvider: pid=277 uid=10020 gids={3003, 1015}
D/dalvikvm(  132): GC_FOR_ALLOC freed 9K, 6% free 8220K/8711K, paused 680ms
D/dalvikvm(  258): GC_CONCURRENT freed 242K, 5% free 6455K/6791K, paused 6ms+45ms
D/dalvikvm(  132): GC_FOR_ALLOC freed 519K, 10% free 8039K/8903K, paused 338ms
D/AndroidRuntime(  273): 
D/AndroidRuntime(  273): >>>>>> AndroidRuntime START com.android.internal.os.RuntimeInit <<<<<<
D/AndroidRuntime(  273): CheckJNI is ON
D/dalvikvm(  132): GC_FOR_ALLOC freed 3K, 6% free 8438K/8903K, paused 293ms
I/InputReader(   67): Device reconfigured: id=0, name='qwerty2', display size is now 1280x800
D/dalvikvm(  226): GC_CONCURRENT freed 220K, 6% free 6367K/6727K, paused 7ms+34ms
D/AndroidRuntime(  273): Calling main entry com.android.commands.pm.Pm
I/ActivityManager(   67): Start proc com.android.quicksearchbox for broadcast com.android.quicksearchbox/.SearchWidgetProvider: pid=297 uid=10026 gids={3003}
I/ActivityManager(   67): Start proc com.android.defcontainer for service com.android.defcontainer/.DefaultContainerService: pid=299 uid=10027 gids={1015, 2001}
V/TLINE   (  132): new: android.text.TextLine@4063aaf0
I/TabletStatusBar(  114): DISABLE_CLOCK: no
I/TabletStatusBar(  114): DISABLE_NAVIGATION: no
I/dalvikvm(   67): Jit: resizing JitTable from 512 to 1024
D/dalvikvm(  132): GC_CONCURRENT freed 711K, 10% free 8425K/9351K, paused 9ms+77ms
I/TabletStatusBar(  114): DISABLE_BACK: no
I/ActivityThread(  297): Pub com.android.quicksearchbox.google: com.android.quicksearchbox.google.GoogleSuggestionProvider
D/dalvikvm(  132): GC_CONCURRENT freed 159K, 5% free 8905K/9351K, paused 11ms+17ms
I/ActivityThread(  297): Pub com.android.quicksearchbox.shortcuts: com.android.quicksearchbox.ShortcutsProvider
D/dalvikvm(  132): GC_FOR_ALLOC freed 207K, 6% free 9276K/9863K, paused 307ms
I/dalvikvm-heap(  132): Grow heap (frag case) to 11.997MB for 2975968-byte allocation
D/dalvikvm(  132): GC_FOR_ALLOC freed <1K, 5% free 12183K/12807K, paused 256ms
V/AlarmClock(  199): AlarmInitReceiver finished
V/TLINE   (  132): new: android.text.TextLine@4063fd78
D/SntpClient(   67): request time failed: java.net.SocketException: Address family not supported by protocol
I/ActivityManager(   67): Displayed com.android.launcher/com.android.launcher2.Launcher: +48s406ms
D/dalvikvm(  132): GC_CONCURRENT freed 179K, 6% free 12617K/13319K, paused 6ms+5ms
D/dalvikvm(  132): GC_EXPLICIT freed 1280K, 13% free 12659K/14471K, paused 5ms+11ms
I/SurfaceFlinger(   67): Boot is finished (58721 ms)
D/dalvikvm(  132): GC_EXPLICIT freed 644K, 15% free 12720K/14855K, paused 5ms+4ms
D/dalvikvm(  132): GC_FOR_ALLOC freed 680K, 9% free 13577K/14855K, paused 108ms
D/MediaScannerService(  156): start scanning volume internal: [/system/media]
D/Eas Debug(  258): Logging: 
I/ContactsDatabaseHelper(  187): Switching to locale en_US
D/dalvikvm(  299): GC_EXPLICIT freed 44K, 6% free 6198K/6531K, paused 4ms+38ms
W/ActivityManager(   67): No content provider found for: 
D/MediaScanner(  156):  prescan time: 1195ms
D/MediaScanner(  156):     scan time: 181ms
D/MediaScanner(  156): postscan time: 272ms
D/MediaScanner(  156):    total time: 1648ms
D/MediaScannerService(  156): done scanning volume internal
D/MediaScannerService(  156): start scanning volume external: [/mnt/sdcard]
D/ExchangeService(  258): Reconciling accounts...
D/dalvikvm(  187): GC_CONCURRENT freed 304K, 7% free 6467K/6919K, paused 6ms+4ms
D/dalvikvm(  156): GC_CONCURRENT freed 185K, 6% free 6389K/6727K, paused 6ms+19ms
V/MediaScanner(  156): pruneDeadThumbnailFiles... android.database.sqlite.SQLiteCursor@4065c2d8
V/MediaScanner(  156): /pruneDeadThumbnailFiles... android.database.sqlite.SQLiteCursor@4065c2d8
D/MediaScanner(  156):  prescan time: 505ms
D/MediaScanner(  156):     scan time: 195ms
D/MediaScanner(  156): postscan time: 129ms
D/MediaScanner(  156):    total time: 829ms
D/MediaScannerService(  156): done scanning volume external
W/ActivityManager(   67): No content provider found for: 
D/PackageParser(   67): Scanning package: /data/app/vmdl-1020997982.tmp
D/dalvikvm(  132): GC_FOR_ALLOC freed 1542K, 11% free 13689K/15367K, paused 104ms
D/dalvikvm(  132): GC_FOR_ALLOC freed 539K, 13% free 13890K/15815K, paused 149ms
D/dalvikvm(  132): GC_EXPLICIT freed 769K, 12% free 14220K/16007K, paused 6ms+7ms
D/dalvikvm(   67): GC_CONCURRENT freed 3762K, 51% free 13536K/27527K, paused 8ms+10ms
I/ContactsDatabaseHelper(  187): Locale change completed in 8422ms
D/dalvikvm(   67): GC_CONCURRENT freed 1730K, 51% free 13548K/27527K, paused 8ms+7ms
I/PackageManager(   67): Removing non-system package:com.rhomobile.cyan
I/ActivityManager(   67): Force stopping package com.rhomobile.cyan uid=10035
D/PackageManager(   67): Scanning package com.rhomobile.cyan
I/PackageManager(   67): Package com.rhomobile.cyan codePath changed from /data/app/com.rhomobile.cyan-1.apk to /data/app/com.rhomobile.cyan-2.apk; Retaining data and using new
I/PackageManager(   67): Unpacking native libraries for /data/app/com.rhomobile.cyan-2.apk
D/installd(   34): DexInv: --- BEGIN '/data/app/com.rhomobile.cyan-2.apk' ---
D/dalvikvm(  333): DexOpt: load 199ms, verify+opt 826ms
D/installd(   34): DexInv: --- END '/data/app/com.rhomobile.cyan-2.apk' (success) ---
W/PackageManager(   67): Code path for pkg : com.rhomobile.cyan changing from /data/app/com.rhomobile.cyan-1.apk to /data/app/com.rhomobile.cyan-2.apk
W/PackageManager(   67): Resource path for pkg : com.rhomobile.cyan changing from /data/app/com.rhomobile.cyan-1.apk to /data/app/com.rhomobile.cyan-2.apk
D/PackageManager(   67): Registered content provider: com.rhomobile.cyan, className = com.rhomobile.rhodes.LocalFileProvider, isSyncable = false
D/PackageManager(   67):   Providers: com.rhomobile.rhodes.LocalFileProvider
D/PackageManager(   67):   Services: com.rhomobile.rhodes.RhodesService
I/ActivityManager(   67): Force stopping package com.rhomobile.cyan uid=10035
D/PackageManager(   67):   Activities: com.rhomobile.rhodes.RhodesActivity com.rhomobile.rhodes.alert.PopupActivity com.rhomobile.rhodes.camera.FileList com.rhomobile.rhodes.camera.ImageCapture com.rhomobile.rhodes.signature.ImageCapture com.rhomobile.rhodes.datetime.DateTimePickerScreen com.rhomobile.rhodes.mapview.MapView com.rhomobile.rhodes.mapview.GoogleMapView com.rhomobile.rhodes.bluetooth.RhoBluetoothDeviceListActivity
I/installd(   34): move /data/dalvik-cache/data@app@com.rhomobile.cyan-2.apk@classes.dex -> /data/dalvik-cache/data@app@com.rhomobile.cyan-2.apk@classes.dex
D/PackageManager(   67): New package installed in /data/app/com.rhomobile.cyan-2.apk
I/ActivityManager(   67): Force stopping package com.rhomobile.cyan uid=10035
D/dalvikvm(  132): GC_EXPLICIT freed 3K, 12% free 14217K/16007K, paused 8ms+4ms
D/PackageManager(   67): generateServicesMap(android.accounts.AccountAuthenticator): 2 services unchanged
D/PackageManager(   67): generateServicesMap(android.content.SyncAdapter): 4 services unchanged
D/dalvikvm(  187): GC_CONCURRENT freed 421K, 8% free 6581K/7111K, paused 6ms+5ms
D/PackageManager(   67): generateServicesMap(android.accounts.AccountAuthenticator): 2 services unchanged
D/PackageManager(   67): generateServicesMap(android.content.SyncAdapter): 4 services unchanged
W/RecognitionManagerService(   67): no available voice recognition services found
I/ActivityManager(   67): Start proc com.svox.pico for broadcast com.svox.pico/.VoiceDataInstallerReceiver: pid=336 uid=10028 gids={}
I/ActivityThread(  336): Pub com.svox.pico.providers.SettingsProvider: com.svox.pico.providers.SettingsProvider
I/AccountTypeManager(  187): Loaded meta-data for 1 account types, 0 accounts in 215ms
D/dalvikvm(  132): GC_FOR_ALLOC freed 1362K, 13% free 13928K/16007K, paused 114ms
D/dalvikvm(  132): GC_FOR_ALLOC freed 4166K, 31% free 11057K/16007K, paused 113ms
D/dalvikvm(  132): GC_CONCURRENT freed 1055K, 28% free 11586K/16007K, paused 8ms+5ms
D/dalvikvm(  132): GC_FOR_ALLOC freed 1113K, 25% free 12094K/16007K, paused 96ms
D/dalvikvm(  132): GC_CONCURRENT freed 725K, 17% free 13304K/16007K, paused 6ms+4ms
D/dalvikvm(  132): GC_FOR_ALLOC freed 923K, 15% free 13661K/16007K, paused 105ms
D/dalvikvm(   67): GC_EXPLICIT freed 739K, 51% free 13598K/27527K, paused 9ms+50ms
I/installd(   34): unlink /data/dalvik-cache/data@app@com.rhomobile.cyan-1.apk@classes.dex
D/AndroidRuntime(  273): Shutting down VM
I/AndroidRuntime(  273): NOTE: attach of thread 'Binder Thread #4' failed
D/dalvikvm(  273): GC_CONCURRENT freed 108K, 85% free 325K/2048K, paused 1ms+1ms
D/jdwp    (  273): adbd disconnected
D/AndroidRuntime(  352): 
D/AndroidRuntime(  352): >>>>>> AndroidRuntime START com.android.internal.os.RuntimeInit <<<<<<
D/AndroidRuntime(  352): CheckJNI is ON
D/AndroidRuntime(  352): Calling main entry com.android.commands.am.Am
I/ActivityManager(   67): Starting: Intent { act=android.intent.action.MAIN flg=0x10000000 cmp=com.rhomobile.cyan/com.rhomobile.rhodes.RhodesActivity } from pid 352
W/WindowManager(   67): Failure taking screenshot for (216x135) to layer 21005
D/AndroidRuntime(  352): Shutting down VM
I/AndroidRuntime(  352): NOTE: attach of thread 'Binder Thread #3' failed
I/ActivityManager(   67): Start proc com.rhomobile.cyan for activity com.rhomobile.cyan/com.rhomobile.rhodes.RhodesActivity: pid=360 uid=10035 gids={3003}
D/dalvikvm(  352): GC_CONCURRENT freed 108K, 83% free 352K/2048K, paused 1ms+1ms
D/jdwp    (  352): adbd disconnected
D/TabletStatusBar(  114): lights on
D/dalvikvm(  360): Trying to load lib /data/data/com.rhomobile.cyan/lib/librhodes.so 0x406343b8
D/dalvikvm(  360): Added shared lib /data/data/com.rhomobile.cyan/lib/librhodes.so 0x406343b8
I/ActivityThread(  360): Pub com.rhomobile.cyan: com.rhomobile.rhodes.LocalFileProvider
D/dalvikvm(  360): GC_FOR_ALLOC freed 77K, 4% free 6271K/6531K, paused 90ms
I/dalvikvm-heap(  360): Grow heap (frag case) to 7.385MB for 1228816-byte allocation
D/dalvikvm(  360): GC_FOR_ALLOC freed <1K, 4% free 7471K/7751K, paused 77ms
D/dalvikvm(  360): GC_CONCURRENT freed <1K, 4% free 7471K/7751K, paused 5ms+14ms
I/RhodesActivity(  360): >>>>>>>>>>>>>>> onCreate()
D/RhodesActivity(  360): RhodesActivity.onStart()
D/RhodesActivity(  360): RhodesActivity.onResume()
D/RhodesService(  360): Root path: /data/data/com.rhomobile.cyan/rhodata/
D/RhodesService(  360): Sqlite journals path: /data/data/com.rhomobile.cyan/sqlite_stmt_journals/
I/RhodesService(  360): Application hash was changed
W/ActivityManager(   67): No content provider found for: 
D/RhodesService(  360): Root path: /data/data/com.rhomobile.cyan/rhodata/
D/RhodesService(  360): Sqlite journals path: /data/data/com.rhomobile.cyan/sqlite_stmt_journals/
I/APP     (  360): I 06/12/2011 09:09:49:638 aff4d470            RhodesApp| Trying to get free listening port.
I/APP     (  360): I 06/12/2011 09:09:49:648 0015bea8         AppCallbacks| Starting main routine...
I/APP     (  360): I 06/12/2011 09:09:49:654 0015bea8         AppCallbacks| ThreadQueue blocked for 300 seconds...
I/APP     (  360): I 06/12/2011 09:09:49:667 aff4d470            RhodesApp| Trying to bind of 0 port...
I/APP     (  360): I 06/12/2011 09:09:49:669 aff4d470            RhodesApp| Got port to bind on: 51065
I/APP     (  360): I 06/12/2011 09:09:49:673 aff4d470            RhodesApp| Free listening port: 51065
I/APP     (  360): I 06/12/2011 09:09:49:786 aff4d470               Rhodes| Loading...
D/dalvikvm(  360): GC_FOR_ALLOC freed 251K, 5% free 7573K/7943K, paused 83ms
I/dalvikvm-heap(  360): Grow heap (frag case) to 7.976MB for 513744-byte allocation
D/dalvikvm(  360): GC_CONCURRENT freed 3K, 5% free 8072K/8455K, paused 6ms+14ms
I/APP     (  360): I 06/12/2011 09:09:50:398 0016c1b8            RhodesApp| Starting RhodesApp main routine...
I/APP     (  360): I 06/12/2011 09:09:50:410 aff4d470            RhodesApp| callAppActiveCallback
I/APP     (  360): I 06/12/2011 09:09:50:412 aff4d470         AppCallbacks| addCommand: APP-ACTIVATED
I/APP     (  360): I 06/12/2011 09:09:50:438 0015bea8         AppCallbacks| Received command APP-ACTIVATED which is greater than expected (LOCAL-SERVER-STARTED) - postpone it
I/APP     (  360): I 06/12/2011 09:09:50:439 0015bea8         AppCallbacks| ThreadQueue blocked for 300 seconds...
I/APP     (  360): I 06/12/2011 09:09:50:444 aff4d470         AppActivated| Cannot commit now, application will be activated when started.
I/APP     (  360): I 06/12/2011 09:09:50:459 aff4d470            Undefined| Handlers have completed.
I/APP     (  360): I 06/12/2011 09:09:50:461 aff4d470    RhodesApplication| New AppState: Undefined
I/APP     (  360): I 06/12/2011 09:09:50:483 aff4d470        RhodesService| handleCommand: startId=1, source=com.rhomobile.rhodes.BaseActivity
I/APP     (  360): I 06/12/2011 09:09:50:501 aff4d470        RhodesService| New activity was created
I/APP     (  360): I 06/12/2011 09:09:50:601 aff4d470         AppCallbacks| addCommand: UI-CREATED
I/APP     (  360): I 06/12/2011 09:09:50:603 0015bea8         AppCallbacks| Received command UI-CREATED which is greater than expected (LOCAL-SERVER-STARTED) - postpone it
I/APP     (  360): I 06/12/2011 09:09:50:604 0015bea8         AppCallbacks| ThreadQueue blocked for 300 seconds...
V/TLINE   (  360): new: android.text.TextLine@407aafc0
I/dalvikvm(   67): Jit: resizing JitTable from 1024 to 2048
I/APP     (  360): I 06/12/2011 09:09:50:993 aff4d470       RhodesActivity| onServiceConnected: {com.rhomobile.cyan/com.rhomobile.rhodes.RhodesService}
I/APP     (  360): I 06/12/2011 09:09:51:743 0016c1b8              RhoRuby| Init_RhoBlobs: /data/data/com.rhomobile.cyan/rhodata/db/db-files
I/APP     (  360): I 06/12/2011 09:09:51:905 0016c1b8              RhoRuby| require_compiled: rhoframework
I/APP     (  360): I 06/12/2011 09:09:52:070 0016c1b8              RhoRuby| require_compiled: rational
I/APP     (  360): I 06/12/2011 09:09:52:133 0016c1b8              RhoRuby| require_compiled: rhom/rhom_db_adapter
I/APP     (  360): I 06/12/2011 09:09:52:329 0016c1b8              RhoRuby| require_compiled: rhodes
I/ActivityManager(   67): Displayed com.rhomobile.cyan/com.rhomobile.rhodes.RhodesActivity: +8s55ms
I/APP     (  360): I 06/12/2011 09:09:52:452 0016c1b8              RhoRuby| require_compiled: rhom/rhom_object
I/APP     (  360): I 06/12/2011 09:09:52:923 0016c1b8              RhoRuby| require_compiled: rhofsconnector
I/APP     (  360): I 06/12/2011 09:09:52:984 0016c1b8              RhoRuby| require_compiled: rho/rhofsconnector
I/ARMAssembler(   67): generated scanline__00000177:03515104_00001002_00000000 [ 87 ipp] (110 ins) at [0x4b3ad848:0x4b3ada00] in 2001001 ns
I/APP     (  360): I 06/12/2011 09:09:53:311 0016c1b8              RhoRuby| require_compiled: rhom/rhom_object_factory
D/szipinf (  360): Initializing inflate state
D/szipinf (  360): Initializing zlib to inflate
I/APP     (  360): I 06/12/2011 09:09:53:849 0016c1b8              RhoRuby| require_compiled: rhom/rhom
I/APP     (  360): I 06/12/2011 09:09:53:899 0016c1b8              RhoRuby| require_compiled: rhom/rhom_model
I/APP     (  360): I 06/12/2011 09:09:53:947 0016c1b8              RhoRuby| require_compiled: rhom
I/APP     (  360): I 06/12/2011 09:09:53:966 0016c1b8              RhoRuby| require_compiled: rho/rhoapplication
I/APP     (  360): I 06/12/2011 09:09:54:020 0016c1b8              RhoRuby| require_compiled: rholang/localization_simplified
I/APP     (  360): I 06/12/2011 09:09:54:117 0016c1b8                  APP| Current locale: en; Country code: us
I/APP     (  360): I 06/12/2011 09:09:54:120 0016c1b8                  APP| file: /data/data/com.rhomobile.cyan/rhodata/lib/rholang/lang_
I/APP     (  360): I 06/12/2011 09:09:54:139 0016c1b8              RhoRuby| require_compiled: /data/data/com.rhomobile.cyan/rhodata/lib/rholang/lang_en
I/APP     (  360): I 06/12/2011 09:09:54:199 0016c1b8              RhoRuby| require_compiled: rho/rhomsg
I/APP     (  360): I 06/12/2011 09:09:54:219 0016c1b8                  APP| Current locale: en; Country code: us
I/APP     (  360): I 06/12/2011 09:09:54:239 0016c1b8                  APP| file: /data/data/com.rhomobile.cyan/rhodata/lib/rholang/rhomsg_
I/APP     (  360): I 06/12/2011 09:09:54:248 0016c1b8              RhoRuby| require_compiled: /data/data/com.rhomobile.cyan/rhodata/lib/rholang/rhomsg_en
I/APP     (  360): I 06/12/2011 09:09:54:273 0016c1b8              RhoRuby| require_compiled: rho/rhotabbar
I/APP     (  360): I 06/12/2011 09:09:54:302 0016c1b8              RhoRuby| require_compiled: rho/rhotoolbar
I/APP     (  360): I 06/12/2011 09:09:54:326 0016c1b8              RhoRuby| require_compiled: indifferent_access
I/APP     (  360): I 06/12/2011 09:09:54:373 0016c1b8              RhoRuby| require_compiled: rho/rhosupport
I/APP     (  360): I 06/12/2011 09:09:54:434 0016c1b8              RhoRuby| require_compiled: rho/rhocontroller
I/APP     (  360): I 06/12/2011 09:09:54:484 0016c1b8              RhoRuby| require_compiled: rho/render
I/APP     (  360): I 06/12/2011 09:09:54:578 0016c1b8              RhoRuby| require_compiled: rho/rho
D/szipinf (  360): Initializing inflate state
D/szipinf (  360): Initializing zlib to inflate
I/APP     (  360): I 06/12/2011 09:09:54:859 0016c1b8              RhoRuby| require_compiled: rho/rhoerror
I/APP     (  360): I 06/12/2011 09:09:54:901 0016c1b8                  APP| Current locale: en; Country code: us
I/APP     (  360): I 06/12/2011 09:09:54:904 0016c1b8                  APP| file: /data/data/com.rhomobile.cyan/rhodata/lib/rholang/rhoerror_
I/APP     (  360): I 06/12/2011 09:09:54:919 0016c1b8              RhoRuby| require_compiled: /data/data/com.rhomobile.cyan/rhodata/lib/rholang/rhoerror_en
I/APP     (  360): I 06/12/2011 09:09:54:946 0016c1b8              RhoRuby| require_compiled: rhom/rhom_source
I/APP     (  360): I 06/12/2011 09:09:55:006 0016c1b8              RhoRuby| require_compiled: rho/rhoviewhelpers
I/APP     (  360): I 06/12/2011 09:09:55:051 0016c1b8              RhoRuby| require_compiled: rho
I/APP     (  360): I 06/12/2011 09:09:55:069 0016c1b8                  APP| RHO loaded
I/APP     (  360): I 06/12/2011 09:09:55:071 0016c1b8                  APP| Calling RHO.initialize
I/APP     (  360): I 06/12/2011 09:09:55:097 0016c1b8                   DB| Open DB: /data/data/com.rhomobile.cyan/rhodata/db/syncdbuser.sqlite
I/APP     (  360): I 06/12/2011 09:09:55:211 0016c1b8            RhodesApp| Starting sync engine...
I/APP     (  360): I 06/12/2011 09:09:55:214 0016c1b8                 Sync| sync_poll_interval: 0
I/APP     (  360): I 06/12/2011 09:09:55:224 0016c1b8                 Sync| syncserver: 
I/APP     (  360): I 06/12/2011 09:09:55:229 0016c1b8                 Sync| bulksync_state: 0
I/APP     (  360): I 06/12/2011 09:09:55:241 0016c1b8            RhodesApp| RhoRubyInitApp...
I/APP     (  360): I 06/12/2011 09:09:55:244 0016c1b8                  APP| init_app
I/APP     (  360): I 06/12/2011 09:09:55:263 0016c1b8              RhoRuby| require_compiled: application
I/APP     (  360): I 06/12/2011 09:09:55:291 0016c1b8                  APP| Current locale: en; Country code: us
I/APP     (  360): I 06/12/2011 09:09:55:305 0016c1b8                  APP| on_reinstall_config_update: {"LogToOutput"=>["0", "1"]}
I/APP     (  360): I 06/12/2011 09:09:55:329 0016c1b8           HttpServer| Start HTTP server
I/APP     (  360): I 06/12/2011 09:09:55:332 0016c1b8         AppCallbacks| addCommand: LOCAL-SERVER-STARTED
I/APP     (  360): I 06/12/2011 09:09:55:340 0015bea8         AppCallbacks| process command: LOCAL-SERVER-STARTED
I/APP     (  360): I 06/12/2011 09:09:55:345 0015bea8           AppStarted| Handlers have completed.
I/APP     (  360): I 06/12/2011 09:09:55:358 0015bea8         AppActivated| Handlers have completed.
I/APP     (  360): I 06/12/2011 09:09:55:368 0015bea8    RhodesApplication| New AppState: AppActivated
I/APP     (  360): I 06/12/2011 09:09:55:376 0015bea8         AppCallbacks| process command: UI-CREATED
I/APP     (  360): I 06/12/2011 09:09:55:424 0016c1b8           HttpServer| Process URI: '/system/uicreated'
I/APP     (  360): I 06/12/2011 09:09:55:429 0016c1b8                  APP| on_ui_created.navigate to start url: '/app'
I/APP     (  360): I 06/12/2011 09:09:55:550 0015bea8         AppCallbacks| process command: APP-ACTIVATED
I/APP     (  360): I 06/12/2011 09:09:55:647 0016c1b8           HttpServer| Process URI: '/system/activateapp'
I/APP     (  360): I 06/12/2011 09:09:55:664 0015bea8         AppCallbacks| ThreadQueue blocked for 300 seconds...
V/SimpleMainView(  360): ms[1307869795753] processForNativeView : [http://127.0.0.1:51065/app]
V/SimpleMainView.View(  360): ms[1307869795902]  Main Window :: onSizeChanged() old [ 1280 x 727 ]  new [ 0 x 0 ]
I/APP     (  360): I 06/12/2011 09:09:56:495 0016c1b8           HttpServer| Process URI: '/app'
I/APP     (  360): I 06/12/2011 09:09:57:021 0016c1b8           HttpServer| Process URI: '/app/index_erb.iseq'
I/APP     (  360): I 06/12/2011 09:09:57:099 0016c1b8                  APP| RHO serve_index: /app/index_erb.iseq
I/APP     (  360): I 06/12/2011 09:09:57:146 0016c1b8 RHO Rho::RhoController| inst_render_index
D/dalvikvm(  360): GREF has increased to 201
I/APP     (  360): I 06/12/2011 09:09:57:321 0016c1b8 RHO Rho::RhoController| index layout
D/dalvikvm(  360): GC_CONCURRENT freed 444K, 7% free 8194K/8775K, paused 7ms+7ms
I/APP     (  360): I 06/12/2011 09:09:58:651 0016c1b8           HttpServer| Process URI: '/public/jqtouch/jquery.1.3.2.min.js'
I/APP     (  360): I 06/12/2011 09:09:58:894 0016c1b8           HttpServer| Process URI: '/public/jqtouch/jqtouch.js'
I/APP     (  360): I 06/12/2011 09:09:59:097 0016c1b8           HttpServer| Process URI: '/public/jqtouch/jqtouch.css'
I/APP     (  360): I 06/12/2011 09:09:59:267 0016c1b8           HttpServer| Process URI: '/public/css/android.css'
I/APP     (  360): I 06/12/2011 09:10:01:640 0016c1b8           HttpServer| Process URI: '/public/images/android/disclosure.png'
D/dalvikvm(  132): GC_EXPLICIT freed 365K, 13% free 14069K/16007K, paused 162ms+8ms
D/dalvikvm(  132): GC_EXPLICIT freed <1K, 13% free 14069K/16007K, paused 6ms+9ms
D/dalvikvm(  360): GC_CONCURRENT freed 520K, 8% free 8226K/8903K, paused 9ms+5ms
D/webviewglue(  360): nativeDestroy view: 0x26d7d8
I/APP     (  360): I 06/12/2011 09:10:10:465 aff4d470      ChromeClientNew| ReferenceError: Can't find variable: $referrer -- From line 581 of http://127.0.0.1:51065/public/jqtouch/jqtouch.js
E/Web Console(  360): ReferenceError: Can't find variable: $referrer at http://127.0.0.1:51065/public/jqtouch/jqtouch.js:581
I/APP     (  360): I 06/12/2011 09:10:18:433 0016c1b8           HttpServer| Process URI: '/app/Settings/login'
I/APP     (  360): I 06/12/2011 09:10:18:438 0016c1b8                  APP| RHO serve: /app/Settings/login
I/APP     (  360): I 06/12/2011 09:10:18:494 0016c1b8              RhoRuby| require_compiled: Settings/controller
I/APP     (  360): I 06/12/2011 09:10:18:555 0016c1b8              RhoRuby| require_compiled: helpers/browser_helper
I/ActivityManager(   67): Starting: Intent { act=android.intent.action.MAIN cat=[android.intent.category.HOME] flg=0x10200000 cmp=com.android.launcher/com.android.launcher2.Launcher } from pid 67
W/WindowManager(   67): Failure taking screenshot for (216x135) to layer 21010
D/PhoneWindow(  360): couldn't save which view has focus because the focused view android.webkit.WebView@4086d398 has no id.
I/APP     (  360): I 06/12/2011 09:10:40:919 aff4d470         AppActivated| Handlers have completed.
I/APP     (  360): I 06/12/2011 09:10:40:921 aff4d470    RhodesApplication| New UiState: MainActivityPaused
D/RhodesActivity(  360): RhodesActivity.onPause()
I/APP     (  360): I 06/12/2011 09:10:40:999 0016c1b8           HttpServer| Process URI: '/system/uidestroyed'
D/dalvikvm(  132): GC_EXPLICIT freed 1K, 13% free 14071K/16007K, paused 6ms+9ms
D/Tablet/NotificationPanel(  114): notificationCount=0
I/APP     (  360): I 06/12/2011 09:10:44:665 aff4d470       AppDeactivated| Handlers have completed.
I/APP     (  360): I 06/12/2011 09:10:44:673 aff4d470    RhodesApplication| New AppState: AppDeactivated
I/APP     (  360): I 06/12/2011 09:10:44:707 aff4d470        RhodesService| activityStopped() temporary release wakeLock object
I/APP     (  360): I 06/12/2011 09:10:44:710 aff4d470            RhodesApp| callAppActiveCallback
I/APP     (  360): I 06/12/2011 09:10:44:711 aff4d470         AppCallbacks| addCommand: APP-DEACTIVATED
I/APP     (  360): I 06/12/2011 09:10:44:717 0015bea8         AppCallbacks| process command: APP-DEACTIVATED
I/APP     (  360): I 06/12/2011 09:10:44:718 0015bea8         AppCallbacks| ThreadQueue blocked for 300 seconds...
I/APP     (  360): I 06/12/2011 09:10:45:048 0016c1b8           HttpServer| Process URI: '/system/deactivateapp'
D/RhodesActivity(  360): RhodesActivity.onStop()
I/ActivityManager(   67): Starting: Intent { act=android.search.action.GLOBAL_SEARCH flg=0x14200000 pkg=com.android.quicksearchbox cmp=com.android.quicksearchbox/.SearchActivity bnds=[180,71][583,110] (has extras) } from pid -1
W/WindowManager(   67): Failure taking screenshot for (216x135) to layer 21010
D/dalvikvm(  297): GC_FOR_ALLOC freed 223K, 6% free 6368K/6727K, paused 116ms
I/dalvikvm-heap(  297): Grow heap (frag case) to 6.798MB for 513744-byte allocation
D/dalvikvm(  297): GC_CONCURRENT freed 8K, 6% free 6862K/7239K, paused 7ms+4ms
V/TLINE   (  297): new: android.text.TextLine@4071bc08
E/PropertyValuesHolder(  297): Couldn't find setter/getter for property alpha with value type int
D/dalvikvm(  297): GC_CONCURRENT freed 190K, 5% free 7107K/7431K, paused 6ms+5ms
I/ActivityManager(   67): Displayed com.android.quicksearchbox/.SearchActivity: +4s217ms
D/dalvikvm(  123): GC_FOR_ALLOC freed 73K, 4% free 6965K/7239K, paused 198ms
I/dalvikvm-heap(  123): Grow heap (frag case) to 7.379MB for 513744-byte allocation
D/dalvikvm(  297): GC_EXPLICIT freed 35K, 5% free 7074K/7431K, paused 17ms+6ms
D/dalvikvm(  123): GC_CONCURRENT freed <1K, 4% free 7466K/7751K, paused 10ms+25ms
D/Tablet/NotificationPanel(  114): notificationCount=0
D/Tablet/NotificationPanel(  114): notificationCount=0
V/TLINE   (  123): new: android.text.TextLine@406f45b8
D/dalvikvm(  132): GC_EXPLICIT freed 110K, 12% free 14101K/16007K, paused 10ms+6ms
I/QSB.SuggestionsProviderImpl(  297): chars:0,corpora:[web]
I/QSB.SuggestionsProviderImpl(  297): chars:0,corpora:[web]
D/dalvikvm(  297): GC_EXPLICIT freed 152K, 6% free 7028K/7431K, paused 6ms+4ms
D/dalvikvm(  297): GC_EXPLICIT freed 8K, 6% free 7019K/7431K, paused 11ms+5ms
D/dalvikvm(  297): GC_EXPLICIT freed <1K, 6% free 7019K/7431K, paused 9ms+5ms
D/dalvikvm(  297): GC_EXPLICIT freed <1K, 6% free 7019K/7431K, paused 11ms+7ms
D/dalvikvm(  297): GC_EXPLICIT freed <1K, 6% free 7019K/7431K, paused 11ms+4ms
D/dalvikvm(  297): GC_EXPLICIT freed <1K, 6% free 7019K/7431K, paused 6ms+9ms
D/SntpClient(   67): request time failed: java.net.SocketException: Address family not supported by protocol
D/dalvikvm(  297): GC_EXPLICIT freed <1K, 6% free 7019K/7431K, paused 10ms+8ms
D/dalvikvm(  297): GC_EXPLICIT freed <1K, 6% free 7019K/7431K, paused 6ms+5ms
D/dalvikvm(  297): GC_EXPLICIT freed <1K, 6% free 7019K/7431K, paused 6ms+8ms
I/APP     (  360): I 06/12/2011 09:15:44:720 0015bea8         AppCallbacks| ThreadQueue blocked for 300 seconds...
D/dalvikvm(  297): GC_EXPLICIT freed <1K, 6% free 7019K/7431K, paused 5ms+5ms
D/dalvikvm(  297): GC_EXPLICIT freed <1K, 6% free 7019K/7431K, paused 6ms+8ms
D/dalvikvm(  297): GC_EXPLICIT freed <1K, 6% free 7019K/7431K, paused 11ms+4ms
D/dalvikvm(  297): GC_EXPLICIT freed <1K, 6% free 7019K/7431K, paused 9ms+6ms
D/dalvikvm(  297): GC_EXPLICIT freed <1K, 6% free 7019K/7431K, paused 6ms+5ms
D/dalvikvm(  297): GC_EXPLICIT freed <1K, 6% free 7019K/7431K, paused 5ms+8ms
D/dalvikvm(  297): GC_EXPLICIT freed <1K, 6% free 7019K/7431K, paused 5ms+12ms
D/SntpClient(   67): request time failed: java.net.SocketException: Address family not supported by protocol
D/dalvikvm(  297): GC_EXPLICIT freed <1K, 6% free 7019K/7431K, paused 6ms+5ms
D/dalvikvm(  297): GC_EXPLICIT freed <1K, 6% free 7019K/7431K, paused 6ms+6ms
D/dalvikvm(  297): GC_EXPLICIT freed <1K, 6% free 7019K/7431K, paused 6ms+6ms
I/APP     (  360): I 06/12/2011 09:20:44:724 0015bea8         AppCallbacks| ThreadQueue blocked for 300 seconds...
D/dalvikvm(  297): GC_EXPLICIT freed <1K, 6% free 7019K/7431K, paused 11ms+5ms
D/dalvikvm(  297): GC_EXPLICIT freed <1K, 6% free 7019K/7431K, paused 5ms+4ms
D/dalvikvm(  297): GC_EXPLICIT freed <1K, 6% free 7019K/7431K, paused 7ms+8ms
D/dalvikvm(  297): GC_EXPLICIT freed <1K, 6% free 7019K/7431K, paused 10ms+5ms
I/dalvikvm(  297): Jit: resizing JitTable from 512 to 1024
D/dalvikvm(  297): GC_EXPLICIT freed <1K, 6% free 7019K/7431K, paused 6ms+5ms
D/dalvikvm(  297): GC_EXPLICIT freed <1K, 6% free 7019K/7431K, paused 9ms+9ms
D/dalvikvm(  297): GC_EXPLICIT freed <1K, 6% free 7019K/7431K, paused 7ms+6ms
D/SntpClient(   67): request time failed: java.net.SocketException: Address family not supported by protocol
D/dalvikvm(  297): GC_EXPLICIT freed <1K, 6% free 7019K/7431K, paused 11ms+5ms
D/dalvikvm(  297): GC_EXPLICIT freed <1K, 6% free 7019K/7431K, paused 5ms+5ms
D/dalvikvm(  297): GC_EXPLICIT freed <1K, 6% free 7019K/7431K, paused 9ms+12ms
D/dalvikvm(  360): GC_CONCURRENT freed 548K, 8% free 8263K/8967K, paused 11ms+7ms
I/APP     (  360): I 06/12/2011 09:25:44:730 0015bea8         AppCallbacks| ThreadQueue blocked for 300 seconds...
D/dalvikvm(  297): GC_EXPLICIT freed <1K, 6% free 7019K/7431K, paused 7ms+5ms
D/dalvikvm(  297): GC_EXPLICIT freed <1K, 6% free 7019K/7431K, paused 9ms+7ms
D/dalvikvm(  297): GC_EXPLICIT freed <1K, 6% free 7019K/7431K, paused 11ms+5ms
D/dalvikvm(  297): GC_EXPLICIT freed <1K, 6% free 7019K/7431K, paused 7ms+8ms
D/dalvikvm(  297): GC_EXPLICIT freed <1K, 6% free 7019K/7431K, paused 6ms+6ms
D/dalvikvm(  297): GC_EXPLICIT freed <1K, 6% free 7019K/7431K, paused 12ms+8ms
D/dalvikvm(  297): GC_EXPLICIT freed <1K, 6% free 7019K/7431K, paused 5ms+4ms
D/SntpClient(   67): request time failed: java.net.SocketException: Address family not supported by protocol
D/dalvikvm(  297): GC_EXPLICIT freed <1K, 6% free 7019K/7431K, paused 9ms+8ms
D/dalvikvm(  297): GC_EXPLICIT freed <1K, 6% free 7019K/7431K, paused 11ms+8ms
D/dalvikvm(  297): GC_EXPLICIT freed <1K, 6% free 7019K/7431K, paused 5ms+5ms
I/APP     (  360): I 06/12/2011 09:30:44:738 0015bea8         AppCallbacks| ThreadQueue blocked for 300 seconds...
D/dalvikvm(  297): GC_EXPLICIT freed <1K, 6% free 7019K/7431K, paused 7ms+4ms
D/dalvikvm(  297): GC_EXPLICIT freed <1K, 6% free 7019K/7431K, paused 12ms+6ms
D/dalvikvm(  297): GC_EXPLICIT freed <1K, 6% free 7019K/7431K, paused 11ms+9ms
D/dalvikvm(  297): GC_EXPLICIT freed <1K, 6% free 7019K/7431K, paused 6ms+4ms
D/dalvikvm(  297): GC_EXPLICIT freed <1K, 6% free 7019K/7431K, paused 7ms+9ms
D/dalvikvm(  297): GC_EXPLICIT freed <1K, 6% free 7019K/7431K, paused 6ms+12ms
D/dalvikvm(  297): GC_EXPLICIT freed <1K, 6% free 7019K/7431K, paused 6ms+11ms
D/SntpClient(   67): request time failed: java.net.SocketException: Address family not supported by protocol
D/dalvikvm(  297): GC_EXPLICIT freed <1K, 6% free 7019K/7431K, paused 6ms+7ms
D/dalvikvm(  297): GC_EXPLICIT freed <1K, 6% free 7019K/7431K, paused 12ms+5ms
D/dalvikvm(  297): GC_EXPLICIT freed <1K, 6% free 7019K/7431K, paused 10ms+5ms
I/APP     (  360): I 06/12/2011 09:35:44:745 0015bea8         AppCallbacks| ThreadQueue blocked for 300 seconds...
D/dalvikvm(  297): GC_EXPLICIT freed <1K, 6% free 7019K/7431K, paused 6ms+7ms
D/dalvikvm(  297): GC_EXPLICIT freed <1K, 6% free 7019K/7431K, paused 10ms+7ms
D/dalvikvm(  297): GC_EXPLICIT freed <1K, 6% free 7019K/7431K, paused 8ms+6ms
D/dalvikvm(  297): GC_EXPLICIT freed <1K, 6% free 7019K/7431K, paused 8ms+8ms
D/dalvikvm(  297): GC_EXPLICIT freed <1K, 6% free 7019K/7431K, paused 6ms+5ms
D/dalvikvm(  297): GC_EXPLICIT freed <1K, 6% free 7019K/7431K, paused 6ms+5ms
D/dalvikvm(  297): GC_EXPLICIT freed <1K, 6% free 7019K/7431K, paused 6ms+5ms
D/SntpClient(   67): request time failed: java.net.SocketException: Address family not supported by protocol
D/dalvikvm(  297): GC_EXPLICIT freed <1K, 6% free 7019K/7431K, paused 6ms+7ms
D/dalvikvm(  297): GC_EXPLICIT freed <1K, 6% free 7019K/7431K, paused 11ms+4ms
D/dalvikvm(  360): GC_EXPLICIT freed 418K, 9% free 8241K/8967K, paused 5ms+7ms
D/dalvikvm(  297): GC_EXPLICIT freed <1K, 6% free 7019K/7431K, paused 5ms+5ms
I/APP     (  360): I 06/12/2011 09:40:44:752 0015bea8         AppCallbacks| ThreadQueue blocked for 300 seconds...
D/dalvikvm(  297): GC_EXPLICIT freed <1K, 6% free 7019K/7431K, paused 9ms+5ms
D/dalvikvm(  297): GC_EXPLICIT freed <1K, 6% free 7019K/7431K, paused 5ms+5ms
D/dalvikvm(  297): GC_EXPLICIT freed <1K, 6% free 7019K/7431K, paused 10ms+6ms
D/dalvikvm(  297): GC_EXPLICIT freed <1K, 6% free 7019K/7431K, paused 9ms+5ms
D/dalvikvm(  297): GC_EXPLICIT freed <1K, 6% free 7019K/7431K, paused 11ms+4ms
D/dalvikvm(  297): GC_EXPLICIT freed <1K, 6% free 7019K/7431K, paused 6ms+4ms
D/dalvikvm(   67): GC_CONCURRENT freed 1988K, 52% free 13343K/27527K, paused 11ms+13ms
D/dalvikvm(  297): GC_EXPLICIT freed <1K, 6% free 7019K/7431K, paused 9ms+31ms
D/SntpClient(   67): request time failed: java.net.SocketException: Address family not supported by protocol
D/dalvikvm(  297): GC_EXPLICIT freed <1K, 6% free 7019K/7431K, paused 6ms+5ms
D/dalvikvm(  297): GC_EXPLICIT freed <1K, 6% free 7019K/7431K, paused 10ms+5ms
D/dalvikvm(  297): GC_EXPLICIT freed <1K, 6% free 7019K/7431K, paused 9ms+6ms
I/APP     (  360): I 06/12/2011 09:45:44:760 0015bea8         AppCallbacks| ThreadQueue blocked for 300 seconds...
D/dalvikvm(  297): GC_EXPLICIT freed <1K, 6% free 7019K/7431K, paused 6ms+9ms
D/dalvikvm(  297): GC_EXPLICIT freed <1K, 6% free 7019K/7431K, paused 9ms+5ms
D/dalvikvm(  297): GC_EXPLICIT freed <1K, 6% free 7019K/7431K, paused 6ms+7ms
D/dalvikvm(  297): GC_EXPLICIT freed <1K, 6% free 7019K/7431K, paused 6ms+5ms
D/dalvikvm(  297): GC_EXPLICIT freed <1K, 6% free 7019K/7431K, paused 5ms+5ms
D/dalvikvm(  297): GC_EXPLICIT freed <1K, 6% free 7019K/7431K, paused 5ms+7ms
D/dalvikvm(  297): GC_EXPLICIT freed <1K, 6% free 7019K/7431K, paused 8ms+4ms
D/SntpClient(   67): request time failed: java.net.SocketException: Address family not supported by protocol
D/dalvikvm(  297): GC_EXPLICIT freed <1K, 6% free 7019K/7431K, paused 14ms+6ms
D/dalvikvm(  297): GC_EXPLICIT freed <1K, 6% free 7019K/7431K, paused 6ms+6ms
D/dalvikvm(  297): GC_EXPLICIT freed <1K, 6% free 7019K/7431K, paused 6ms+7ms
I/APP     (  360): I 06/12/2011 09:50:44:765 0015bea8         AppCallbacks| ThreadQueue blocked for 300 seconds...
D/dalvikvm(  297): GC_EXPLICIT freed <1K, 6% free 7019K/7431K, paused 5ms+4ms
D/dalvikvm(  297): GC_EXPLICIT freed <1K, 6% free 7019K/7431K, paused 9ms+7ms
D/dalvikvm(  297): GC_EXPLICIT freed <1K, 6% free 7019K/7431K, paused 5ms+6ms
D/dalvikvm(  297): GC_EXPLICIT freed <1K, 6% free 7019K/7431K, paused 6ms+5ms
D/dalvikvm(  297): GC_EXPLICIT freed <1K, 6% free 7019K/7431K, paused 6ms+8ms
D/dalvikvm(  297): GC_EXPLICIT freed <1K, 6% free 7019K/7431K, paused 8ms+5ms
D/dalvikvm(  297): GC_EXPLICIT freed <1K, 6% free 7019K/7431K, paused 6ms+8ms
D/SntpClient(   67): request time failed: java.net.SocketException: Address family not supported by protocol
D/dalvikvm(  297): GC_EXPLICIT freed <1K, 6% free 7019K/7431K, paused 10ms+6ms
D/dalvikvm(  297): GC_EXPLICIT freed <1K, 6% free 7019K/7431K, paused 6ms+7ms
D/dalvikvm(  297): GC_EXPLICIT freed <1K, 6% free 7019K/7431K, paused 11ms+5ms
I/APP     (  360): I 06/12/2011 09:55:44:770 0015bea8         AppCallbacks| ThreadQueue blocked for 300 seconds...
D/dalvikvm(  297): GC_EXPLICIT freed <1K, 6% free 7019K/7431K, paused 10ms+6ms
D/dalvikvm(  297): GC_EXPLICIT freed <1K, 6% free 7019K/7431K, paused 12ms+4ms
D/dalvikvm(  297): GC_EXPLICIT freed <1K, 6% free 7019K/7431K, paused 8ms+8ms
D/dalvikvm(  297): GC_EXPLICIT freed <1K, 6% free 7019K/7431K, paused 11ms+10ms
D/dalvikvm(  297): GC_EXPLICIT freed <1K, 6% free 7019K/7431K, paused 6ms+8ms
D/dalvikvm(  297): GC_EXPLICIT freed <1K, 6% free 7019K/7431K, paused 6ms+6ms
D/dalvikvm(  297): GC_EXPLICIT freed <1K, 6% free 7019K/7431K, paused 6ms+5ms
D/SntpClient(   67): request time failed: java.net.SocketException: Address family not supported by protocol
D/dalvikvm(  297): GC_EXPLICIT freed <1K, 6% free 7019K/7431K, paused 11ms+5ms
D/dalvikvm(  297): GC_EXPLICIT freed <1K, 6% free 7019K/7431K, paused 7ms+5ms
I/APP     (  360): I 06/12/2011 10:00:44:774 0015bea8         AppCallbacks| ThreadQueue blocked for 300 seconds...
D/dalvikvm(  297): GC_EXPLICIT freed <1K, 6% free 7019K/7431K, paused 9ms+5ms
D/dalvikvm(  297): GC_EXPLICIT freed <1K, 6% free 7019K/7431K, paused 5ms+8ms
D/dalvikvm(  297): GC_EXPLICIT freed <1K, 6% free 7019K/7431K, paused 11ms+6ms
D/dalvikvm(  297): GC_EXPLICIT freed <1K, 6% free 7019K/7431K, paused 8ms+8ms
D/dalvikvm(  297): GC_EXPLICIT freed <1K, 6% free 7019K/7431K, paused 5ms+8ms
D/dalvikvm(  360): GC_CONCURRENT freed 632K, 9% free 8233K/9031K, paused 7ms+6ms
D/dalvikvm(  297): GC_EXPLICIT freed <1K, 6% free 7019K/7431K, paused 10ms+5ms
D/dalvikvm(  297): GC_EXPLICIT freed <1K, 6% free 7019K/7431K, paused 11ms+6ms
D/dalvikvm(  297): GC_EXPLICIT freed <1K, 6% free 7019K/7431K, paused 7ms+6ms
D/SntpClient(   67): request time failed: java.net.SocketException: Address family not supported by protocol
D/dalvikvm(  297): GC_EXPLICIT freed <1K, 6% free 7019K/7431K, paused 12ms+5ms
D/dalvikvm(  297): GC_EXPLICIT freed <1K, 6% free 7019K/7431K, paused 6ms+6ms
I/APP     (  360): I 06/12/2011 10:05:44:782 0015bea8         AppCallbacks| ThreadQueue blocked for 300 seconds...
D/dalvikvm(  297): GC_EXPLICIT freed <1K, 6% free 7019K/7431K, paused 8ms+5ms
D/dalvikvm(  297): GC_EXPLICIT freed <1K, 6% free 7019K/7431K, paused 9ms+5ms
D/dalvikvm(  297): GC_EXPLICIT freed <1K, 6% free 7019K/7431K, paused 11ms+5ms
D/dalvikvm(  297): GC_EXPLICIT freed <1K, 6% free 7019K/7431K, paused 10ms+6ms
D/dalvikvm(  297): GC_EXPLICIT freed <1K, 6% free 7019K/7431K, paused 5ms+6ms
D/dalvikvm(  297): GC_EXPLICIT freed <1K, 6% free 7019K/7431K, paused 10ms+6ms
D/dalvikvm(  297): GC_EXPLICIT freed <1K, 6% free 7019K/7431K, paused 11ms+4ms
D/SntpClient(   67): request time failed: java.net.SocketException: Address family not supported by protocol
D/dalvikvm(  297): GC_EXPLICIT freed <1K, 6% free 7019K/7431K, paused 7ms+14ms
D/dalvikvm(  297): GC_EXPLICIT freed <1K, 6% free 7019K/7431K, paused 6ms+5ms
D/dalvikvm(  297): GC_EXPLICIT freed <1K, 6% free 7019K/7431K, paused 7ms+7ms
I/PerformBackupThread(   67): Initializing (wiping) backup state and transport storage
V/LocalTransport(   67): wiping all data
I/PMBA    (   67): Previous metadata null mismatch vs 104254 - rewriting
V/LocalTransport(   67): performBackup() pkg=@pm@
V/LocalTransport(   67): Got change set key=@meta@ size=12 key64=QG1ldGFA
V/LocalTransport(   67):   data size 12
V/LocalTransport(   67): Got change set key=com.android.inputmethod.latin size=1208 key64=Y29tLmFuZHJvaWQuaW5wdXRtZXRob2QubGF0aW4=
V/LocalTransport(   67):   data size 1208
V/LocalTransport(   67): Got change set key=com.android.browser size=1208 key64=Y29tLmFuZHJvaWQuYnJvd3Nlcg==
V/LocalTransport(   67):   data size 1208
V/LocalTransport(   67): Got change set key=com.android.providers.userdictionary size=1208 key64=Y29tLmFuZHJvaWQucHJvdmlkZXJzLnVzZXJkaWN0aW9uYXJ5
V/LocalTransport(   67):   data size 1208
V/LocalTransport(   67): Got change set key=android size=1208 key64=YW5kcm9pZA==
V/LocalTransport(   67):   data size 1208
V/LocalTransport(   67): Got change set key=com.android.providers.settings size=1208 key64=Y29tLmFuZHJvaWQucHJvdmlkZXJzLnNldHRpbmdz
V/LocalTransport(   67):   data size 1208
V/LocalTransport(   67): finishBackup()
D/PerformBackupThread(   67): starting agent for backup of BackupRequest{app=ApplicationInfo{4062a990 com.android.browser} full=false}
I/ActivityManager(   67): Start proc com.android.browser for backup com.android.browser/.BrowserBackupAgent: pid=395 uid=10015 gids={3003, 1015}
D/installd(   34): DexInv: --- BEGIN '/system/app/Browser.apk' ---
D/BackupManagerService(   67): awaiting agent for ApplicationInfo{4062a990 com.android.browser}
D/dalvikvm(  403): DexOpt: load 1674ms, verify+opt 5239ms
D/installd(   34): DexInv: --- END '/system/app/Browser.apk' (success) ---
I/ActivityThread(  395): Pub com.android.browser;browser: com.android.browser.provider.BrowserProvider2
I/ActivityThread(  395): Pub com.android.browser.home: com.android.browser.homepages.HomeProvider
D/BackupManagerService(   67): agentConnected pkg=com.android.browser agent=android.os.BinderProxy@40c8a6f0
D/PerformBackupThread(   67): starting agent for backup of BackupRequest{app=ApplicationInfo{406bfd58 com.android.providers.userdictionary} full=false}
D/BackupManagerService(   67): awaiting agent for ApplicationInfo{406bfd58 com.android.providers.userdictionary}
D/BackupManagerService(   67): agentConnected pkg=com.android.providers.userdictionary agent=android.os.BinderProxy@40c8c3e0
E/DictionaryBackupAgent(  187): Couldn't read from the cursor
E/ActivityThread(  395): Failed to find provider info for com.google.settings
D/PerformBackupThread(   67): starting agent for backup of BackupRequest{app=ApplicationInfo{40636350 android} full=false}
D/BackupManagerService(   67): awaiting agent for ApplicationInfo{40636350 android}
D/BackupManagerService(   67): agentConnected pkg=android agent=android.app.backup.BackupAgent$BackupServiceBinder@40c8ea10
D/BackupHelperDispatcher(   67): handling new helper 'wallpaper'
V/LocalTransport(   67): performBackup() pkg=android
V/LocalTransport(   67): Got change set key=wallpaper:/data/system/wallpaper_info.xml size=189 key64=d2FsbHBhcGVyOi9kYXRhL3N5c3RlbS93YWxscGFwZXJfaW5mby54bWw=
V/LocalTransport(   67):   data size 189
V/LocalTransport(   67): finishBackup()
D/PerformBackupThread(   67): starting agent for backup of BackupRequest{app=ApplicationInfo{40709c28 com.android.inputmethod.latin} full=false}
