D/dalvikvm(  330): DexOpt: load 148ms, verify 670ms, opt 21ms
D/installd(   35): DexInv: --- END '/data/app/com.rhomobile.allosante-1.apk' (success) ---
D/PackageManager(   75): Registered content provider: com.rhomobile.allosante, className = com.rhomobile.rhodes.LocalFileProvider, isSyncable = false
D/PackageManager(   75):   Providers: com.rhomobile.rhodes.LocalFileProvider
D/PackageManager(   75):   Services: com.rhomobile.rhodes.RhodesService
D/PackageManager(   75):   Activities: com.rhomobile.rhodes.RhodesActivity com.rhomobile.rhodes.alert.PopupActivity com.rhomobile.rhodes.camera.FileList com.rhomobile.rhodes.camera.ImageCapture com.rhomobile.rhodes.signature.ImageCapture com.rhomobile.rhodes.datetime.DateTimePickerScreen com.rhomobile.rhodes.mapview.MapView com.rhomobile.rhodes.mapview.GoogleMapView com.rhomobile.rhodes.bluetooth.RhoBluetoothDeviceListActivity
I/ActivityManager(   75): Force stopping package com.rhomobile.allosante uid=10036
I/installd(   35): move /data/dalvik-cache/data@app@com.rhomobile.allosante-1.apk@classes.dex -> /data/dalvik-cache/data@app@com.rhomobile.allosante-1.apk@classes.dex
D/PackageManager(   75): New package installed in /data/app/com.rhomobile.allosante-1.apk
I/ActivityManager(   75): Start proc com.svox.pico for broadcast com.svox.pico/.VoiceDataInstallerReceiver: pid=331 uid=10009 gids={}
W/RecognitionManagerService(   75): no available voice recognition services found
D/dalvikvm(   75): GC_EXPLICIT freed 7476 objects / 453296 bytes in 250ms
D/AndroidRuntime(  233): Shutting down VM
D/installd(   35): DexInv: --- BEGIN '/system/app/PicoTts.apk' ---
D/jdwp    (  233): adbd disconnected
I/AndroidRuntime(  233): NOTE: attach of thread 'Binder Thread #3' failed
D/dalvikvm(  337): DexOpt: load 61ms, verify 185ms, opt 3ms
D/installd(   35): DexInv: --- END '/system/app/PicoTts.apk' (success) ---
I/ActivityThread(  331): Publishing provider com.svox.pico.providers.SettingsProvider: com.svox.pico.providers.SettingsProvider
D/AndroidRuntime(  342): 
D/AndroidRuntime(  342): >>>>>>>>>>>>>> AndroidRuntime START <<<<<<<<<<<<<<
D/AndroidRuntime(  342): CheckJNI is ON
D/AndroidRuntime(  342): --- registering native functions ---
I/ActivityManager(   75): Starting activity: Intent { act=android.intent.action.MAIN flg=0x10000000 cmp=com.rhomobile.allosante/com.rhomobile.rhodes.RhodesActivity }
D/AndroidRuntime(  342): Shutting down VM
D/jdwp    (  342): adbd disconnected
I/ActivityManager(   75): Start proc com.rhomobile.allosante for activity com.rhomobile.allosante/com.rhomobile.rhodes.RhodesActivity: pid=349 uid=10036 gids={3003}
I/AndroidRuntime(  342): NOTE: attach of thread 'Binder Thread #3' failed
I/ARMAssembler(   75): generated scanline__00000077:03545404_00000004_00000000 [ 47 ipp] (67 ins) at [0x235638:0x235744] in 971000 ns
D/dalvikvm(  349): Trying to load lib /data/data/com.rhomobile.allosante/lib/librhodes.so 0x43e37cf0
D/dalvikvm(  349): Added shared lib /data/data/com.rhomobile.allosante/lib/librhodes.so 0x43e37cf0
I/ActivityThread(  349): Publishing provider com.rhomobile.allosante: com.rhomobile.rhodes.LocalFileProvider
I/RhodesActivity(  349): >>>>>>>>>>>>>>> onCreate()
D/RhodesActivity(  349): RhodesActivity.onStart()
D/RhodesActivity(  349): RhodesActivity.onResume()
D/RhodesService(  349): Root path: /data/data/com.rhomobile.allosante/rhodata/
D/RhodesService(  349): Sqlite journals path: /data/data/com.rhomobile.allosante/sqlite_stmt_journals/
I/global  (  349): Default buffer size used in BufferedReader constructor. It would be better to be explicit if an 8k-char buffer is required.
I/RhodesService(  349): Application hash was changed
W/ActivityManager(   75): No content provider found for: 
D/RhodesService(  349): Root path: /data/data/com.rhomobile.allosante/rhodata/
D/RhodesService(  349): Sqlite journals path: /data/data/com.rhomobile.allosante/sqlite_stmt_journals/
I/global  (  349): Default buffer size used in BufferedReader constructor. It would be better to be explicit if an 8k-char buffer is required.
I/APP     (  349): I 06/12/2011 10:53:08:146 afd48828            RhodesApp| Trying to get free listening port.
I/APP     (  349): I 06/12/2011 10:53:08:162 00223548         AppCallbacks| Starting main routine...
I/APP     (  349): I 06/12/2011 10:53:08:167 00223548         AppCallbacks| ThreadQueue blocked for 300 seconds...
I/APP     (  349): I 06/12/2011 10:53:08:175 afd48828            RhodesApp| Trying to bind of 0 port...
I/APP     (  349): I 06/12/2011 10:53:08:179 afd48828            RhodesApp| Got port to bind on: 43729
I/APP     (  349): I 06/12/2011 10:53:08:184 afd48828            RhodesApp| Free listening port: 43729
D/dalvikvm(  349): GC_FOR_MALLOC freed 6100 objects / 373512 bytes in 156ms
I/APP     (  349): I 06/12/2011 10:53:08:447 afd48828               Rhodes| Loading...
I/APP     (  349): I 06/12/2011 10:53:08:875 afd48828            RhodesApp| callAppActiveCallback
I/APP     (  349): I 06/12/2011 10:53:08:877 afd48828         AppCallbacks| addCommand: APP-ACTIVATED
I/APP     (  349): I 06/12/2011 10:53:08:891 00223548         AppCallbacks| Received command APP-ACTIVATED which is greater than expected (LOCAL-SERVER-STARTED) - postpone it
I/APP     (  349): I 06/12/2011 10:53:08:892 00223548         AppCallbacks| ThreadQueue blocked for 300 seconds...
I/APP     (  349): I 06/12/2011 10:53:08:896 afd48828         AppActivated| Cannot commit now, application will be activated when started.
I/APP     (  349): I 06/12/2011 10:53:08:907 afd48828            Undefined| Handlers have completed.
I/APP     (  349): I 06/12/2011 10:53:08:922 afd48828    RhodesApplication| New AppState: Undefined
I/APP     (  349): I 06/12/2011 10:53:08:932 00258088            RhodesApp| Starting RhodesApp main routine...
I/APP     (  349): I 06/12/2011 10:53:08:938 afd48828        RhodesService| handleCommand: startId=1, source=com.rhomobile.rhodes.BaseActivity
I/APP     (  349): I 06/12/2011 10:53:08:954 afd48828        RhodesService| New activity was created
I/APP     (  349): I 06/12/2011 10:53:08:998 afd48828         AppCallbacks| addCommand: UI-CREATED
I/APP     (  349): I 06/12/2011 10:53:09:013 00223548         AppCallbacks| Received command UI-CREATED which is greater than expected (LOCAL-SERVER-STARTED) - postpone it
I/APP     (  349): I 06/12/2011 10:53:09:014 00223548         AppCallbacks| ThreadQueue blocked for 300 seconds...
I/APP     (  349): I 06/12/2011 10:53:09:192 afd48828       RhodesActivity| onServiceConnected: {com.rhomobile.allosante/com.rhomobile.rhodes.RhodesService}
W/InputManagerService(   75): Starting input on non-focused client com.android.internal.view.IInputMethodClient$Stub$Proxy@43f25358 (uid=10017 pid=206)
I/APP     (  349): I 06/12/2011 10:53:09:698 00258088              RhoRuby| Init_RhoBlobs: /data/data/com.rhomobile.allosante/rhodata/db/db-files
I/APP     (  349): I 06/12/2011 10:53:09:790 00258088              RhoRuby| require_compiled: rhoframework
I/APP     (  349): I 06/12/2011 10:53:09:869 00258088              RhoRuby| require_compiled: rational
I/APP     (  349): I 06/12/2011 10:53:09:898 00258088              RhoRuby| require_compiled: rhom/rhom_db_adapter
I/APP     (  349): I 06/12/2011 10:53:10:043 00258088              RhoRuby| require_compiled: rhodes
I/APP     (  349): I 06/12/2011 10:53:10:077 00258088              RhoRuby| require_compiled: rhom/rhom_object
I/APP     (  349): I 06/12/2011 10:53:10:146 00258088              RhoRuby| require_compiled: rhofsconnector
I/APP     (  349): I 06/12/2011 10:53:10:167 00258088              RhoRuby| require_compiled: rho/rhofsconnector
I/APP     (  349): I 06/12/2011 10:53:10:224 00258088              RhoRuby| require_compiled: rhom/rhom_object_factory
I/ActivityManager(   75): Displayed activity com.rhomobile.allosante/com.rhomobile.rhodes.RhodesActivity: 3987 ms (total 3987 ms)
I/APP     (  349): I 06/12/2011 10:53:11:126 00258088              RhoRuby| require_compiled: rhom/rhom
I/APP     (  349): I 06/12/2011 10:53:11:168 00258088              RhoRuby| require_compiled: rhom/rhom_model
I/APP     (  349): I 06/12/2011 10:53:11:212 00258088              RhoRuby| require_compiled: rhom
I/APP     (  349): I 06/12/2011 10:53:11:226 00258088              RhoRuby| require_compiled: rho/rhoapplication
I/APP     (  349): I 06/12/2011 10:53:11:284 00258088              RhoRuby| require_compiled: rholang/localization_simplified
I/APP     (  349): I 06/12/2011 10:53:11:349 00258088                  APP| Current locale: ld; Country code: us
I/APP     (  349): I 06/12/2011 10:53:11:353 00258088                  APP| file: /data/data/com.rhomobile.allosante/rhodata/lib/rholang/lang_
I/APP     (  349): I 06/12/2011 10:53:11:368 00258088                  APP| Could not find resources for locale: ld;file: /data/data/com.rhomobile.allosante/rhodata/lib/rholang/lang_
I/APP     (  349): I 06/12/2011 10:53:11:371 00258088                  APP| Load english resources.
I/APP     (  349): I 06/12/2011 10:53:11:377 00258088              RhoRuby| require_compiled: /data/data/com.rhomobile.allosante/rhodata/lib/rholang/lang_en
I/APP     (  349): I 06/12/2011 10:53:11:409 00258088              RhoRuby| require_compiled: rho/rhomsg
I/APP     (  349): I 06/12/2011 10:53:11:426 00258088                  APP| Current locale: ld; Country code: us
I/APP     (  349): I 06/12/2011 10:53:11:429 00258088                  APP| file: /data/data/com.rhomobile.allosante/rhodata/lib/rholang/rhomsg_
I/APP     (  349): I 06/12/2011 10:53:11:443 00258088                  APP| Could not find resources for locale: ld;file: /data/data/com.rhomobile.allosante/rhodata/lib/rholang/rhomsg_
I/APP     (  349): I 06/12/2011 10:53:11:446 00258088                  APP| Load english resources.
I/APP     (  349): I 06/12/2011 10:53:11:452 00258088              RhoRuby| require_compiled: /data/data/com.rhomobile.allosante/rhodata/lib/rholang/rhomsg_en
I/APP     (  349): I 06/12/2011 10:53:11:474 00258088              RhoRuby| require_compiled: rho/rhotabbar
I/APP     (  349): I 06/12/2011 10:53:11:497 00258088              RhoRuby| require_compiled: rho/rhotoolbar
I/APP     (  349): I 06/12/2011 10:53:11:520 00258088              RhoRuby| require_compiled: indifferent_access
I/APP     (  349): I 06/12/2011 10:53:11:565 00258088              RhoRuby| require_compiled: rho/rhosupport
I/APP     (  349): I 06/12/2011 10:53:11:625 00258088              RhoRuby| require_compiled: rho/rhocontroller
I/APP     (  349): I 06/12/2011 10:53:11:678 00258088              RhoRuby| require_compiled: rho/render
I/APP     (  349): I 06/12/2011 10:53:11:756 00258088              RhoRuby| require_compiled: rho/rho
I/APP     (  349): I 06/12/2011 10:53:12:016 00258088              RhoRuby| require_compiled: rho/rhoerror
I/APP     (  349): I 06/12/2011 10:53:12:037 00258088                  APP| Current locale: ld; Country code: us
I/APP     (  349): I 06/12/2011 10:53:12:041 00258088                  APP| file: /data/data/com.rhomobile.allosante/rhodata/lib/rholang/rhoerror_
I/APP     (  349): I 06/12/2011 10:53:12:048 00258088                  APP| Could not find resources for locale: ld;file: /data/data/com.rhomobile.allosante/rhodata/lib/rholang/rhoerror_
I/APP     (  349): I 06/12/2011 10:53:12:058 00258088                  APP| Load english resources.
I/APP     (  349): I 06/12/2011 10:53:12:063 00258088              RhoRuby| require_compiled: /data/data/com.rhomobile.allosante/rhodata/lib/rholang/rhoerror_en
I/APP     (  349): I 06/12/2011 10:53:12:092 00258088              RhoRuby| require_compiled: rhom/rhom_source
I/APP     (  349): I 06/12/2011 10:53:12:148 00258088              RhoRuby| require_compiled: rho/rhoviewhelpers
I/APP     (  349): I 06/12/2011 10:53:12:185 00258088              RhoRuby| require_compiled: rho
I/APP     (  349): I 06/12/2011 10:53:12:200 00258088                  APP| RHO loaded
I/APP     (  349): I 06/12/2011 10:53:12:202 00258088                  APP| Calling RHO.initialize
I/APP     (  349): I 06/12/2011 10:53:12:221 00258088                   DB| Open DB: /data/data/com.rhomobile.allosante/rhodata/db/syncdbuser.sqlite
I/APP     (  349): I 06/12/2011 10:53:12:508 00258088            RhodesApp| Starting sync engine...
I/APP     (  349): I 06/12/2011 10:53:12:513 00258088                 Sync| sync_poll_interval: 0
I/APP     (  349): I 06/12/2011 10:53:12:518 00258088                 Sync| syncserver: 
I/APP     (  349): I 06/12/2011 10:53:12:537 00258088                 Sync| bulksync_state: 0
I/APP     (  349): I 06/12/2011 10:53:12:539 00258088            RhodesApp| RhoRubyInitApp...
I/APP     (  349): I 06/12/2011 10:53:12:544 00258088                  APP| init_app
I/APP     (  349): I 06/12/2011 10:53:12:555 00258088              RhoRuby| require_compiled: application
I/APP     (  349): I 06/12/2011 10:53:12:578 00258088                  APP| Current locale: ld; Country code: us
I/APP     (  349): I 06/12/2011 10:53:12:582 00258088                  APP| Could not find resources for locale: ld;file: /data/data/com.rhomobile.allosante/rhodata/apps/app/lang/lang_
I/APP     (  349): I 06/12/2011 10:53:12:596 00258088           HttpServer| Start HTTP server
I/APP     (  349): I 06/12/2011 10:53:12:601 00258088         AppCallbacks| addCommand: LOCAL-SERVER-STARTED
I/APP     (  349): I 06/12/2011 10:53:12:613 00223548         AppCallbacks| process command: LOCAL-SERVER-STARTED
I/APP     (  349): I 06/12/2011 10:53:12:615 00223548           AppStarted| Handlers have completed.
I/APP     (  349): I 06/12/2011 10:53:12:617 00223548         AppActivated| Handlers have completed.
I/APP     (  349): I 06/12/2011 10:53:12:617 00223548    RhodesApplication| New AppState: AppActivated
I/APP     (  349): I 06/12/2011 10:53:12:626 00223548         AppCallbacks| process command: UI-CREATED
I/APP     (  349): I 06/12/2011 10:53:12:671 00258088           HttpServer| Process URI: '/system/uicreated'
I/APP     (  349): I 06/12/2011 10:53:12:677 00258088                  APP| on_ui_created.navigate to start url: '/app'
I/APP     (  349): I 06/12/2011 10:53:12:773 00223548         AppCallbacks| process command: APP-ACTIVATED
I/APP     (  349): I 06/12/2011 10:53:12:831 00258088           HttpServer| Process URI: '/system/activateapp'
I/APP     (  349): I 06/12/2011 10:53:12:848 00223548         AppCallbacks| ThreadQueue blocked for 300 seconds...
V/SimpleMainView(  349): ms[1307875992931] processForNativeView : [http://127.0.0.1:43729/app]
V/SimpleMainView.View(  349): ms[1307875992983]  Main Window :: onSizeChanged() old [ 480 x 775 ]  new [ 0 x 0 ]
I/APP     (  349): I 06/12/2011 10:53:13:346 00258088           HttpServer| Process URI: '/app'
D/dalvikvm(  349): GC_FOR_MALLOC freed 1780 objects / 432088 bytes in 114ms
D/webviewglue(  349): nativeDestroy view: 0x2b5358
I/APP     (  349): I 06/12/2011 10:53:13:822 00258088           HttpServer| Process URI: '/app/index_erb.iseq'
I/APP     (  349): I 06/12/2011 10:53:13:840 00258088                  APP| RHO serve_index: /app/index_erb.iseq
I/APP     (  349): I 06/12/2011 10:53:13:857 00258088 RHO Rho::RhoController| inst_render_index
I/APP     (  349): I 06/12/2011 10:53:13:903 00258088 RHO Rho::RhoController| index layout
I/APP     (  349): I 06/12/2011 10:53:14:471 00258088           HttpServer| Process URI: '/public/jqtouch/jquery.1.3.2.min.js'
I/APP     (  349): I 06/12/2011 10:53:14:890 00258088           HttpServer| Process URI: '/public/jqtouch/jqtouch.js'
I/APP     (  349): I 06/12/2011 10:53:15:035 00258088           HttpServer| Process URI: '/public/jqtouch/jqtouch.css'
I/APP     (  349): I 06/12/2011 10:53:15:129 00258088           HttpServer| Process URI: '/public/css/android.css'
I/APP     (  349): I 06/12/2011 10:53:17:616 00258088           HttpServer| Process URI: '/public/images/android/disclosure.png'
D/dalvikvm(  349): GC_FOR_MALLOC freed 2199 objects / 466688 bytes in 95ms
I/APP     (  349): I 06/12/2011 10:58:12:852 00223548         AppCallbacks| ThreadQueue blocked for 300 seconds...
I/APP     (  349): I 06/12/2011 11:00:13:690 00258088           HttpServer| Process URI: '/app/Settings/login'
I/APP     (  349): I 06/12/2011 11:00:13:697 00258088                  APP| RHO serve: /app/Settings/login
I/APP     (  349): I 06/12/2011 11:00:13:726 00258088              RhoRuby| require_compiled: Settings/controller
I/APP     (  349): I 06/12/2011 11:00:13:853 00258088              RhoRuby| require_compiled: helpers/browser_helper
I/APP     (  349): I 06/12/2011 11:00:14:429 00258088           HttpServer| Process URI: '/app/Settings/login'
I/APP     (  349): I 06/12/2011 11:00:14:435 00258088                  APP| RHO serve: /app/Settings/login
D/dalvikvm(  349): GC_FOR_MALLOC freed 16669 objects / 569200 bytes in 131ms
I/APP     (  349): I 06/12/2011 11:03:12:855 00223548         AppCallbacks| ThreadQueue blocked for 300 seconds...
I/APP     (  349): I 06/12/2011 11:08:12:860 00223548         AppCallbacks| ThreadQueue blocked for 300 seconds...
D/dalvikvm(  349): GC_FOR_MALLOC freed 19562 objects / 520656 bytes in 131ms
D/AndroidRuntime(  373): 
D/AndroidRuntime(  373): >>>>>>>>>>>>>> AndroidRuntime START <<<<<<<<<<<<<<
D/AndroidRuntime(  373): CheckJNI is ON
D/AndroidRuntime(  373): --- registering native functions ---
D/dalvikvm(  254): GC_EXPLICIT freed 242 objects / 15880 bytes in 85ms
D/PackageParser(   75): Scanning package: /data/app/vmdl62585.tmp
D/dalvikvm(   75): GC_FOR_MALLOC freed 17259 objects / 1033264 bytes in 219ms
I/PackageManager(   75): Removing non-system package:com.rhomobile.allosante
I/ActivityManager(   75): Force stopping package com.rhomobile.allosante uid=10036
W/ActivityManager(   75): Scheduling restart of crashed service com.rhomobile.allosante/com.rhomobile.rhodes.RhodesService in 5000ms
I/Process (   75): Sending signal. PID: 349 SIG: 9
I/ActivityManager(   75):   Force stopping service ServiceRecord{44181c50 com.rhomobile.allosante/com.rhomobile.rhodes.RhodesService}
I/UsageStats(   75): Unexpected resume of com.android.launcher while already resumed in com.rhomobile.allosante
I/WindowManager(   75): WIN DEATH: Window{4403bea8 com.rhomobile.allosante/com.rhomobile.rhodes.RhodesActivity paused=false}
D/PackageManager(   75): Scanning package com.rhomobile.allosante
I/PackageManager(   75): Package com.rhomobile.allosante codePath changed from /data/app/com.rhomobile.allosante-1.apk to /data/app/com.rhomobile.allosante-2.apk; Retaining data and using new
I/PackageManager(   75): /data/app/com.rhomobile.allosante-2.apk changed; unpacking
D/dalvikvm(  151): GC_FOR_MALLOC freed 4241 objects / 278816 bytes in 122ms
D/PackageManager(   75): Caching shared lib lib/armeabi/librhodes.so
D/installd(   35): DexInv: --- BEGIN '/data/app/com.rhomobile.allosante-2.apk' ---
D/dalvikvm(  380): DexOpt: load 202ms, verify 853ms, opt 25ms
D/installd(   35): DexInv: --- END '/data/app/com.rhomobile.allosante-2.apk' (success) ---
W/PackageManager(   75): Code path for pkg : com.rhomobile.allosante changing from /data/app/com.rhomobile.allosante-1.apk to /data/app/com.rhomobile.allosante-2.apk
W/PackageManager(   75): Resource path for pkg : com.rhomobile.allosante changing from /data/app/com.rhomobile.allosante-1.apk to /data/app/com.rhomobile.allosante-2.apk
I/ActivityManager(   75): Force stopping package com.rhomobile.allosante uid=10036
D/PackageManager(   75): Registered content provider: com.rhomobile.allosante, className = com.rhomobile.rhodes.LocalFileProvider, isSyncable = false
D/PackageManager(   75):   Providers: com.rhomobile.rhodes.LocalFileProvider
D/PackageManager(   75):   Services: com.rhomobile.rhodes.RhodesService
D/PackageManager(   75):   Activities: com.rhomobile.rhodes.RhodesActivity com.rhomobile.rhodes.alert.PopupActivity com.rhomobile.rhodes.camera.FileList com.rhomobile.rhodes.camera.ImageCapture com.rhomobile.rhodes.signature.ImageCapture com.rhomobile.rhodes.datetime.DateTimePickerScreen com.rhomobile.rhodes.mapview.MapView com.rhomobile.rhodes.mapview.GoogleMapView com.rhomobile.rhodes.bluetooth.RhoBluetoothDeviceListActivity
I/installd(   35): move /data/dalvik-cache/data@app@com.rhomobile.allosante-2.apk@classes.dex -> /data/dalvik-cache/data@app@com.rhomobile.allosante-2.apk@classes.dex
D/PackageManager(   75): New package installed in /data/app/com.rhomobile.allosante-2.apk
D/dalvikvm(   75): GC_FOR_MALLOC freed 13986 objects / 712560 bytes in 143ms
I/ActivityManager(   75): Force stopping package com.rhomobile.allosante uid=10036
D/dalvikvm(  206): GC_EXPLICIT freed 1460 objects / 74512 bytes in 87ms
D/dalvikvm(  197): GC_EXPLICIT freed 2734 objects / 139472 bytes in 135ms
W/RecognitionManagerService(   75): no available voice recognition services found
D/dalvikvm(   75): GC_EXPLICIT freed 12005 objects / 651968 bytes in 152ms
I/installd(   35): unlink /data/dalvik-cache/data@app@com.rhomobile.allosante-1.apk@classes.dex
D/AndroidRuntime(  373): Shutting down VM
D/jdwp    (  373): adbd disconnected
I/AndroidRuntime(  373): NOTE: attach of thread 'Binder Thread #3' failed
D/AndroidRuntime(  386): 
D/AndroidRuntime(  386): >>>>>>>>>>>>>> AndroidRuntime START <<<<<<<<<<<<<<
D/AndroidRuntime(  386): CheckJNI is ON
D/AndroidRuntime(  386): --- registering native functions ---
I/ActivityManager(   75): Starting activity: Intent { act=android.intent.action.MAIN flg=0x10000000 cmp=com.rhomobile.allosante/com.rhomobile.rhodes.RhodesActivity }
D/AndroidRuntime(  386): Shutting down VM
D/jdwp    (  386): adbd disconnected
I/AndroidRuntime(  386): NOTE: attach of thread 'Binder Thread #3' failed
I/ActivityManager(   75): Start proc com.rhomobile.allosante for activity com.rhomobile.allosante/com.rhomobile.rhodes.RhodesActivity: pid=393 uid=10036 gids={3003}
D/dalvikvm(  393): Trying to load lib /data/data/com.rhomobile.allosante/lib/librhodes.so 0x43e37cf0
D/dalvikvm(  393): Added shared lib /data/data/com.rhomobile.allosante/lib/librhodes.so 0x43e37cf0
I/ActivityThread(  393): Publishing provider com.rhomobile.allosante: com.rhomobile.rhodes.LocalFileProvider
I/RhodesActivity(  393): >>>>>>>>>>>>>>> onCreate()
D/RhodesActivity(  393): RhodesActivity.onStart()
D/RhodesActivity(  393): RhodesActivity.onResume()
D/RhodesService(  393): Root path: /data/data/com.rhomobile.allosante/rhodata/
D/RhodesService(  393): Sqlite journals path: /data/data/com.rhomobile.allosante/sqlite_stmt_journals/
I/global  (  393): Default buffer size used in BufferedReader constructor. It would be better to be explicit if an 8k-char buffer is required.
I/RhodesService(  393): Application hash was changed
W/ActivityManager(   75): No content provider found for: 
D/RhodesService(  393): Root path: /data/data/com.rhomobile.allosante/rhodata/
D/RhodesService(  393): Sqlite journals path: /data/data/com.rhomobile.allosante/sqlite_stmt_journals/
I/global  (  393): Default buffer size used in BufferedReader constructor. It would be better to be explicit if an 8k-char buffer is required.
I/APP     (  393): I 06/12/2011 11:12:52:184 0021acd8         AppCallbacks| Starting main routine...
I/APP     (  393): I 06/12/2011 11:12:52:179 afd48828            RhodesApp| Trying to get free listening port.
I/APP     (  393): I 06/12/2011 11:12:52:198 afd48828            RhodesApp| Trying to bind of 0 port...
I/APP     (  393): I 06/12/2011 11:12:52:201 afd48828            RhodesApp| Got port to bind on: 54349
I/APP     (  393): I 06/12/2011 11:12:52:202 afd48828            RhodesApp| Free listening port: 54349
I/APP     (  393): I 06/12/2011 11:12:52:220 0021acd8         AppCallbacks| ThreadQueue blocked for 300 seconds...
D/dalvikvm(  393): GC_FOR_MALLOC freed 5519 objects / 349856 bytes in 123ms
I/APP     (  393): I 06/12/2011 11:12:52:466 afd48828               Rhodes| Loading...
I/APP     (  393): I 06/12/2011 11:12:52:772 00249838            RhodesApp| Starting RhodesApp main routine...
I/APP     (  393): I 06/12/2011 11:12:52:749 afd48828            RhodesApp| callAppActiveCallback
I/APP     (  393): I 06/12/2011 11:12:52:803 afd48828         AppCallbacks| addCommand: APP-ACTIVATED
I/APP     (  393): I 06/12/2011 11:12:52:811 0021acd8         AppCallbacks| Received command APP-ACTIVATED which is greater than expected (LOCAL-SERVER-STARTED) - postpone it
I/APP     (  393): I 06/12/2011 11:12:52:814 0021acd8         AppCallbacks| ThreadQueue blocked for 300 seconds...
I/APP     (  393): I 06/12/2011 11:12:52:833 afd48828         AppActivated| Cannot commit now, application will be activated when started.
I/APP     (  393): I 06/12/2011 11:12:52:836 afd48828            Undefined| Handlers have completed.
I/APP     (  393): I 06/12/2011 11:12:52:862 afd48828    RhodesApplication| New AppState: Undefined
I/APP     (  393): I 06/12/2011 11:12:52:903 afd48828        RhodesService| handleCommand: startId=1, source=com.rhomobile.rhodes.BaseActivity
I/APP     (  393): I 06/12/2011 11:12:52:905 afd48828        RhodesService| New activity was created
I/APP     (  393): I 06/12/2011 11:12:53:011 afd48828         AppCallbacks| addCommand: UI-CREATED
I/APP     (  393): I 06/12/2011 11:12:53:015 0021acd8         AppCallbacks| Received command UI-CREATED which is greater than expected (LOCAL-SERVER-STARTED) - postpone it
I/APP     (  393): I 06/12/2011 11:12:53:017 0021acd8         AppCallbacks| ThreadQueue blocked for 300 seconds...
I/APP     (  393): I 06/12/2011 11:12:53:294 afd48828       RhodesActivity| onServiceConnected: {com.rhomobile.allosante/com.rhomobile.rhodes.RhodesService}
I/APP     (  393): I 06/12/2011 11:12:53:843 00249838              RhoRuby| Init_RhoBlobs: /data/data/com.rhomobile.allosante/rhodata/db/db-files
I/APP     (  393): I 06/12/2011 11:12:53:916 00249838              RhoRuby| require_compiled: rhoframework
I/APP     (  393): I 06/12/2011 11:12:54:027 00249838              RhoRuby| require_compiled: rational
I/APP     (  393): I 06/12/2011 11:12:54:069 00249838              RhoRuby| require_compiled: rhom/rhom_db_adapter
I/APP     (  393): I 06/12/2011 11:12:54:275 00249838              RhoRuby| require_compiled: rhodes
I/APP     (  393): I 06/12/2011 11:12:54:325 00249838              RhoRuby| require_compiled: rhom/rhom_object
I/APP     (  393): I 06/12/2011 11:12:54:416 00249838              RhoRuby| require_compiled: rhofsconnector
I/APP     (  393): I 06/12/2011 11:12:54:446 00249838              RhoRuby| require_compiled: rho/rhofsconnector
I/APP     (  393): I 06/12/2011 11:12:54:519 00249838              RhoRuby| require_compiled: rhom/rhom_object_factory
I/ActivityManager(   75): Displayed activity com.rhomobile.allosante/com.rhomobile.rhodes.RhodesActivity: 5371 ms (total 5371 ms)
I/APP     (  393): I 06/12/2011 11:12:55:630 00249838              RhoRuby| require_compiled: rhom/rhom
I/APP     (  393): I 06/12/2011 11:12:55:685 00249838              RhoRuby| require_compiled: rhom/rhom_model
I/APP     (  393): I 06/12/2011 11:12:55:739 00249838              RhoRuby| require_compiled: rhom
I/APP     (  393): I 06/12/2011 11:12:55:769 00249838              RhoRuby| require_compiled: rho/rhoapplication
I/APP     (  393): I 06/12/2011 11:12:55:833 00249838              RhoRuby| require_compiled: rholang/localization_simplified
I/APP     (  393): I 06/12/2011 11:12:55:902 00249838                  APP| Current locale: ld; Country code: us
I/APP     (  393): I 06/12/2011 11:12:55:906 00249838                  APP| file: /data/data/com.rhomobile.allosante/rhodata/lib/rholang/lang_
I/APP     (  393): I 06/12/2011 11:12:55:927 00249838                  APP| Could not find resources for locale: ld;file: /data/data/com.rhomobile.allosante/rhodata/lib/rholang/lang_
I/APP     (  393): I 06/12/2011 11:12:55:933 00249838                  APP| Load english resources.
I/APP     (  393): I 06/12/2011 11:12:55:940 00249838              RhoRuby| require_compiled: /data/data/com.rhomobile.allosante/rhodata/lib/rholang/lang_en
I/APP     (  393): I 06/12/2011 11:12:55:995 00249838              RhoRuby| require_compiled: rho/rhomsg
I/APP     (  393): I 06/12/2011 11:12:56:020 00249838                  APP| Current locale: ld; Country code: us
I/APP     (  393): I 06/12/2011 11:12:56:024 00249838                  APP| file: /data/data/com.rhomobile.allosante/rhodata/lib/rholang/rhomsg_
I/APP     (  393): I 06/12/2011 11:12:56:044 00249838                  APP| Could not find resources for locale: ld;file: /data/data/com.rhomobile.allosante/rhodata/lib/rholang/rhomsg_
I/APP     (  393): I 06/12/2011 11:12:56:048 00249838                  APP| Load english resources.
I/APP     (  393): I 06/12/2011 11:12:56:068 00249838              RhoRuby| require_compiled: /data/data/com.rhomobile.allosante/rhodata/lib/rholang/rhomsg_en
I/APP     (  393): I 06/12/2011 11:12:56:093 00249838              RhoRuby| require_compiled: rho/rhotabbar
I/APP     (  393): I 06/12/2011 11:12:56:125 00249838              RhoRuby| require_compiled: rho/rhotoolbar
I/APP     (  393): I 06/12/2011 11:12:56:155 00249838              RhoRuby| require_compiled: indifferent_access
I/APP     (  393): I 06/12/2011 11:12:56:226 00249838              RhoRuby| require_compiled: rho/rhosupport
I/APP     (  393): I 06/12/2011 11:12:56:295 00249838              RhoRuby| require_compiled: rho/rhocontroller
I/APP     (  393): I 06/12/2011 11:12:56:350 00249838              RhoRuby| require_compiled: rho/render
I/APP     (  393): I 06/12/2011 11:12:56:461 00249838              RhoRuby| require_compiled: rho/rho
I/APP     (  393): I 06/12/2011 11:12:56:766 00249838              RhoRuby| require_compiled: rho/rhoerror
I/APP     (  393): I 06/12/2011 11:12:56:804 00249838                  APP| Current locale: ld; Country code: us
I/APP     (  393): I 06/12/2011 11:12:56:807 00249838                  APP| file: /data/data/com.rhomobile.allosante/rhodata/lib/rholang/rhoerror_
I/APP     (  393): I 06/12/2011 11:12:56:828 00249838                  APP| Could not find resources for locale: ld;file: /data/data/com.rhomobile.allosante/rhodata/lib/rholang/rhoerror_
I/APP     (  393): I 06/12/2011 11:12:56:834 00249838                  APP| Load english resources.
I/APP     (  393): I 06/12/2011 11:12:56:840 00249838              RhoRuby| require_compiled: /data/data/com.rhomobile.allosante/rhodata/lib/rholang/rhoerror_en
I/APP     (  393): I 06/12/2011 11:12:56:884 00249838              RhoRuby| require_compiled: rhom/rhom_source
I/APP     (  393): I 06/12/2011 11:12:56:943 00249838              RhoRuby| require_compiled: rho/rhoviewhelpers
I/APP     (  393): I 06/12/2011 11:12:56:999 00249838              RhoRuby| require_compiled: rho
I/APP     (  393): I 06/12/2011 11:12:57:032 00249838                  APP| RHO loaded
I/APP     (  393): I 06/12/2011 11:12:57:036 00249838                  APP| Calling RHO.initialize
I/APP     (  393): I 06/12/2011 11:12:57:062 00249838                   DB| Open DB: /data/data/com.rhomobile.allosante/rhodata/db/syncdbuser.sqlite
I/APP     (  393): I 06/12/2011 11:12:57:164 00249838            RhodesApp| Starting sync engine...
I/APP     (  393): I 06/12/2011 11:12:57:168 00249838                 Sync| sync_poll_interval: 0
I/APP     (  393): I 06/12/2011 11:12:57:187 00249838                 Sync| syncserver: 
I/APP     (  393): I 06/12/2011 11:12:57:219 00249838                 Sync| bulksync_state: 0
I/APP     (  393): I 06/12/2011 11:12:57:226 00249838            RhodesApp| RhoRubyInitApp...
I/APP     (  393): I 06/12/2011 11:12:57:232 00249838                  APP| init_app
I/APP     (  393): I 06/12/2011 11:12:57:256 00249838              RhoRuby| require_compiled: application
I/APP     (  393): I 06/12/2011 11:12:57:283 00249838                  APP| Current locale: ld; Country code: us
I/APP     (  393): I 06/12/2011 11:12:57:290 00249838                  APP| Could not find resources for locale: ld;file: /data/data/com.rhomobile.allosante/rhodata/apps/app/lang/lang_
I/APP     (  393): I 06/12/2011 11:12:57:315 00249838                  APP| on_reinstall_config_update: {"LogToOutput"=>["0", "1"]}
I/APP     (  393): I 06/12/2011 11:12:57:345 00249838           HttpServer| Start HTTP server
I/APP     (  393): I 06/12/2011 11:12:57:349 00249838         AppCallbacks| addCommand: LOCAL-SERVER-STARTED
I/APP     (  393): I 06/12/2011 11:12:57:360 0021acd8         AppCallbacks| process command: LOCAL-SERVER-STARTED
I/APP     (  393): I 06/12/2011 11:12:57:377 0021acd8           AppStarted| Handlers have completed.
I/APP     (  393): I 06/12/2011 11:12:57:386 0021acd8         AppActivated| Handlers have completed.
I/APP     (  393): I 06/12/2011 11:12:57:406 0021acd8    RhodesApplication| New AppState: AppActivated
I/APP     (  393): I 06/12/2011 11:12:57:442 0021acd8         AppCallbacks| process command: UI-CREATED
I/APP     (  393): I 06/12/2011 11:12:57:494 00249838           HttpServer| Process URI: '/system/uicreated'
I/APP     (  393): I 06/12/2011 11:12:57:502 00249838                  APP| on_ui_created.navigate to start url: '/app'
I/APP     (  393): I 06/12/2011 11:12:57:629 0021acd8         AppCallbacks| process command: APP-ACTIVATED
I/APP     (  393): I 06/12/2011 11:12:57:718 00249838           HttpServer| Process URI: '/system/activateapp'
I/APP     (  393): I 06/12/2011 11:12:57:745 0021acd8         AppCallbacks| ThreadQueue blocked for 300 seconds...
V/SimpleMainView(  393): ms[1307877177854] processForNativeView : [http://127.0.0.1:54349/app]
V/SimpleMainView.View(  393): ms[1307877177967]  Main Window :: onSizeChanged() old [ 480 x 775 ]  new [ 0 x 0 ]
I/APP     (  393): I 06/12/2011 11:12:58:516 00249838           HttpServer| Process URI: '/app'
D/dalvikvm(  393): GC_FOR_MALLOC freed 2465 objects / 467568 bytes in 96ms
D/webviewglue(  393): nativeDestroy view: 0x2e8448
I/APP     (  393): I 06/12/2011 11:12:58:886 00249838           HttpServer| Process URI: '/app/index_erb.iseq'
I/APP     (  393): I 06/12/2011 11:12:58:907 00249838                  APP| RHO serve_index: /app/index_erb.iseq
I/APP     (  393): I 06/12/2011 11:12:58:937 00249838 RHO Rho::RhoController| inst_render_index
I/APP     (  393): I 06/12/2011 11:12:58:999 00249838 RHO Rho::RhoController| index layout
I/APP     (  393): I 06/12/2011 11:12:59:604 00249838           HttpServer| Process URI: '/public/jqtouch/jquery.1.3.2.min.js'
I/APP     (  393): I 06/12/2011 11:13:00:114 00249838           HttpServer| Process URI: '/public/jqtouch/jqtouch.js'
I/APP     (  393): I 06/12/2011 11:13:00:376 00249838           HttpServer| Process URI: '/public/jqtouch/jqtouch.css'
I/APP     (  393): I 06/12/2011 11:13:00:533 00249838           HttpServer| Process URI: '/public/css/android.css'
I/APP     (  393): I 06/12/2011 11:13:03:289 00249838           HttpServer| Process URI: '/public/images/android/disclosure.png'
D/dalvikvm(  206): GC_EXPLICIT freed 669 objects / 37768 bytes in 97ms
D/dalvikvm(  331): GC_EXPLICIT freed 715 objects / 53152 bytes in 211ms
D/dalvikvm(  393): GC_FOR_MALLOC freed 2322 objects / 468928 bytes in 98ms
W/KeyCharacterMap(  393): No keyboard for id 0
W/KeyCharacterMap(  393): Using default keymap: /system/usr/keychars/qwerty.kcm.bin
I/ActivityManager(   75): moveTaskToBack: 5
D/PhoneWindow(  393): couldn't save which view has focus because the focused view android.webkit.WebView@43e77208 has no id.
I/APP     (  393): I 06/12/2011 11:13:41:113 afd48828         AppActivated| Handlers have completed.
I/APP     (  393): I 06/12/2011 11:13:41:128 afd48828    RhodesApplication| New UiState: MainActivityPaused
D/RhodesActivity(  393): RhodesActivity.onPause()
I/APP     (  393): I 06/12/2011 11:13:41:175 00249838           HttpServer| Process URI: '/system/uidestroyed'
W/InputManagerService(   75): Window already focused, ignoring focus gain of: com.android.internal.view.IInputMethodClient$Stub$Proxy@43f4cfb0
I/APP     (  393): I 06/12/2011 11:13:42:694 afd48828       AppDeactivated| Handlers have completed.
I/APP     (  393): I 06/12/2011 11:13:42:698 afd48828    RhodesApplication| New AppState: AppDeactivated
I/APP     (  393): I 06/12/2011 11:13:42:723 afd48828        RhodesService| activityStopped() temporary release wakeLock object
I/APP     (  393): I 06/12/2011 11:13:42:726 afd48828            RhodesApp| callAppActiveCallback
I/APP     (  393): I 06/12/2011 11:13:42:772 afd48828         AppCallbacks| addCommand: APP-DEACTIVATED
I/APP     (  393): I 06/12/2011 11:13:42:775 0021acd8         AppCallbacks| process command: APP-DEACTIVATED
I/APP     (  393): I 06/12/2011 11:13:42:776 0021acd8         AppCallbacks| ThreadQueue blocked for 300 seconds...
I/APP     (  393): I 06/12/2011 11:13:42:964 00249838           HttpServer| Process URI: '/system/deactivateapp'
D/RhodesActivity(  393): RhodesActivity.onStop()
D/dalvikvm(  206): GC_EXTERNAL_ALLOC freed 216 objects / 13528 bytes in 94ms
I/ActivityManager(   75): Starting activity: Intent { act=android.intent.action.MAIN cat=[android.intent.category.LAUNCHER] flg=0x10200000 cmp=com.rhomobile.allosante/com.rhomobile.rhodes.RhodesActivity }
D/RhodesActivity(  393): RhodesActivity.onNewIntent()
I/APP     (  393): I 06/12/2011 11:13:50:120 afd48828            RhodesApp| callAppActiveCallback
I/APP     (  393): I 06/12/2011 11:13:50:136 afd48828         AppCallbacks| addCommand: APP-ACTIVATED
I/APP     (  393): I 06/12/2011 11:13:50:139 0021acd8            RhodesApp| restart local server.
I/APP     (  393): I 06/12/2011 11:13:50:141 0021acd8           HttpServer| Stopping server...
I/APP     (  393): I 06/12/2011 11:13:50:147 00249838           HttpServer| Start HTTP server
I/APP     (  393): I 06/12/2011 11:13:50:150 00249838         AppCallbacks| addCommand: LOCAL-SERVER-STARTED
I/APP     (  393): I 06/12/2011 11:13:50:186 0021acd8         AppCallbacks| Received command APP-ACTIVATED which is greater than expected (LOCAL-SERVER-STARTED) - postpone it
I/APP     (  393): I 06/12/2011 11:13:50:192 0021acd8         AppCallbacks| process command: LOCAL-SERVER-STARTED
I/APP     (  393): I 06/12/2011 11:13:50:190 afd48828         AppActivated| Handlers have completed.
I/APP     (  393): I 06/12/2011 11:13:50:224 afd48828    RhodesApplication| New AppState: AppActivated
D/RhodesActivity(  393): RhodesActivity.onStart()
I/APP     (  393): I 06/12/2011 11:13:50:228 afd48828         AppActivated| Handlers have completed.
I/APP     (  393): I 06/12/2011 11:13:50:252 0021acd8           AppStarted| Handlers have completed.
I/APP     (  393): I 06/12/2011 11:13:50:255 0021acd8         AppActivated| Handlers have completed.
I/APP     (  393): I 06/12/2011 11:13:50:266 0021acd8    RhodesApplication| New AppState: AppActivated
I/APP     (  393): I 06/12/2011 11:13:50:270 0021acd8         AppCallbacks| process command: APP-ACTIVATED
I/APP     (  393): I 06/12/2011 11:13:50:269 afd48828    RhodesApplication| New UiState: MainActivityStarted
D/RhodesActivity(  393): RhodesActivity.onResume()
I/APP     (  393): I 06/12/2011 11:13:50:415 00249838           HttpServer| Process URI: '/system/activateapp'
I/APP     (  393): I 06/12/2011 11:13:50:553 0021acd8         AppCallbacks| ThreadQueue blocked for 300 seconds...
I/APP     (  393): I 06/12/2011 11:13:50:626 0021acd8         AppCallbacks| ThreadQueue blocked for 300 seconds...
I/APP     (  393): I 06/12/2011 11:13:53:923 afd48828      ChromeClientNew| ReferenceError: Can't find variable: $referrer -- From line 581 of http://127.0.0.1:54349/public/jqtouch/jqtouch.js
E/Web Console(  393): ReferenceError: Can't find variable: $referrer at http://127.0.0.1:54349/public/jqtouch/jqtouch.js:581
I/APP     (  393): I 06/12/2011 11:13:56:520 afd48828      ChromeClientNew| ReferenceError: Can't find variable: $referrer -- From line 581 of http://127.0.0.1:54349/public/jqtouch/jqtouch.js
E/Web Console(  393): ReferenceError: Can't find variable: $referrer at http://127.0.0.1:54349/public/jqtouch/jqtouch.js:581
I/APP     (  393): I 06/12/2011 11:13:59:996 afd48828      ChromeClientNew| ReferenceError: Can't find variable: $referrer -- From line 581 of http://127.0.0.1:54349/public/jqtouch/jqtouch.js
E/Web Console(  393): ReferenceError: Can't find variable: $referrer at http://127.0.0.1:54349/public/jqtouch/jqtouch.js:581
I/APP     (  393): I 06/12/2011 11:18:50:630 0021acd8         AppCallbacks| ThreadQueue blocked for 300 seconds...
D/AndroidRuntime(  417): 
D/AndroidRuntime(  417): >>>>>>>>>>>>>> AndroidRuntime START <<<<<<<<<<<<<<
D/AndroidRuntime(  417): CheckJNI is ON
D/AndroidRuntime(  417): --- registering native functions ---
D/dalvikvm(  254): GC_EXPLICIT freed 259 objects / 16960 bytes in 90ms
D/PackageParser(   75): Scanning package: /data/app/vmdl62587.tmp
D/dalvikvm(   75): GC_FOR_MALLOC freed 6885 objects / 526784 bytes in 171ms
I/PackageManager(   75): Removing non-system package:com.rhomobile.allosante
I/ActivityManager(   75): Force stopping package com.rhomobile.allosante uid=10036
W/ActivityManager(   75): Scheduling restart of crashed service com.rhomobile.allosante/com.rhomobile.rhodes.RhodesService in 5000ms
I/Process (   75): Sending signal. PID: 393 SIG: 9
I/ActivityManager(   75):   Force stopping service ServiceRecord{44164278 com.rhomobile.allosante/com.rhomobile.rhodes.RhodesService}
I/UsageStats(   75): Unexpected resume of com.android.launcher while already resumed in com.rhomobile.allosante
D/dalvikvm(  206): GC_EXTERNAL_ALLOC freed 311 objects / 15184 bytes in 85ms
I/WindowManager(   75): WIN DEATH: Window{43f2f220 com.rhomobile.allosante/com.rhomobile.rhodes.RhodesActivity paused=false}
D/PackageManager(   75): Scanning package com.rhomobile.allosante
I/PackageManager(   75): Package com.rhomobile.allosante codePath changed from /data/app/com.rhomobile.allosante-2.apk to /data/app/com.rhomobile.allosante-1.apk; Retaining data and using new
I/PackageManager(   75): /data/app/com.rhomobile.allosante-1.apk changed; unpacking
D/PackageManager(   75): Caching shared lib lib/armeabi/librhodes.so
D/installd(   35): DexInv: --- BEGIN '/data/app/com.rhomobile.allosante-1.apk' ---
D/dalvikvm(  424): DexOpt: load 205ms, verify 851ms, opt 26ms
D/installd(   35): DexInv: --- END '/data/app/com.rhomobile.allosante-1.apk' (success) ---
W/PackageManager(   75): Code path for pkg : com.rhomobile.allosante changing from /data/app/com.rhomobile.allosante-2.apk to /data/app/com.rhomobile.allosante-1.apk
W/PackageManager(   75): Resource path for pkg : com.rhomobile.allosante changing from /data/app/com.rhomobile.allosante-2.apk to /data/app/com.rhomobile.allosante-1.apk
D/PackageManager(   75): Registered content provider: com.rhomobile.allosante, className = com.rhomobile.rhodes.LocalFileProvider, isSyncable = false
D/PackageManager(   75):   Providers: com.rhomobile.rhodes.LocalFileProvider
D/PackageManager(   75):   Services: com.rhomobile.rhodes.RhodesService
D/PackageManager(   75):   Activities: com.rhomobile.rhodes.RhodesActivity com.rhomobile.rhodes.alert.PopupActivity com.rhomobile.rhodes.camera.FileList com.rhomobile.rhodes.camera.ImageCapture com.rhomobile.rhodes.signature.ImageCapture com.rhomobile.rhodes.datetime.DateTimePickerScreen com.rhomobile.rhodes.mapview.MapView com.rhomobile.rhodes.mapview.GoogleMapView com.rhomobile.rhodes.bluetooth.RhoBluetoothDeviceListActivity
I/ActivityManager(   75): Force stopping package com.rhomobile.allosante uid=10036
I/installd(   35): move /data/dalvik-cache/data@app@com.rhomobile.allosante-1.apk@classes.dex -> /data/dalvik-cache/data@app@com.rhomobile.allosante-1.apk@classes.dex
D/PackageManager(   75): New package installed in /data/app/com.rhomobile.allosante-1.apk
D/dalvikvm(   75): GC_FOR_MALLOC freed 14182 objects / 723248 bytes in 162ms
I/ActivityManager(   75): Force stopping package com.rhomobile.allosante uid=10036
D/dalvikvm(  206): GC_EXPLICIT freed 849 objects / 41912 bytes in 101ms
D/dalvikvm(  197): GC_EXPLICIT freed 1644 objects / 83160 bytes in 148ms
W/RecognitionManagerService(   75): no available voice recognition services found
D/dalvikvm(   75): GC_EXPLICIT freed 12353 objects / 666424 bytes in 330ms
I/installd(   35): unlink /data/dalvik-cache/data@app@com.rhomobile.allosante-2.apk@classes.dex
D/AndroidRuntime(  417): Shutting down VM
D/jdwp    (  417): adbd disconnected
I/AndroidRuntime(  417): NOTE: attach of thread 'Binder Thread #3' failed
D/AndroidRuntime(  430): 
D/AndroidRuntime(  430): >>>>>>>>>>>>>> AndroidRuntime START <<<<<<<<<<<<<<
D/AndroidRuntime(  430): CheckJNI is ON
D/AndroidRuntime(  430): --- registering native functions ---
I/ActivityManager(   75): Starting activity: Intent { act=android.intent.action.MAIN flg=0x10000000 cmp=com.rhomobile.allosante/com.rhomobile.rhodes.RhodesActivity }
D/AndroidRuntime(  430): Shutting down VM
D/jdwp    (  430): adbd disconnected
I/AndroidRuntime(  430): NOTE: attach of thread 'Binder Thread #3' failed
I/ActivityManager(   75): Start proc com.rhomobile.allosante for activity com.rhomobile.allosante/com.rhomobile.rhodes.RhodesActivity: pid=437 uid=10036 gids={3003}
D/dalvikvm(  437): Trying to load lib /data/data/com.rhomobile.allosante/lib/librhodes.so 0x43e37cf0
D/dalvikvm(  437): Added shared lib /data/data/com.rhomobile.allosante/lib/librhodes.so 0x43e37cf0
I/ActivityThread(  437): Publishing provider com.rhomobile.allosante: com.rhomobile.rhodes.LocalFileProvider
I/RhodesActivity(  437): >>>>>>>>>>>>>>> onCreate()
D/RhodesActivity(  437): RhodesActivity.onStart()
D/RhodesActivity(  437): RhodesActivity.onResume()
D/RhodesService(  437): Root path: /data/data/com.rhomobile.allosante/rhodata/
D/RhodesService(  437): Sqlite journals path: /data/data/com.rhomobile.allosante/sqlite_stmt_journals/
I/global  (  437): Default buffer size used in BufferedReader constructor. It would be better to be explicit if an 8k-char buffer is required.
I/RhodesService(  437): Application hash was changed
W/ActivityManager(   75): No content provider found for: 
D/RhodesService(  437): Root path: /data/data/com.rhomobile.allosante/rhodata/
D/RhodesService(  437): Sqlite journals path: /data/data/com.rhomobile.allosante/sqlite_stmt_journals/
I/global  (  437): Default buffer size used in BufferedReader constructor. It would be better to be explicit if an 8k-char buffer is required.
I/APP     (  437): I 06/12/2011 11:19:54:255 afd48828            RhodesApp| Trying to get free listening port.
I/APP     (  437): I 06/12/2011 11:19:54:263 0021b230         AppCallbacks| Starting main routine...
I/APP     (  437): I 06/12/2011 11:19:54:282 0021b230         AppCallbacks| ThreadQueue blocked for 300 seconds...
I/APP     (  437): I 06/12/2011 11:19:54:287 afd48828            RhodesApp| Trying to bind of 0 port...
I/APP     (  437): I 06/12/2011 11:19:54:295 afd48828            RhodesApp| Got port to bind on: 36360
I/APP     (  437): I 06/12/2011 11:19:54:311 afd48828            RhodesApp| Free listening port: 36360
D/dalvikvm(  437): GC_FOR_MALLOC freed 5546 objects / 350896 bytes in 106ms
I/APP     (  437): I 06/12/2011 11:19:54:537 afd48828               Rhodes| Loading...
I/APP     (  437): I 06/12/2011 11:19:54:824 afd48828            RhodesApp| callAppActiveCallback
I/APP     (  437): I 06/12/2011 11:19:54:855 afd48828         AppCallbacks| addCommand: APP-ACTIVATED
I/APP     (  437): I 06/12/2011 11:19:54:854 00247378            RhodesApp| Starting RhodesApp main routine...
I/APP     (  437): I 06/12/2011 11:19:54:874 0021b230         AppCallbacks| Received command APP-ACTIVATED which is greater than expected (LOCAL-SERVER-STARTED) - postpone it
I/APP     (  437): I 06/12/2011 11:19:54:876 0021b230         AppCallbacks| ThreadQueue blocked for 300 seconds...
I/APP     (  437): I 06/12/2011 11:19:54:902 afd48828         AppActivated| Cannot commit now, application will be activated when started.
I/APP     (  437): I 06/12/2011 11:19:54:933 afd48828            Undefined| Handlers have completed.
I/APP     (  437): I 06/12/2011 11:19:54:935 afd48828    RhodesApplication| New AppState: Undefined
I/APP     (  437): I 06/12/2011 11:19:54:964 afd48828        RhodesService| handleCommand: startId=1, source=com.rhomobile.rhodes.BaseActivity
I/APP     (  437): I 06/12/2011 11:19:54:967 afd48828        RhodesService| New activity was created
I/APP     (  437): I 06/12/2011 11:19:55:054 afd48828         AppCallbacks| addCommand: UI-CREATED
I/APP     (  437): I 06/12/2011 11:19:55:073 0021b230         AppCallbacks| Received command UI-CREATED which is greater than expected (LOCAL-SERVER-STARTED) - postpone it
I/APP     (  437): I 06/12/2011 11:19:55:075 0021b230         AppCallbacks| ThreadQueue blocked for 300 seconds...
I/APP     (  437): I 06/12/2011 11:19:55:299 afd48828       RhodesActivity| onServiceConnected: {com.rhomobile.allosante/com.rhomobile.rhodes.RhodesService}
I/APP     (  437): I 06/12/2011 11:19:55:827 00247378              RhoRuby| Init_RhoBlobs: /data/data/com.rhomobile.allosante/rhodata/db/db-files
I/APP     (  437): I 06/12/2011 11:19:55:916 00247378              RhoRuby| require_compiled: rhoframework
I/APP     (  437): I 06/12/2011 11:19:56:026 00247378              RhoRuby| require_compiled: rational
I/APP     (  437): I 06/12/2011 11:19:56:083 00247378              RhoRuby| require_compiled: rhom/rhom_db_adapter
I/APP     (  437): I 06/12/2011 11:19:56:247 00247378              RhoRuby| require_compiled: rhodes
I/APP     (  437): I 06/12/2011 11:19:56:290 00247378              RhoRuby| require_compiled: rhom/rhom_object
I/APP     (  437): I 06/12/2011 11:19:56:354 00247378              RhoRuby| require_compiled: rhofsconnector
I/APP     (  437): I 06/12/2011 11:19:56:379 00247378              RhoRuby| require_compiled: rho/rhofsconnector
I/APP     (  437): I 06/12/2011 11:19:56:447 00247378              RhoRuby| require_compiled: rhom/rhom_object_factory
I/ActivityManager(   75): Displayed activity com.rhomobile.allosante/com.rhomobile.rhodes.RhodesActivity: 4952 ms (total 4952 ms)
I/APP     (  437): I 06/12/2011 11:19:57:555 00247378              RhoRuby| require_compiled: rhom/rhom
