I/APP     (  437): I 06/12/2011 11:19:57:608 00247378              RhoRuby| require_compiled: rhom/rhom_model
I/APP     (  437): I 06/12/2011 11:19:57:664 00247378              RhoRuby| require_compiled: rhom
I/APP     (  437): I 06/12/2011 11:19:57:683 00247378              RhoRuby| require_compiled: rho/rhoapplication
I/APP     (  437): I 06/12/2011 11:19:57:742 00247378              RhoRuby| require_compiled: rholang/localization_simplified
I/APP     (  437): I 06/12/2011 11:19:57:803 00247378                  APP| Current locale: ld; Country code: us
I/APP     (  437): I 06/12/2011 11:19:57:825 00247378                  APP| file: /data/data/com.rhomobile.allosante/rhodata/lib/rholang/lang_
I/APP     (  437): I 06/12/2011 11:19:57:831 00247378                  APP| Could not find resources for locale: ld;file: /data/data/com.rhomobile.allosante/rhodata/lib/rholang/lang_
I/APP     (  437): I 06/12/2011 11:19:57:847 00247378                  APP| Load english resources.
I/APP     (  437): I 06/12/2011 11:19:57:852 00247378              RhoRuby| require_compiled: /data/data/com.rhomobile.allosante/rhodata/lib/rholang/lang_en
I/APP     (  437): I 06/12/2011 11:19:57:889 00247378              RhoRuby| require_compiled: rho/rhomsg
I/APP     (  437): I 06/12/2011 11:19:57:914 00247378                  APP| Current locale: ld; Country code: us
I/APP     (  437): I 06/12/2011 11:19:57:917 00247378                  APP| file: /data/data/com.rhomobile.allosante/rhodata/lib/rholang/rhomsg_
I/APP     (  437): I 06/12/2011 11:19:57:935 00247378                  APP| Could not find resources for locale: ld;file: /data/data/com.rhomobile.allosante/rhodata/lib/rholang/rhomsg_
I/APP     (  437): I 06/12/2011 11:19:57:938 00247378                  APP| Load english resources.
I/APP     (  437): I 06/12/2011 11:19:57:946 00247378              RhoRuby| require_compiled: /data/data/com.rhomobile.allosante/rhodata/lib/rholang/rhomsg_en
I/APP     (  437): I 06/12/2011 11:19:57:976 00247378              RhoRuby| require_compiled: rho/rhotabbar
I/APP     (  437): I 06/12/2011 11:19:58:005 00247378              RhoRuby| require_compiled: rho/rhotoolbar
I/APP     (  437): I 06/12/2011 11:19:58:035 00247378              RhoRuby| require_compiled: indifferent_access
I/APP     (  437): I 06/12/2011 11:19:58:094 00247378              RhoRuby| require_compiled: rho/rhosupport
I/APP     (  437): I 06/12/2011 11:19:58:179 00247378              RhoRuby| require_compiled: rho/rhocontroller
I/APP     (  437): I 06/12/2011 11:19:58:242 00247378              RhoRuby| require_compiled: rho/render
I/APP     (  437): I 06/12/2011 11:19:58:296 00247378              RhoRuby| require_compiled: rho/rho
I/APP     (  437): I 06/12/2011 11:19:58:502 00247378              RhoRuby| require_compiled: rho/rhoerror
I/APP     (  437): I 06/12/2011 11:19:58:516 00247378                  APP| Current locale: ld; Country code: us
I/APP     (  437): I 06/12/2011 11:19:58:517 00247378                  APP| file: /data/data/com.rhomobile.allosante/rhodata/lib/rholang/rhoerror_
I/APP     (  437): I 06/12/2011 11:19:58:522 00247378                  APP| Could not find resources for locale: ld;file: /data/data/com.rhomobile.allosante/rhodata/lib/rholang/rhoerror_
I/APP     (  437): I 06/12/2011 11:19:58:524 00247378                  APP| Load english resources.
I/APP     (  437): I 06/12/2011 11:19:58:528 00247378              RhoRuby| require_compiled: /data/data/com.rhomobile.allosante/rhodata/lib/rholang/rhoerror_en
I/APP     (  437): I 06/12/2011 11:19:58:545 00247378              RhoRuby| require_compiled: rhom/rhom_source
I/APP     (  437): I 06/12/2011 11:19:58:574 00247378              RhoRuby| require_compiled: rho/rhoviewhelpers
I/APP     (  437): I 06/12/2011 11:19:58:601 00247378              RhoRuby| require_compiled: rho
I/APP     (  437): I 06/12/2011 11:19:58:605 00247378                  APP| RHO loaded
I/APP     (  437): I 06/12/2011 11:19:58:609 00247378                  APP| Calling RHO.initialize
I/APP     (  437): I 06/12/2011 11:19:58:616 00247378                   DB| Open DB: /data/data/com.rhomobile.allosante/rhodata/db/syncdbuser.sqlite
I/APP     (  437): I 06/12/2011 11:19:58:675 00247378            RhodesApp| Starting sync engine...
I/APP     (  437): I 06/12/2011 11:19:58:676 00247378                 Sync| sync_poll_interval: 0
I/APP     (  437): I 06/12/2011 11:19:58:679 00247378                 Sync| syncserver: 
I/APP     (  437): I 06/12/2011 11:19:58:682 00247378                 Sync| bulksync_state: 0
I/APP     (  437): I 06/12/2011 11:19:58:683 00247378            RhodesApp| RhoRubyInitApp...
I/APP     (  437): I 06/12/2011 11:19:58:684 00247378                  APP| init_app
I/APP     (  437): I 06/12/2011 11:19:58:688 00247378              RhoRuby| require_compiled: application
I/APP     (  437): I 06/12/2011 11:19:58:700 00247378                  APP| Current locale: ld; Country code: us
I/APP     (  437): I 06/12/2011 11:19:58:702 00247378                  APP| Could not find resources for locale: ld;file: /data/data/com.rhomobile.allosante/rhodata/apps/app/lang/lang_
I/APP     (  437): I 06/12/2011 11:19:58:708 00247378                  APP| on_reinstall_config_update: {"LogToOutput"=>["0", "1"]}
I/APP     (  437): I 06/12/2011 11:19:58:722 00247378           HttpServer| Start HTTP server
I/APP     (  437): I 06/12/2011 11:19:58:725 00247378         AppCallbacks| addCommand: LOCAL-SERVER-STARTED
I/APP     (  437): I 06/12/2011 11:19:58:728 0021b230         AppCallbacks| process command: LOCAL-SERVER-STARTED
I/APP     (  437): I 06/12/2011 11:19:58:731 0021b230           AppStarted| Handlers have completed.
I/APP     (  437): I 06/12/2011 11:19:58:735 0021b230         AppActivated| Handlers have completed.
I/APP     (  437): I 06/12/2011 11:19:58:736 0021b230    RhodesApplication| New AppState: AppActivated
I/APP     (  437): I 06/12/2011 11:19:58:737 0021b230         AppCallbacks| process command: UI-CREATED
I/APP     (  437): I 06/12/2011 11:19:58:783 00247378           HttpServer| Process URI: '/system/uicreated'
I/APP     (  437): I 06/12/2011 11:19:58:785 00247378                  APP| on_ui_created.navigate to start url: '/app'
I/APP     (  437): I 06/12/2011 11:19:58:868 0021b230         AppCallbacks| process command: APP-ACTIVATED
V/SimpleMainView(  437): ms[1307877598883] processForNativeView : [http://127.0.0.1:36360/app]
V/SimpleMainView.View(  437): ms[1307877598929]  Main Window :: onSizeChanged() old [ 480 x 775 ]  new [ 0 x 0 ]
I/APP     (  437): I 06/12/2011 11:19:58:985 00247378           HttpServer| Process URI: '/system/activateapp'
I/APP     (  437): I 06/12/2011 11:19:59:012 0021b230         AppCallbacks| ThreadQueue blocked for 300 seconds...
I/APP     (  437): I 06/12/2011 11:19:59:341 00247378           HttpServer| Process URI: '/app'
D/webviewglue(  437): nativeDestroy view: 0x3137b8
D/dalvikvm(  437): GC_FOR_MALLOC freed 2474 objects / 468128 bytes in 87ms
I/APP     (  437): I 06/12/2011 11:19:59:656 00247378           HttpServer| Process URI: '/app/index_erb.iseq'
I/APP     (  437): I 06/12/2011 11:19:59:662 00247378                  APP| RHO serve_index: /app/index_erb.iseq
I/APP     (  437): I 06/12/2011 11:19:59:681 00247378 RHO Rho::RhoController| inst_render_index
I/APP     (  437): I 06/12/2011 11:19:59:711 00247378 RHO Rho::RhoController| index layout
I/APP     (  437): I 06/12/2011 11:20:00:104 00247378           HttpServer| Process URI: '/public/jqtouch/jquery.1.3.2.min.js'
I/APP     (  437): I 06/12/2011 11:20:00:425 00247378           HttpServer| Process URI: '/public/jqtouch/jqtouch.js'
I/APP     (  437): I 06/12/2011 11:20:00:584 00247378           HttpServer| Process URI: '/public/jqtouch/jqtouch.css'
I/APP     (  437): I 06/12/2011 11:20:00:675 00247378           HttpServer| Process URI: '/public/css/android.css'
D/dalvikvm(  254): GC_EXPLICIT freed 234 objects / 15888 bytes in 77ms
D/dalvikvm(  206): GC_EXPLICIT freed 764 objects / 41472 bytes in 114ms
D/dalvikvm(  331): GC_EXPLICIT freed 100 objects / 4704 bytes in 77ms
D/dalvikvm(  437): GC_FOR_MALLOC freed 4367 objects / 471784 bytes in 83ms
D/AndroidRuntime(  461): 
D/AndroidRuntime(  461): >>>>>>>>>>>>>> AndroidRuntime START <<<<<<<<<<<<<<
D/AndroidRuntime(  461): CheckJNI is ON
D/AndroidRuntime(  461): --- registering native functions ---
D/dalvikvm(  254): GC_EXPLICIT freed 114 objects / 5944 bytes in 66ms
D/PackageParser(   75): Scanning package: /data/app/vmdl62589.tmp
D/dalvikvm(   75): GC_FOR_MALLOC freed 6496 objects / 525272 bytes in 135ms
I/PackageManager(   75): Removing non-system package:com.rhomobile.allosante
I/ActivityManager(   75): Force stopping package com.rhomobile.allosante uid=10036
W/ActivityManager(   75): Scheduling restart of crashed service com.rhomobile.allosante/com.rhomobile.rhodes.RhodesService in 5000ms
I/Process (   75): Sending signal. PID: 437 SIG: 9
I/ActivityManager(   75):   Force stopping service ServiceRecord{44163cc8 com.rhomobile.allosante/com.rhomobile.rhodes.RhodesService}
I/UsageStats(   75): Unexpected resume of com.android.launcher while already resumed in com.rhomobile.allosante
D/dalvikvm(  206): GC_EXTERNAL_ALLOC freed 167 objects / 7968 bytes in 73ms
I/WindowManager(   75): WIN DEATH: Window{43e61440 com.rhomobile.allosante/com.rhomobile.rhodes.RhodesActivity paused=false}
D/PackageManager(   75): Scanning package com.rhomobile.allosante
I/PackageManager(   75): Package com.rhomobile.allosante codePath changed from /data/app/com.rhomobile.allosante-1.apk to /data/app/com.rhomobile.allosante-2.apk; Retaining data and using new
I/PackageManager(   75): /data/app/com.rhomobile.allosante-2.apk changed; unpacking
D/PackageManager(   75): Caching shared lib lib/armeabi/librhodes.so
D/installd(   35): DexInv: --- BEGIN '/data/app/com.rhomobile.allosante-2.apk' ---
D/dalvikvm(  468): DexOpt: load 156ms, verify 651ms, opt 20ms
D/installd(   35): DexInv: --- END '/data/app/com.rhomobile.allosante-2.apk' (success) ---
W/PackageManager(   75): Code path for pkg : com.rhomobile.allosante changing from /data/app/com.rhomobile.allosante-1.apk to /data/app/com.rhomobile.allosante-2.apk
W/PackageManager(   75): Resource path for pkg : com.rhomobile.allosante changing from /data/app/com.rhomobile.allosante-1.apk to /data/app/com.rhomobile.allosante-2.apk
D/PackageManager(   75): Registered content provider: com.rhomobile.allosante, className = com.rhomobile.rhodes.LocalFileProvider, isSyncable = false
D/PackageManager(   75):   Providers: com.rhomobile.rhodes.LocalFileProvider
D/PackageManager(   75):   Services: com.rhomobile.rhodes.RhodesService
D/PackageManager(   75):   Activities: com.rhomobile.rhodes.RhodesActivity com.rhomobile.rhodes.alert.PopupActivity com.rhomobile.rhodes.camera.FileList com.rhomobile.rhodes.camera.ImageCapture com.rhomobile.rhodes.signature.ImageCapture com.rhomobile.rhodes.datetime.DateTimePickerScreen com.rhomobile.rhodes.mapview.MapView com.rhomobile.rhodes.mapview.GoogleMapView com.rhomobile.rhodes.bluetooth.RhoBluetoothDeviceListActivity
I/ActivityManager(   75): Force stopping package com.rhomobile.allosante uid=10036
I/installd(   35): move /data/dalvik-cache/data@app@com.rhomobile.allosante-2.apk@classes.dex -> /data/dalvik-cache/data@app@com.rhomobile.allosante-2.apk@classes.dex
D/PackageManager(   75): New package installed in /data/app/com.rhomobile.allosante-2.apk
I/ActivityManager(   75): Force stopping package com.rhomobile.allosante uid=10036
D/dalvikvm(   75): GC_EXPLICIT freed 13489 objects / 704112 bytes in 155ms
D/dalvikvm(  197): GC_EXPLICIT freed 1578 objects / 80376 bytes in 231ms
W/RecognitionManagerService(   75): no available voice recognition services found
D/dalvikvm(   75): GC_EXPLICIT freed 11214 objects / 588656 bytes in 353ms
I/installd(   35): unlink /data/dalvik-cache/data@app@com.rhomobile.allosante-1.apk@classes.dex
D/AndroidRuntime(  461): Shutting down VM
D/jdwp    (  461): adbd disconnected
D/AndroidRuntime(  474): 
D/AndroidRuntime(  474): >>>>>>>>>>>>>> AndroidRuntime START <<<<<<<<<<<<<<
D/AndroidRuntime(  474): CheckJNI is ON
D/AndroidRuntime(  474): --- registering native functions ---
I/ActivityManager(   75): Starting activity: Intent { act=android.intent.action.MAIN flg=0x10000000 cmp=com.rhomobile.allosante/com.rhomobile.rhodes.RhodesActivity }
D/AndroidRuntime(  474): Shutting down VM
D/jdwp    (  474): adbd disconnected
I/ActivityManager(   75): Start proc com.rhomobile.allosante for activity com.rhomobile.allosante/com.rhomobile.rhodes.RhodesActivity: pid=481 uid=10036 gids={3003}
I/AndroidRuntime(  474): NOTE: attach of thread 'Binder Thread #3' failed
D/dalvikvm(  481): Trying to load lib /data/data/com.rhomobile.allosante/lib/librhodes.so 0x43e37cf0
D/dalvikvm(  481): Added shared lib /data/data/com.rhomobile.allosante/lib/librhodes.so 0x43e37cf0
I/ActivityThread(  481): Publishing provider com.rhomobile.allosante: com.rhomobile.rhodes.LocalFileProvider
I/RhodesActivity(  481): >>>>>>>>>>>>>>> onCreate()
D/RhodesActivity(  481): RhodesActivity.onStart()
D/RhodesActivity(  481): RhodesActivity.onResume()
D/RhodesService(  481): Root path: /data/data/com.rhomobile.allosante/rhodata/
D/RhodesService(  481): Sqlite journals path: /data/data/com.rhomobile.allosante/sqlite_stmt_journals/
I/global  (  481): Default buffer size used in BufferedReader constructor. It would be better to be explicit if an 8k-char buffer is required.
I/RhodesService(  481): Application hash was changed
W/ActivityManager(   75): No content provider found for: 
D/RhodesService(  481): Root path: /data/data/com.rhomobile.allosante/rhodata/
D/RhodesService(  481): Sqlite journals path: /data/data/com.rhomobile.allosante/sqlite_stmt_journals/
I/global  (  481): Default buffer size used in BufferedReader constructor. It would be better to be explicit if an 8k-char buffer is required.
I/APP     (  481): I 06/12/2011 11:23:48:403 afd48828            RhodesApp| Trying to get free listening port.
I/APP     (  481): I 06/12/2011 11:23:48:415 afd48828            RhodesApp| Trying to bind of 0 port...
I/APP     (  481): I 06/12/2011 11:23:48:414 0021b700         AppCallbacks| Starting main routine...
I/APP     (  481): I 06/12/2011 11:23:48:434 0021b700         AppCallbacks| ThreadQueue blocked for 300 seconds...
I/APP     (  481): I 06/12/2011 11:23:48:438 afd48828            RhodesApp| Got port to bind on: 42737
I/APP     (  481): I 06/12/2011 11:23:48:444 afd48828            RhodesApp| Free listening port: 42737
D/dalvikvm(  481): GC_FOR_MALLOC freed 5573 objects / 351936 bytes in 108ms
I/APP     (  481): I 06/12/2011 11:23:48:650 afd48828               Rhodes| Loading...
I/APP     (  481): I 06/12/2011 11:23:49:106 afd48828            RhodesApp| callAppActiveCallback
I/APP     (  481): I 06/12/2011 11:23:49:108 afd48828         AppCallbacks| addCommand: APP-ACTIVATED
I/APP     (  481): I 06/12/2011 11:23:49:123 0021b700         AppCallbacks| Received command APP-ACTIVATED which is greater than expected (LOCAL-SERVER-STARTED) - postpone it
I/APP     (  481): I 06/12/2011 11:23:49:125 0021b700         AppCallbacks| ThreadQueue blocked for 300 seconds...
I/APP     (  481): I 06/12/2011 11:23:49:150 afd48828         AppActivated| Cannot commit now, application will be activated when started.
I/APP     (  481): I 06/12/2011 11:23:49:153 afd48828            Undefined| Handlers have completed.
I/APP     (  481): I 06/12/2011 11:23:49:159 afd48828    RhodesApplication| New AppState: Undefined
I/APP     (  481): I 06/12/2011 11:23:49:157 0024cfd8            RhodesApp| Starting RhodesApp main routine...
I/APP     (  481): I 06/12/2011 11:23:49:191 afd48828        RhodesService| handleCommand: startId=1, source=com.rhomobile.rhodes.BaseActivity
I/APP     (  481): I 06/12/2011 11:23:49:192 afd48828        RhodesService| New activity was created
I/APP     (  481): I 06/12/2011 11:23:49:244 afd48828         AppCallbacks| addCommand: UI-CREATED
I/APP     (  481): I 06/12/2011 11:23:49:266 0021b700         AppCallbacks| Received command UI-CREATED which is greater than expected (LOCAL-SERVER-STARTED) - postpone it
I/APP     (  481): I 06/12/2011 11:23:49:269 0021b700         AppCallbacks| ThreadQueue blocked for 300 seconds...
I/APP     (  481): I 06/12/2011 11:23:49:438 afd48828       RhodesActivity| onServiceConnected: {com.rhomobile.allosante/com.rhomobile.rhodes.RhodesService}
I/APP     (  481): I 06/12/2011 11:23:49:843 0024cfd8              RhoRuby| Init_RhoBlobs: /data/data/com.rhomobile.allosante/rhodata/db/db-files
I/APP     (  481): I 06/12/2011 11:23:49:932 0024cfd8              RhoRuby| require_compiled: rhoframework
I/APP     (  481): I 06/12/2011 11:23:50:026 0024cfd8              RhoRuby| require_compiled: rational
I/APP     (  481): I 06/12/2011 11:23:50:058 0024cfd8              RhoRuby| require_compiled: rhom/rhom_db_adapter
I/APP     (  481): I 06/12/2011 11:23:50:197 0024cfd8              RhoRuby| require_compiled: rhodes
I/APP     (  481): I 06/12/2011 11:23:50:228 0024cfd8              RhoRuby| require_compiled: rhom/rhom_object
I/APP     (  481): I 06/12/2011 11:23:50:305 0024cfd8              RhoRuby| require_compiled: rhofsconnector
I/APP     (  481): I 06/12/2011 11:23:50:337 0024cfd8              RhoRuby| require_compiled: rho/rhofsconnector
I/APP     (  481): I 06/12/2011 11:23:50:385 0024cfd8              RhoRuby| require_compiled: rhom/rhom_object_factory
I/ActivityManager(   75): Displayed activity com.rhomobile.allosante/com.rhomobile.rhodes.RhodesActivity: 4088 ms (total 4088 ms)
I/APP     (  481): I 06/12/2011 11:23:51:361 0024cfd8              RhoRuby| require_compiled: rhom/rhom
I/APP     (  481): I 06/12/2011 11:23:51:407 0024cfd8              RhoRuby| require_compiled: rhom/rhom_model
I/APP     (  481): I 06/12/2011 11:23:51:455 0024cfd8              RhoRuby| require_compiled: rhom
I/APP     (  481): I 06/12/2011 11:23:51:472 0024cfd8              RhoRuby| require_compiled: rho/rhoapplication
I/APP     (  481): I 06/12/2011 11:23:51:522 0024cfd8              RhoRuby| require_compiled: rholang/localization_simplified
I/APP     (  481): I 06/12/2011 11:23:51:580 0024cfd8                  APP| Current locale: ld; Country code: us
I/APP     (  481): I 06/12/2011 11:23:51:583 0024cfd8                  APP| file: /data/data/com.rhomobile.allosante/rhodata/lib/rholang/lang_
I/APP     (  481): I 06/12/2011 11:23:51:597 0024cfd8                  APP| Could not find resources for locale: ld;file: /data/data/com.rhomobile.allosante/rhodata/lib/rholang/lang_
I/APP     (  481): I 06/12/2011 11:23:51:599 0024cfd8                  APP| Load english resources.
I/APP     (  481): I 06/12/2011 11:23:51:606 0024cfd8              RhoRuby| require_compiled: /data/data/com.rhomobile.allosante/rhodata/lib/rholang/lang_en
I/APP     (  481): I 06/12/2011 11:23:51:646 0024cfd8              RhoRuby| require_compiled: rho/rhomsg
I/APP     (  481): I 06/12/2011 11:23:51:666 0024cfd8                  APP| Current locale: ld; Country code: us
I/APP     (  481): I 06/12/2011 11:23:51:668 0024cfd8                  APP| file: /data/data/com.rhomobile.allosante/rhodata/lib/rholang/rhomsg_
I/APP     (  481): I 06/12/2011 11:23:51:681 0024cfd8                  APP| Could not find resources for locale: ld;file: /data/data/com.rhomobile.allosante/rhodata/lib/rholang/rhomsg_
I/APP     (  481): I 06/12/2011 11:23:51:685 0024cfd8                  APP| Load english resources.
I/APP     (  481): I 06/12/2011 11:23:51:690 0024cfd8              RhoRuby| require_compiled: /data/data/com.rhomobile.allosante/rhodata/lib/rholang/rhomsg_en
I/APP     (  481): I 06/12/2011 11:23:51:718 0024cfd8              RhoRuby| require_compiled: rho/rhotabbar
I/APP     (  481): I 06/12/2011 11:23:51:743 0024cfd8              RhoRuby| require_compiled: rho/rhotoolbar
I/APP     (  481): I 06/12/2011 11:23:51:764 0024cfd8              RhoRuby| require_compiled: indifferent_access
I/APP     (  481): I 06/12/2011 11:23:51:815 0024cfd8              RhoRuby| require_compiled: rho/rhosupport
I/APP     (  481): I 06/12/2011 11:23:51:877 0024cfd8              RhoRuby| require_compiled: rho/rhocontroller
I/APP     (  481): I 06/12/2011 11:23:51:920 0024cfd8              RhoRuby| require_compiled: rho/render
I/APP     (  481): I 06/12/2011 11:23:51:994 0024cfd8              RhoRuby| require_compiled: rho/rho
I/APP     (  481): I 06/12/2011 11:23:52:286 0024cfd8              RhoRuby| require_compiled: rho/rhoerror
I/APP     (  481): I 06/12/2011 11:23:52:310 0024cfd8                  APP| Current locale: ld; Country code: us
I/APP     (  481): I 06/12/2011 11:23:52:312 0024cfd8                  APP| file: /data/data/com.rhomobile.allosante/rhodata/lib/rholang/rhoerror_
I/APP     (  481): I 06/12/2011 11:23:52:324 0024cfd8                  APP| Could not find resources for locale: ld;file: /data/data/com.rhomobile.allosante/rhodata/lib/rholang/rhoerror_
I/APP     (  481): I 06/12/2011 11:23:52:329 0024cfd8                  APP| Load english resources.
I/APP     (  481): I 06/12/2011 11:23:52:333 0024cfd8              RhoRuby| require_compiled: /data/data/com.rhomobile.allosante/rhodata/lib/rholang/rhoerror_en
I/APP     (  481): I 06/12/2011 11:23:52:364 0024cfd8              RhoRuby| require_compiled: rhom/rhom_source
I/APP     (  481): I 06/12/2011 11:23:52:413 0024cfd8              RhoRuby| require_compiled: rho/rhoviewhelpers
I/APP     (  481): I 06/12/2011 11:23:52:459 0024cfd8              RhoRuby| require_compiled: rho
I/APP     (  481): I 06/12/2011 11:23:52:474 0024cfd8                  APP| RHO loaded
I/APP     (  481): I 06/12/2011 11:23:52:478 0024cfd8                  APP| Calling RHO.initialize
I/APP     (  481): I 06/12/2011 11:23:52:497 0024cfd8                   DB| Open DB: /data/data/com.rhomobile.allosante/rhodata/db/syncdbuser.sqlite
I/APP     (  481): I 06/12/2011 11:23:52:579 0024cfd8            RhodesApp| Starting sync engine...
I/APP     (  481): I 06/12/2011 11:23:52:581 0024cfd8                 Sync| sync_poll_interval: 0
I/APP     (  481): I 06/12/2011 11:23:52:587 0024cfd8                 Sync| syncserver: 
I/APP     (  481): I 06/12/2011 11:23:52:594 0024cfd8                 Sync| bulksync_state: 0
I/APP     (  481): I 06/12/2011 11:23:52:599 0024cfd8            RhodesApp| RhoRubyInitApp...
I/APP     (  481): I 06/12/2011 11:23:52:613 0024cfd8                  APP| init_app
I/APP     (  481): I 06/12/2011 11:23:52:618 0024cfd8              RhoRuby| require_compiled: application
I/APP     (  481): I 06/12/2011 11:23:52:646 0024cfd8                  APP| Current locale: ld; Country code: us
I/APP     (  481): I 06/12/2011 11:23:52:650 0024cfd8                  APP| Could not find resources for locale: ld;file: /data/data/com.rhomobile.allosante/rhodata/apps/app/lang/lang_
I/APP     (  481): I 06/12/2011 11:23:52:666 0024cfd8                  APP| on_reinstall_config_update: {"LogToOutput"=>["0", "1"]}
I/APP     (  481): I 06/12/2011 11:23:52:688 0024cfd8           HttpServer| Start HTTP server
I/APP     (  481): I 06/12/2011 11:23:52:691 0024cfd8         AppCallbacks| addCommand: LOCAL-SERVER-STARTED
I/APP     (  481): I 06/12/2011 11:23:52:698 0021b700         AppCallbacks| process command: LOCAL-SERVER-STARTED
I/APP     (  481): I 06/12/2011 11:23:52:702 0021b700           AppStarted| Handlers have completed.
I/APP     (  481): I 06/12/2011 11:23:52:703 0021b700         AppActivated| Handlers have completed.
I/APP     (  481): I 06/12/2011 11:23:52:704 0021b700    RhodesApplication| New AppState: AppActivated
I/APP     (  481): I 06/12/2011 11:23:52:705 0021b700         AppCallbacks| process command: UI-CREATED
I/APP     (  481): I 06/12/2011 11:23:52:747 0024cfd8           HttpServer| Process URI: '/system/uicreated'
I/APP     (  481): I 06/12/2011 11:23:52:752 0024cfd8                  APP| on_ui_created.navigate to start url: '/app'
I/APP     (  481): I 06/12/2011 11:23:52:849 0021b700         AppCallbacks| process command: APP-ACTIVATED
V/SimpleMainView(  481): ms[1307877832944] processForNativeView : [http://127.0.0.1:42737/app]
I/APP     (  481): I 06/12/2011 11:23:52:950 0024cfd8           HttpServer| Process URI: '/system/activateapp'
I/APP     (  481): I 06/12/2011 11:23:52:973 0021b700         AppCallbacks| ThreadQueue blocked for 300 seconds...
V/SimpleMainView.View(  481): ms[1307877833088]  Main Window :: onSizeChanged() old [ 480 x 775 ]  new [ 0 x 0 ]
I/APP     (  481): I 06/12/2011 11:23:53:712 0024cfd8           HttpServer| Process URI: '/app'
D/dalvikvm(  481): GC_FOR_MALLOC freed 2455 objects / 466880 bytes in 110ms
D/webviewglue(  481): nativeDestroy view: 0x295000
I/APP     (  481): I 06/12/2011 11:23:54:009 0024cfd8           HttpServer| Process URI: '/app/index_erb.iseq'
I/APP     (  481): I 06/12/2011 11:23:54:024 0024cfd8                  APP| RHO serve_index: /app/index_erb.iseq
I/APP     (  481): I 06/12/2011 11:23:54:029 0024cfd8 RHO Rho::RhoController| inst_render_index
I/APP     (  481): I 06/12/2011 11:23:54:082 0024cfd8 RHO Rho::RhoController| index layout
I/APP     (  481): I 06/12/2011 11:23:54:476 0024cfd8           HttpServer| Process URI: '/public/jqtouch/jquery.1.3.2.min.js'
I/APP     (  481): I 06/12/2011 11:23:54:779 0024cfd8           HttpServer| Process URI: '/public/jqtouch/jqtouch.js'
I/APP     (  481): I 06/12/2011 11:23:55:033 0024cfd8           HttpServer| Process URI: '/public/jqtouch/jqtouch.css'
I/APP     (  481): I 06/12/2011 11:23:55:154 0024cfd8           HttpServer| Process URI: '/public/css/android.css'
D/dalvikvm(  254): GC_EXPLICIT freed 172 objects / 12592 bytes in 272ms
D/dalvikvm(  206): GC_EXPLICIT freed 869 objects / 45912 bytes in 120ms
D/dalvikvm(  331): GC_EXPLICIT freed 31 objects / 1448 bytes in 85ms
W/KeyCharacterMap(  481): No keyboard for id 0
W/KeyCharacterMap(  481): Using default keymap: /system/usr/keychars/qwerty.kcm.bin
I/ActivityManager(   75): moveTaskToBack: 7
D/PhoneWindow(  481): couldn't save which view has focus because the focused view android.webkit.WebView@43e77208 has no id.
I/APP     (  481): I 06/12/2011 11:24:16:749 afd48828         AppActivated| Handlers have completed.
I/APP     (  481): I 06/12/2011 11:24:16:772 afd48828    RhodesApplication| New UiState: MainActivityPaused
D/RhodesActivity(  481): RhodesActivity.onPause()
I/APP     (  481): I 06/12/2011 11:24:16:823 0024cfd8           HttpServer| Process URI: '/system/uidestroyed'
I/APP     (  481): I 06/12/2011 11:24:18:232 afd48828       AppDeactivated| Handlers have completed.
I/APP     (  481): I 06/12/2011 11:24:18:236 afd48828    RhodesApplication| New AppState: AppDeactivated
I/APP     (  481): I 06/12/2011 11:24:18:258 afd48828        RhodesService| activityStopped() temporary release wakeLock object
I/APP     (  481): I 06/12/2011 11:24:18:260 afd48828            RhodesApp| callAppActiveCallback
I/APP     (  481): I 06/12/2011 11:24:18:262 afd48828         AppCallbacks| addCommand: APP-DEACTIVATED
I/APP     (  481): I 06/12/2011 11:24:18:264 0021b700         AppCallbacks| process command: APP-DEACTIVATED
I/APP     (  481): I 06/12/2011 11:24:18:264 0021b700         AppCallbacks| ThreadQueue blocked for 300 seconds...
I/APP     (  481): I 06/12/2011 11:24:18:438 0024cfd8           HttpServer| Process URI: '/system/deactivateapp'
D/RhodesActivity(  481): RhodesActivity.onStop()
I/ActivityManager(   75): Starting activity: Intent { act=android.intent.action.MAIN cat=[android.intent.category.LAUNCHER] flg=0x10200000 cmp=com.android.speechrecorder/.SpeechRecorderActivity }
I/ActivityManager(   75): Start proc com.android.speechrecorder for activity com.android.speechrecorder/.SpeechRecorderActivity: pid=499 uid=10003 gids={}
D/dalvikvm(   33): GC_EXPLICIT freed 269 objects / 10288 bytes in 381ms
D/dalvikvm(   33): GC_EXPLICIT freed 37 objects / 1576 bytes in 122ms
D/dalvikvm(   33): GC_EXPLICIT freed 2 objects / 64 bytes in 135ms
D/installd(   35): DexInv: --- BEGIN '/system/app/SpeechRecorder.apk' ---
D/dalvikvm(  505): DexOpt: load 71ms, verify 86ms, opt 3ms
D/installd(   35): DexInv: --- END '/system/app/SpeechRecorder.apk' (success) ---
D/dalvikvm(   75): GREF has increased to 301
I/ActivityManager(   75): Displayed activity com.android.speechrecorder/.SpeechRecorderActivity: 2607 ms (total 2607 ms)
W/KeyCharacterMap(  499): No keyboard for id 0
W/KeyCharacterMap(  499): Using default keymap: /system/usr/keychars/qwerty.kcm.bin
I/ActivityManager(   75): Starting activity: Intent { act=android.intent.action.MAIN cat=[android.intent.category.LAUNCHER] flg=0x10200000 cmp=com.rhomobile.allosante/com.rhomobile.rhodes.RhodesActivity }
D/RhodesActivity(  481): RhodesActivity.onNewIntent()
I/APP     (  481): I 06/12/2011 11:24:32:208 afd48828            RhodesApp| callAppActiveCallback
I/APP     (  481): I 06/12/2011 11:24:32:210 afd48828         AppCallbacks| addCommand: APP-ACTIVATED
I/APP     (  481): I 06/12/2011 11:24:32:226 0021b700            RhodesApp| restart local server.
I/APP     (  481): I 06/12/2011 11:24:32:228 0021b700           HttpServer| Stopping server...
I/APP     (  481): I 06/12/2011 11:24:32:231 0024cfd8           HttpServer| Start HTTP server
I/APP     (  481): I 06/12/2011 11:24:32:233 0024cfd8         AppCallbacks| addCommand: LOCAL-SERVER-STARTED
I/APP     (  481): I 06/12/2011 11:24:32:242 0021b700         AppCallbacks| Received command APP-ACTIVATED which is greater than expected (LOCAL-SERVER-STARTED) - postpone it
I/APP     (  481): I 06/12/2011 11:24:32:250 0021b700         AppCallbacks| process command: LOCAL-SERVER-STARTED
I/APP     (  481): I 06/12/2011 11:24:32:262 0021b700           AppStarted| Handlers have completed.
D/dalvikvm(  481): GC_FOR_MALLOC freed 2570 objects / 432440 bytes in 115ms
I/APP     (  481): I 06/12/2011 11:24:32:385 0021b700         AppActivated| Handlers have completed.
I/APP     (  481): I 06/12/2011 11:24:32:396 0021b700    RhodesApplication| New AppState: AppActivated
I/APP     (  481): I 06/12/2011 11:24:32:410 0021b700         AppCallbacks| process command: APP-ACTIVATED
I/APP     (  481): I 06/12/2011 11:24:32:433 0024cfd8           HttpServer| Process URI: '/system/activateapp'
I/APP     (  481): I 06/12/2011 11:24:32:467 0021b700         AppCallbacks| ThreadQueue blocked for 300 seconds...
I/APP     (  481): I 06/12/2011 11:24:32:469 0021b700         AppCallbacks| ThreadQueue blocked for 300 seconds...
I/APP     (  481): I 06/12/2011 11:24:32:502 afd48828         AppActivated| Handlers have completed.
I/APP     (  481): I 06/12/2011 11:24:32:504 afd48828    RhodesApplication| New AppState: AppActivated
D/RhodesActivity(  481): RhodesActivity.onStart()
I/APP     (  481): I 06/12/2011 11:24:32:518 afd48828         AppActivated| Handlers have completed.
I/APP     (  481): I 06/12/2011 11:24:32:525 afd48828    RhodesApplication| New UiState: MainActivityStarted
D/RhodesActivity(  481): RhodesActivity.onResume()
D/PackageManager(   75): New package installed in /data/app/com.rhomobile.allosante-2.apk
D/dalvikvm(   75): GC_FOR_MALLOC freed 13986 objects / 712560 bytes in 143ms
I/ActivityManager(   75): Force stopping package com.rhomobile.allosante uid=10036
D/dalvikvm(  206): GC_EXPLICIT freed 1460 objects / 74512 bytes in 87ms
D/dalvikvm(  197): GC_EXPLICIT freed 2734 objects / 139472 bytes in 135ms
W/RecognitionManagerService(   75): no available voice recognition services found
D/dalvikvm(   75): GC_EXPLICIT freed 12005 objects / 651968 bytes in 152ms
I/installd(   35): unlink /data/dalvik-cache/data@app@com.rhomobile.allosante-1.apk@classes.dex
D/AndroidRuntime(  373): Shutting down VM
D/jdwp    (  373): adbd disconnected
I/AndroidRuntime(  373): NOTE: attach of thread 'Binder Thread #3' failed
D/AndroidRuntime(  386): 
D/AndroidRuntime(  386): >>>>>>>>>>>>>> AndroidRuntime START <<<<<<<<<<<<<<
D/AndroidRuntime(  386): CheckJNI is ON
D/AndroidRuntime(  386): --- registering native functions ---
I/ActivityManager(   75): Starting activity: Intent { act=android.intent.action.MAIN flg=0x10000000 cmp=com.rhomobile.allosante/com.rhomobile.rhodes.RhodesActivity }
D/AndroidRuntime(  386): Shutting down VM
D/jdwp    (  386): adbd disconnected
I/AndroidRuntime(  386): NOTE: attach of thread 'Binder Thread #3' failed
I/ActivityManager(   75): Start proc com.rhomobile.allosante for activity com.rhomobile.allosante/com.rhomobile.rhodes.RhodesActivity: pid=393 uid=10036 gids={3003}
D/dalvikvm(  393): Trying to load lib /data/data/com.rhomobile.allosante/lib/librhodes.so 0x43e37cf0
D/dalvikvm(  393): Added shared lib /data/data/com.rhomobile.allosante/lib/librhodes.so 0x43e37cf0
I/ActivityThread(  393): Publishing provider com.rhomobile.allosante: com.rhomobile.rhodes.LocalFileProvider
I/RhodesActivity(  393): >>>>>>>>>>>>>>> onCreate()
D/RhodesActivity(  393): RhodesActivity.onStart()
D/RhodesActivity(  393): RhodesActivity.onResume()
D/RhodesService(  393): Root path: /data/data/com.rhomobile.allosante/rhodata/
D/RhodesService(  393): Sqlite journals path: /data/data/com.rhomobile.allosante/sqlite_stmt_journals/
I/global  (  393): Default buffer size used in BufferedReader constructor. It would be better to be explicit if an 8k-char buffer is required.
I/RhodesService(  393): Application hash was changed
W/ActivityManager(   75): No content provider found for: 
D/RhodesService(  393): Root path: /data/data/com.rhomobile.allosante/rhodata/
D/RhodesService(  393): Sqlite journals path: /data/data/com.rhomobile.allosante/sqlite_stmt_journals/
I/global  (  393): Default buffer size used in BufferedReader constructor. It would be better to be explicit if an 8k-char buffer is required.
I/APP     (  393): I 06/12/2011 11:12:52:184 0021acd8         AppCallbacks| Starting main routine...
I/APP     (  393): I 06/12/2011 11:12:52:179 afd48828            RhodesApp| Trying to get free listening port.
I/APP     (  393): I 06/12/2011 11:12:52:198 afd48828            RhodesApp| Trying to bind of 0 port...
I/APP     (  393): I 06/12/2011 11:12:52:201 afd48828            RhodesApp| Got port to bind on: 54349
I/APP     (  393): I 06/12/2011 11:12:52:202 afd48828            RhodesApp| Free listening port: 54349
I/APP     (  393): I 06/12/2011 11:12:52:220 0021acd8         AppCallbacks| ThreadQueue blocked for 300 seconds...
D/dalvikvm(  393): GC_FOR_MALLOC freed 5519 objects / 349856 bytes in 123ms
I/APP     (  393): I 06/12/2011 11:12:52:466 afd48828               Rhodes| Loading...
I/APP     (  393): I 06/12/2011 11:12:52:772 00249838            RhodesApp| Starting RhodesApp main routine...
I/APP     (  393): I 06/12/2011 11:12:52:749 afd48828            RhodesApp| callAppActiveCallback
I/APP     (  393): I 06/12/2011 11:12:52:803 afd48828         AppCallbacks| addCommand: APP-ACTIVATED
I/APP     (  393): I 06/12/2011 11:12:52:811 0021acd8         AppCallbacks| Received command APP-ACTIVATED which is greater than expected (LOCAL-SERVER-STARTED) - postpone it
I/APP     (  393): I 06/12/2011 11:12:52:814 0021acd8         AppCallbacks| ThreadQueue blocked for 300 seconds...
I/APP     (  393): I 06/12/2011 11:12:52:833 afd48828         AppActivated| Cannot commit now, application will be activated when started.
I/APP     (  393): I 06/12/2011 11:12:52:836 afd48828            Undefined| Handlers have completed.
I/APP     (  393): I 06/12/2011 11:12:52:862 afd48828    RhodesApplication| New AppState: Undefined
I/APP     (  393): I 06/12/2011 11:12:52:903 afd48828        RhodesService| handleCommand: startId=1, source=com.rhomobile.rhodes.BaseActivity
I/APP     (  393): I 06/12/2011 11:12:52:905 afd48828        RhodesService| New activity was created
I/APP     (  393): I 06/12/2011 11:12:53:011 afd48828         AppCallbacks| addCommand: UI-CREATED
I/APP     (  393): I 06/12/2011 11:12:53:015 0021acd8         AppCallbacks| Received command UI-CREATED which is greater than expected (LOCAL-SERVER-STARTED) - postpone it
I/APP     (  393): I 06/12/2011 11:12:53:017 0021acd8         AppCallbacks| ThreadQueue blocked for 300 seconds...
I/APP     (  393): I 06/12/2011 11:12:53:294 afd48828       RhodesActivity| onServiceConnected: {com.rhomobile.allosante/com.rhomobile.rhodes.RhodesService}
I/APP     (  393): I 06/12/2011 11:12:53:843 00249838              RhoRuby| Init_RhoBlobs: /data/data/com.rhomobile.allosante/rhodata/db/db-files
I/APP     (  393): I 06/12/2011 11:12:53:916 00249838              RhoRuby| require_compiled: rhoframework
I/APP     (  393): I 06/12/2011 11:12:54:027 00249838              RhoRuby| require_compiled: rational
I/APP     (  393): I 06/12/2011 11:12:54:069 00249838              RhoRuby| require_compiled: rhom/rhom_db_adapter
I/APP     (  393): I 06/12/2011 11:12:54:275 00249838              RhoRuby| require_compiled: rhodes
I/APP     (  393): I 06/12/2011 11:12:54:325 00249838              RhoRuby| require_compiled: rhom/rhom_object
I/APP     (  393): I 06/12/2011 11:12:54:416 00249838              RhoRuby| require_compiled: rhofsconnector
I/APP     (  393): I 06/12/2011 11:12:54:446 00249838              RhoRuby| require_compiled: rho/rhofsconnector
I/APP     (  393): I 06/12/2011 11:12:54:519 00249838              RhoRuby| require_compiled: rhom/rhom_object_factory
I/ActivityManager(   75): Displayed activity com.rhomobile.allosante/com.rhomobile.rhodes.RhodesActivity: 5371 ms (total 5371 ms)
I/APP     (  393): I 06/12/2011 11:12:55:630 00249838              RhoRuby| require_compiled: rhom/rhom
I/APP     (  393): I 06/12/2011 11:12:55:685 00249838              RhoRuby| require_compiled: rhom/rhom_model
I/APP     (  393): I 06/12/2011 11:12:55:739 00249838              RhoRuby| require_compiled: rhom
I/APP     (  393): I 06/12/2011 11:12:55:769 00249838              RhoRuby| require_compiled: rho/rhoapplication
I/APP     (  393): I 06/12/2011 11:12:55:833 00249838              RhoRuby| require_compiled: rholang/localization_simplified
I/APP     (  393): I 06/12/2011 11:12:55:902 00249838                  APP| Current locale: ld; Country code: us
I/APP     (  393): I 06/12/2011 11:12:55:906 00249838                  APP| file: /data/data/com.rhomobile.allosante/rhodata/lib/rholang/lang_
I/APP     (  393): I 06/12/2011 11:12:55:927 00249838                  APP| Could not find resources for locale: ld;file: /data/data/com.rhomobile.allosante/rhodata/lib/rholang/lang_
I/APP     (  393): I 06/12/2011 11:12:55:933 00249838                  APP| Load english resources.
I/APP     (  393): I 06/12/2011 11:12:55:940 00249838              RhoRuby| require_compiled: /data/data/com.rhomobile.allosante/rhodata/lib/rholang/lang_en
I/APP     (  393): I 06/12/2011 11:12:55:995 00249838              RhoRuby| require_compiled: rho/rhomsg
I/APP     (  393): I 06/12/2011 11:12:56:020 00249838                  APP| Current locale: ld; Country code: us
I/APP     (  393): I 06/12/2011 11:12:56:024 00249838                  APP| file: /data/data/com.rhomobile.allosante/rhodata/lib/rholang/rhomsg_
I/APP     (  393): I 06/12/2011 11:12:56:044 00249838                  APP| Could not find resources for locale: ld;file: /data/data/com.rhomobile.allosante/rhodata/lib/rholang/rhomsg_
I/APP     (  393): I 06/12/2011 11:12:56:048 00249838                  APP| Load english resources.
I/APP     (  393): I 06/12/2011 11:12:56:068 00249838              RhoRuby| require_compiled: /data/data/com.rhomobile.allosante/rhodata/lib/rholang/rhomsg_en
I/APP     (  393): I 06/12/2011 11:12:56:093 00249838              RhoRuby| require_compiled: rho/rhotabbar
I/APP     (  393): I 06/12/2011 11:12:56:125 00249838              RhoRuby| require_compiled: rho/rhotoolbar
I/APP     (  393): I 06/12/2011 11:12:56:155 00249838              RhoRuby| require_compiled: indifferent_access
I/APP     (  393): I 06/12/2011 11:12:56:226 00249838              RhoRuby| require_compiled: rho/rhosupport
I/APP     (  393): I 06/12/2011 11:12:56:295 00249838              RhoRuby| require_compiled: rho/rhocontroller
I/APP     (  393): I 06/12/2011 11:12:56:350 00249838              RhoRuby| require_compiled: rho/render
I/APP     (  393): I 06/12/2011 11:12:56:461 00249838              RhoRuby| require_compiled: rho/rho
I/APP     (  393): I 06/12/2011 11:12:56:766 00249838              RhoRuby| require_compiled: rho/rhoerror
I/APP     (  393): I 06/12/2011 11:12:56:804 00249838                  APP| Current locale: ld; Country code: us
I/APP     (  393): I 06/12/2011 11:12:56:807 00249838                  APP| file: /data/data/com.rhomobile.allosante/rhodata/lib/rholang/rhoerror_
I/APP     (  393): I 06/12/2011 11:12:56:828 00249838                  APP| Could not find resources for locale: ld;file: /data/data/com.rhomobile.allosante/rhodata/lib/rholang/rhoerror_
I/APP     (  393): I 06/12/2011 11:12:56:834 00249838                  APP| Load english resources.
I/APP     (  393): I 06/12/2011 11:12:56:840 00249838              RhoRuby| require_compiled: /data/data/com.rhomobile.allosante/rhodata/lib/rholang/rhoerror_en
I/APP     (  393): I 06/12/2011 11:12:56:884 00249838              RhoRuby| require_compiled: rhom/rhom_source
I/APP     (  393): I 06/12/2011 11:12:56:943 00249838              RhoRuby| require_compiled: rho/rhoviewhelpers
I/APP     (  393): I 06/12/2011 11:12:56:999 00249838              RhoRuby| require_compiled: rho
I/APP     (  393): I 06/12/2011 11:12:57:032 00249838                  APP| RHO loaded
I/APP     (  393): I 06/12/2011 11:12:57:036 00249838                  APP| Calling RHO.initialize
I/APP     (  393): I 06/12/2011 11:12:57:062 00249838                   DB| Open DB: /data/data/com.rhomobile.allosante/rhodata/db/syncdbuser.sqlite
I/APP     (  393): I 06/12/2011 11:12:57:164 00249838            RhodesApp| Starting sync engine...
I/APP     (  393): I 06/12/2011 11:12:57:168 00249838                 Sync| sync_poll_interval: 0
I/APP     (  393): I 06/12/2011 11:12:57:187 00249838                 Sync| syncserver: 
I/APP     (  393): I 06/12/2011 11:12:57:219 00249838                 Sync| bulksync_state: 0
I/APP     (  393): I 06/12/2011 11:12:57:226 00249838            RhodesApp| RhoRubyInitApp...
I/APP     (  393): I 06/12/2011 11:12:57:232 00249838                  APP| init_app
I/APP     (  393): I 06/12/2011 11:12:57:256 00249838              RhoRuby| require_compiled: application
I/APP     (  393): I 06/12/2011 11:12:57:283 00249838                  APP| Current locale: ld; Country code: us
I/APP     (  393): I 06/12/2011 11:12:57:290 00249838                  APP| Could not find resources for locale: ld;file: /data/data/com.rhomobile.allosante/rhodata/apps/app/lang/lang_
I/APP     (  393): I 06/12/2011 11:12:57:315 00249838                  APP| on_reinstall_config_update: {"LogToOutput"=>["0", "1"]}
I/APP     (  393): I 06/12/2011 11:12:57:345 00249838           HttpServer| Start HTTP server
I/APP     (  393): I 06/12/2011 11:12:57:349 00249838         AppCallbacks| addCommand: LOCAL-SERVER-STARTED
I/APP     (  393): I 06/12/2011 11:12:57:360 0021acd8         AppCallbacks| process command: LOCAL-SERVER-STARTED
I/APP     (  393): I 06/12/2011 11:12:57:377 0021acd8           AppStarted| Handlers have completed.
I/APP     (  393): I 06/12/2011 11:12:57:386 0021acd8         AppActivated| Handlers have completed.
I/APP     (  393): I 06/12/2011 11:12:57:406 0021acd8    RhodesApplication| New AppState: AppActivated
I/APP     (  393): I 06/12/2011 11:12:57:442 0021acd8         AppCallbacks| process command: UI-CREATED
I/APP     (  393): I 06/12/2011 11:12:57:494 00249838           HttpServer| Process URI: '/system/uicreated'
I/APP     (  393): I 06/12/2011 11:12:57:502 00249838                  APP| on_ui_created.navigate to start url: '/app'
I/APP     (  393): I 06/12/2011 11:12:57:629 0021acd8         AppCallbacks| process command: APP-ACTIVATED
I/APP     (  393): I 06/12/2011 11:12:57:718 00249838           HttpServer| Process URI: '/system/activateapp'
I/APP     (  393): I 06/12/2011 11:12:57:745 0021acd8         AppCallbacks| ThreadQueue blocked for 300 seconds...
V/SimpleMainView(  393): ms[1307877177854] processForNativeView : [http://127.0.0.1:54349/app]
V/SimpleMainView.View(  393): ms[1307877177967]  Main Window :: onSizeChanged() old [ 480 x 775 ]  new [ 0 x 0 ]
I/APP     (  393): I 06/12/2011 11:12:58:516 00249838           HttpServer| Process URI: '/app'
D/dalvikvm(  393): GC_FOR_MALLOC freed 2465 objects / 467568 bytes in 96ms
D/webviewglue(  393): nativeDestroy view: 0x2e8448
I/APP     (  393): I 06/12/2011 11:12:58:886 00249838           HttpServer| Process URI: '/app/index_erb.iseq'
I/APP     (  393): I 06/12/2011 11:12:58:907 00249838                  APP| RHO serve_index: /app/index_erb.iseq
I/APP     (  393): I 06/12/2011 11:12:58:937 00249838 RHO Rho::RhoController| inst_render_index
I/APP     (  393): I 06/12/2011 11:12:58:999 00249838 RHO Rho::RhoController| index layout
I/APP     (  393): I 06/12/2011 11:12:59:604 00249838           HttpServer| Process URI: '/public/jqtouch/jquery.1.3.2.min.js'
I/APP     (  393): I 06/12/2011 11:13:00:114 00249838           HttpServer| Process URI: '/public/jqtouch/jqtouch.js'
I/APP     (  393): I 06/12/2011 11:13:00:376 00249838           HttpServer| Process URI: '/public/jqtouch/jqtouch.css'
I/APP     (  393): I 06/12/2011 11:13:00:533 00249838           HttpServer| Process URI: '/public/css/android.css'
I/APP     (  393): I 06/12/2011 11:13:03:289 00249838           HttpServer| Process URI: '/public/images/android/disclosure.png'
D/dalvikvm(  206): GC_EXPLICIT freed 669 objects / 37768 bytes in 97ms
D/dalvikvm(  331): GC_EXPLICIT freed 715 objects / 53152 bytes in 211ms
D/dalvikvm(  393): GC_FOR_MALLOC freed 2322 objects / 468928 bytes in 98ms
W/KeyCharacterMap(  393): No keyboard for id 0
W/KeyCharacterMap(  393): Using default keymap: /system/usr/keychars/qwerty.kcm.bin
I/ActivityManager(   75): moveTaskToBack: 5
D/PhoneWindow(  393): couldn't save which view has focus because the focused view android.webkit.WebView@43e77208 has no id.
I/APP     (  393): I 06/12/2011 11:13:41:113 afd48828         AppActivated| Handlers have completed.
I/APP     (  393): I 06/12/2011 11:13:41:128 afd48828    RhodesApplication| New UiState: MainActivityPaused
D/RhodesActivity(  393): RhodesActivity.onPause()
I/APP     (  393): I 06/12/2011 11:13:41:175 00249838           HttpServer| Process URI: '/system/uidestroyed'
W/InputManagerService(   75): Window already focused, ignoring focus gain of: com.android.internal.view.IInputMethodClient$Stub$Proxy@43f4cfb0
I/APP     (  393): I 06/12/2011 11:13:42:694 afd48828       AppDeactivated| Handlers have completed.
I/APP     (  393): I 06/12/2011 11:13:42:698 afd48828    RhodesApplication| New AppState: AppDeactivated
I/APP     (  393): I 06/12/2011 11:13:42:723 afd48828        RhodesService| activityStopped() temporary release wakeLock object
I/APP     (  393): I 06/12/2011 11:13:42:726 afd48828            RhodesApp| callAppActiveCallback
I/APP     (  393): I 06/12/2011 11:13:42:772 afd48828         AppCallbacks| addCommand: APP-DEACTIVATED
I/APP     (  393): I 06/12/2011 11:13:42:775 0021acd8         AppCallbacks| process command: APP-DEACTIVATED
I/APP     (  393): I 06/12/2011 11:13:42:776 0021acd8         AppCallbacks| ThreadQueue blocked for 300 seconds...
I/APP     (  393): I 06/12/2011 11:13:42:964 00249838           HttpServer| Process URI: '/system/deactivateapp'
D/RhodesActivity(  393): RhodesActivity.onStop()
D/dalvikvm(  206): GC_EXTERNAL_ALLOC freed 216 objects / 13528 bytes in 94ms
I/ActivityManager(   75): Starting activity: Intent { act=android.intent.action.MAIN cat=[android.intent.category.LAUNCHER] flg=0x10200000 cmp=com.rhomobile.allosante/com.rhomobile.rhodes.RhodesActivity }
D/RhodesActivity(  393): RhodesActivity.onNewIntent()
I/APP     (  393): I 06/12/2011 11:13:50:120 afd48828            RhodesApp| callAppActiveCallback
I/APP     (  393): I 06/12/2011 11:13:50:136 afd48828         AppCallbacks| addCommand: APP-ACTIVATED
I/APP     (  393): I 06/12/2011 11:13:50:139 0021acd8            RhodesApp| restart local server.
I/APP     (  393): I 06/12/2011 11:13:50:141 0021acd8           HttpServer| Stopping server...
I/APP     (  393): I 06/12/2011 11:13:50:147 00249838           HttpServer| Start HTTP server
I/APP     (  393): I 06/12/2011 11:13:50:150 00249838         AppCallbacks| addCommand: LOCAL-SERVER-STARTED
I/APP     (  393): I 06/12/2011 11:13:50:186 0021acd8         AppCallbacks| Received command APP-ACTIVATED which is greater than expected (LOCAL-SERVER-STARTED) - postpone it
I/APP     (  393): I 06/12/2011 11:13:50:192 0021acd8         AppCallbacks| process command: LOCAL-SERVER-STARTED
I/APP     (  393): I 06/12/2011 11:13:50:190 afd48828         AppActivated| Handlers have completed.
I/APP     (  393): I 06/12/2011 11:13:50:224 afd48828    RhodesApplication| New AppState: AppActivated
D/RhodesActivity(  393): RhodesActivity.onStart()
I/APP     (  393): I 06/12/2011 11:13:50:228 afd48828         AppActivated| Handlers have completed.
I/APP     (  393): I 06/12/2011 11:13:50:252 0021acd8           AppStarted| Handlers have completed.
I/APP     (  393): I 06/12/2011 11:13:50:255 0021acd8         AppActivated| Handlers have completed.
I/APP     (  393): I 06/12/2011 11:13:50:266 0021acd8    RhodesApplication| New AppState: AppActivated
I/APP     (  393): I 06/12/2011 11:13:50:270 0021acd8         AppCallbacks| process command: APP-ACTIVATED
I/APP     (  393): I 06/12/2011 11:13:50:269 afd48828    RhodesApplication| New UiState: MainActivityStarted
D/RhodesActivity(  393): RhodesActivity.onResume()
I/APP     (  393): I 06/12/2011 11:13:50:415 00249838           HttpServer| Process URI: '/system/activateapp'
I/APP     (  393): I 06/12/2011 11:13:50:553 0021acd8         AppCallbacks| ThreadQueue blocked for 300 seconds...
I/APP     (  393): I 06/12/2011 11:13:50:626 0021acd8         AppCallbacks| ThreadQueue blocked for 300 seconds...
